<html>
<body>
<pre>
<h1>µVision Build Log</h1>
<h2>Tool Versions:</h2>
IDE-Version: µVision V5.18.0.0
Copyright (C) 2016 ARM Ltd and ARM Germany GmbH. All rights reserved.
License Information: kh DKhanh, kd, LIC=WHYII-TMZS4-013P1-CJ63J-JBCKU-PXE43
 
Tool Versions:
Toolchain:       MDK-ARM Standard  Version: 5.18
Toolchain Path:  C:\Keil_v5\ARM\ARMCC\Bin
C Compiler:      Armcc.exe V5.06 update 1 (build 61)
Assembler:       Armasm.exe V5.06 update 1 (build 61)
Linker/Locator:  ArmLink.exe V5.06 update 1 (build 61)
Library Manager: ArmAr.exe V5.06 update 1 (build 61)
Hex Converter:   FromElf.exe V5.06 update 1 (build 61)
CPU DLL:         SARMCM3.DLL V5.18
Dialog DLL:      DCM.DLL V1.13.6.0
Target DLL:      STLink\ST-LINKIII-KEIL_SWO.dll V2.0.18.0
Dialog DLL:      TCM.DLL V1.14.8.0
 
<h2>Project:</h2>
E:\WorkSpace\Project\BallBot_V1\firmware\MDK-ARM\BallBot_V1.uvprojx
Project File Date:  03/30/2016

<h2>Output:</h2>
*** Using Compiler 'V5.06 update 1 (build 61)', folder: 'C:\Keil_v5\ARM\ARMCC\Bin'
Build target 'BallBot_V1'
compiling Encoder.c...
..\Source\Encoder.c(44): warning:  #177-D: variable "Encoder_NVIC_InitStructure" was declared but never referenced
  	NVIC_InitTypeDef 						Encoder_NVIC_InitStructure;
..\Source\Encoder.c(186): warning:  #223-D: function "abs" declared implicitly
  	counterEncoderPulse[0] = abs( TIM_GetCounter(EncoderA_TIMER) - OldCountEncoderA ) ;
..\Source\Encoder.c: 2 warnings, 0 errors
linking...
Program Size: Code=6596 RO-data=424 RW-data=160 ZI-data=1736  
".\Project\BallBot_V1.axf" - 0 Error(s), 2 Warning(s).

<h2>Collection of Component include folders:</h2>
  E:\WorkSpace\Project\BallBot_V1\firmware\MDK-ARM\RTE
  C:\Keil_v5\ARM\PACK\Keil\STM32F4xx_DFP\2.7.0\Drivers\CMSIS\Device\ST\STM32F4xx\Include

<h2>Collection of Component Files used:</h2>
Build Time Elapsed:  00:00:02
</pre>
</body>
</html>
