<html>
<body>
<pre>
<h1>µVision Build Log</h1>
<h2>Tool Versions:</h2>
IDE-Version: µVision V5.16a
Copyright (C) 2015 ARM Ltd and ARM Germany GmbH. All rights reserved.
License Information: Vu Long, HCMUT, LIC=ZB445-G31XM-5T73W-QGY93-EWBZ7-H72RI
 
Tool Versions:
Toolchain:       MDK-ARM Standard  Version: 5.16a
Toolchain Path:  D:\Keil_v5\ARM\ARMCC\Bin
C Compiler:      Armcc.exe V5.06 (build 20)
Assembler:       Armasm.exe V5.06 (build 20)
Linker/Locator:  ArmLink.exe V5.06 (build 20)
Library Manager: ArmAr.exe V5.06 (build 20)
Hex Converter:   FromElf.exe V5.06 (build 20)
CPU DLL:         SARMCM3.DLL V5.16a
Dialog DLL:      DCM.DLL V1.13.2.0
Target DLL:      STLink\ST-LINKIII-KEIL_SWO.dll V2.0.17.0
Dialog DLL:      TCM.DLL V1.14.5.0
 
<h2>Project:</h2>
D:\Drive\Workspace\SourceTree\BallBot-REV1.1\firmware\MDK-ARM\EXIT.uvprojx
Project File Date:  04/13/2016

<h2>Output:</h2>
*** Using Compiler 'V5.06 (build 20)', folder: 'D:\Keil_v5\ARM\ARMCC\Bin'
Build target 'BallBot'
compiling stm32f4xx_it.c...
compiling MotorControl.c...
..\Source\MotorControl.c(31): warning:  #188-D: enumerated type mixed with another type
  		GPIO_WriteBit(
OTOR_A_DIR_BASE, 
OTOR_A_DIR_PIN, moterDir);
..\Source\MotorControl.c(38): warning:  #188-D: enumerated type mixed with another type
  		GPIO_WriteBit(
OTOR_B_DIR_BASE, 
OTOR_B_DIR_PIN, moterDir);
..\Source\MotorControl.c(45): warning:  #188-D: enumerated type mixed with another type
  		GPIO_WriteBit(
OTOR_C_DIR_BASE, 
OTOR_C_DIR_PIN, moterDir);
..\Source\MotorControl.c(52): warning:  #188-D: enumerated type mixed with another type
  		GPIO_WriteBit(
OTOR_D_DIR_BASE, 
OTOR_D_DIR_PIN, moterDir);
..\Source\MotorControl.c(166): warning:  #223-D: function "lroundf" declared implicitly
  	temp.Speed = lroundf(fabs(localControlSignal)/MAX_CONTROL_SIGNAL);
..\Source\MotorControl.c: 5 warnings, 0 errors
compiling main.c...
compiling IMU.c...
..\Source\IMU.c(58): warning:  #167-D: argument of type "volatile int16_t *" is incompatible with parameter of type "int16_t *"
  		MPUgetAcceleration(accel_value);
..\Source\IMU.c(59): warning:  #167-D: argument of type "volatile int16_t *" is incompatible with parameter of type "int16_t *"
  		MPUgetRotation(gyro_value);
..\Source\IMU.c(82): warning:  #167-D: argument of type "volatile int16_t *" is incompatible with parameter of type "int16_t *"
  		MPUgetRotation(gyro_zero); 
..\Source\IMU.c: 3 warnings, 0 errors
compiling Controller.c...
compiling Button.c...
compiling PID.c...
..\Source\PID.c(59): warning:  #550-D: parameter "localPIDParameters" was set but never used
  void PIDsetKParameters(PID_PARAMETERS localPIDParameters, float localKp, float localKi, float localKd)
..\Source\PID.c: 1 warning, 0 errors
compiling Encoder.c...
compiling UART.c...
compiling Feedback.c...
compiling MPU6050.c...
compiling MPU6050_I2C.c...
linking...
Program Size: Code=12104 RO-data=576 RW-data=340 ZI-data=2140  
".\Project\BallBot.axf" - 0 Error(s), 9 Warning(s).

<h2>Collection of Component include folders:</h2>
  D:\Drive\Workspace\SourceTree\BallBot-REV1.1\firmware\MDK-ARM\RTE
  D:\Keil_v5\ARM\PACK\Keil\STM32F4xx_DFP\2.7.0\Drivers\CMSIS\Device\ST\STM32F4xx\Include

<h2>Collection of Component Files used:</h2>
Build Time Elapsed:  00:00:08
</pre>
</body>
</html>
