Component: ARM Compiler 5.06 update 1 (build 61) Tool: armlink [4d35a8]

==============================================================================

Section Cross References

    main.o(i.GPIOConfig) refers to stm32f4xx_rcc.o(i.RCC_AHB1PeriphClockCmd) for RCC_AHB1PeriphClockCmd
    main.o(i.GPIOConfig) refers to stm32f4xx_gpio.o(i.GPIO_Init) for GPIO_Init
    main.o(i.main) refers to scanf1.o(x$fpl$scanf1) for _scanf_real
    main.o(i.main) refers to _printf_pad.o(.text) for _printf_pre_padding
    main.o(i.main) refers to _printf_percent.o(.ARM.Collect$$_printf_percent$$00000000) for _printf_percent
    main.o(i.main) refers to _printf_f.o(.ARM.Collect$$_printf_percent$$00000003) for _printf_f
    main.o(i.main) refers to printf1.o(x$fpl$printf1) for _printf_fp_dec
    main.o(i.main) refers to main.o(i.GPIOConfig) for GPIOConfig
    main.o(i.main) refers to uart.o(i.USART_Configuration) for USART_Configuration
    main.o(i.main) refers to motorcontrol.o(i.PWMConfig) for PWMConfig
    main.o(i.main) refers to motorcontrol.o(i.motorDirConfig) for motorDirConfig
    main.o(i.main) refers to encoder.o(i.encoderInit) for encoderInit
    main.o(i.main) refers to button.o(i.initButtonOnDiscoveryBoard) for initButtonOnDiscoveryBoard
    main.o(i.main) refers to motorcontrol.o(i.PWMControl) for PWMControl
    main.o(i.main) refers to __0scanf.o(.text) for __0scanf
    main.o(i.main) refers to f2d.o(x$fpl$f2d) for __aeabi_f2d
    main.o(i.main) refers to noretval__2printf.o(.text) for __2printf
    main.o(i.main) refers to system_stm32f4xx.o(.data) for SystemCoreClock
    main.o(i.main) refers to main.o(.data) for PWM_motorADutyCycle
    stm32f4xx_it.o(i.EXTI0_IRQHandler) refers to stm32f4xx_exti.o(i.EXTI_GetITStatus) for EXTI_GetITStatus
    stm32f4xx_it.o(i.EXTI0_IRQHandler) refers to stm32f4xx_gpio.o(i.GPIO_ReadInputDataBit) for GPIO_ReadInputDataBit
    stm32f4xx_it.o(i.EXTI0_IRQHandler) refers to stm32f4xx_gpio.o(i.GPIO_ToggleBits) for GPIO_ToggleBits
    stm32f4xx_it.o(i.EXTI0_IRQHandler) refers to stm32f4xx_exti.o(i.EXTI_ClearITPendingBit) for EXTI_ClearITPendingBit
    stm32f4xx_it.o(i.EXTI0_IRQHandler) refers to stm32f4xx_it.o(.data) for count
    stm32f4xx_it.o(i.EXTI0_IRQHandler) refers to main.o(.data) for PWM_motorADutyCycle
    stm32f4xx_it.o(i.TIM3_IRQHandler) refers to stm32f4xx_tim.o(i.TIM_GetITStatus) for TIM_GetITStatus
    stm32f4xx_it.o(i.TIM3_IRQHandler) refers to stm32f4xx_tim.o(i.TIM_ClearITPendingBit) for TIM_ClearITPendingBit
    stm32f4xx_it.o(i.TIM3_IRQHandler) refers to encoder.o(.data) for NumEncoder
    system_stm32f4xx.o(i.SystemCoreClockUpdate) refers to system_stm32f4xx.o(.data) for SystemCoreClock
    system_stm32f4xx.o(i.SystemInit) refers to system_stm32f4xx.o(i.SetSysClock) for SetSysClock
    startup_stm32f40xx.o(STACK) refers (Special) to heapauxi.o(.text) for __use_two_region_memory
    startup_stm32f40xx.o(HEAP) refers (Special) to heapauxi.o(.text) for __use_two_region_memory
    startup_stm32f40xx.o(RESET) refers (Special) to heapauxi.o(.text) for __use_two_region_memory
    startup_stm32f40xx.o(RESET) refers to startup_stm32f40xx.o(STACK) for __initial_sp
    startup_stm32f40xx.o(RESET) refers to startup_stm32f40xx.o(.text) for Reset_Handler
    startup_stm32f40xx.o(RESET) refers to stm32f4xx_it.o(i.NMI_Handler) for NMI_Handler
    startup_stm32f40xx.o(RESET) refers to stm32f4xx_it.o(i.HardFault_Handler) for HardFault_Handler
    startup_stm32f40xx.o(RESET) refers to stm32f4xx_it.o(i.MemManage_Handler) for MemManage_Handler
    startup_stm32f40xx.o(RESET) refers to stm32f4xx_it.o(i.BusFault_Handler) for BusFault_Handler
    startup_stm32f40xx.o(RESET) refers to stm32f4xx_it.o(i.UsageFault_Handler) for UsageFault_Handler
    startup_stm32f40xx.o(RESET) refers to stm32f4xx_it.o(i.SVC_Handler) for SVC_Handler
    startup_stm32f40xx.o(RESET) refers to stm32f4xx_it.o(i.DebugMon_Handler) for DebugMon_Handler
    startup_stm32f40xx.o(RESET) refers to stm32f4xx_it.o(i.PendSV_Handler) for PendSV_Handler
    startup_stm32f40xx.o(RESET) refers to stm32f4xx_it.o(i.SysTick_Handler) for SysTick_Handler
    startup_stm32f40xx.o(RESET) refers to stm32f4xx_it.o(i.EXTI0_IRQHandler) for EXTI0_IRQHandler
    startup_stm32f40xx.o(RESET) refers to stm32f4xx_it.o(i.TIM3_IRQHandler) for TIM3_IRQHandler
    startup_stm32f40xx.o(.text) refers (Special) to heapauxi.o(.text) for __use_two_region_memory
    startup_stm32f40xx.o(.text) refers to system_stm32f4xx.o(i.SystemInit) for SystemInit
    startup_stm32f40xx.o(.text) refers to __main.o(!!!main) for __main
    startup_stm32f40xx.o(.text) refers to startup_stm32f40xx.o(HEAP) for Heap_Mem
    startup_stm32f40xx.o(.text) refers to startup_stm32f40xx.o(STACK) for Stack_Mem
    stm32f4xx_adc.o(i.ADC_DeInit) refers to stm32f4xx_rcc.o(i.RCC_APB2PeriphResetCmd) for RCC_APB2PeriphResetCmd
    stm32f4xx_i2c.o(i.I2C_DeInit) refers to stm32f4xx_rcc.o(i.RCC_APB1PeriphResetCmd) for RCC_APB1PeriphResetCmd
[...]
    i.SysTick_Handler                        0x08003178   Section        0  stm32f4xx_it.o(i.SysTick_Handler)
    i.SystemInit                             0x0800317c   Section        0  system_stm32f4xx.o(i.SystemInit)
    i.TI1_Config                             0x080031e4   Section        0  stm32f4xx_tim.o(i.TI1_Config)
    TI1_Config                               0x080031e5   Thumb Code    58  stm32f4xx_tim.o(i.TI1_Config)
    i.TI2_Config                             0x0800321e   Section        0  stm32f4xx_tim.o(i.TI2_Config)
    TI2_Config                               0x0800321f   Thumb Code    80  stm32f4xx_tim.o(i.TI2_Config)
    i.TI3_Config                             0x0800326e   Section        0  stm32f4xx_tim.o(i.TI3_Config)
    TI3_Config                               0x0800326f   Thumb Code    72  stm32f4xx_tim.o(i.TI3_Config)
    i.TI4_Config                             0x080032b6   Section        0  stm32f4xx_tim.o(i.TI4_Config)
    TI4_Config                               0x080032b7   Thumb Code    80  stm32f4xx_tim.o(i.TI4_Config)
    i.TIM3_IRQHandler                        0x08003308   Section        0  stm32f4xx_it.o(i.TIM3_IRQHandler)
    i.TIM_ARRPreloadConfig                   0x08003338   Section        0  stm32f4xx_tim.o(i.TIM_ARRPreloadConfig)
    i.TIM_ClearITPendingBit                  0x08003350   Section        0  stm32f4xx_tim.o(i.TIM_ClearITPendingBit)
    i.TIM_Cmd                                0x08003356   Section        0  stm32f4xx_tim.o(i.TIM_Cmd)
    i.TIM_EncoderInterfaceConfig             0x0800336e   Section        0  stm32f4xx_tim.o(i.TIM_EncoderInterfaceConfig)
    i.TIM_GetITStatus                        0x080033b0   Section        0  stm32f4xx_tim.o(i.TIM_GetITStatus)
    i.TIM_ICInit                             0x080033d2   Section        0  stm32f4xx_tim.o(i.TIM_ICInit)
    i.TIM_ITConfig                           0x08003440   Section        0  stm32f4xx_tim.o(i.TIM_ITConfig)
    i.TIM_OC2Init                            0x08003454   Section        0  stm32f4xx_tim.o(i.TIM_OC2Init)
    i.TIM_OC2PreloadConfig                   0x080034f8   Section        0  stm32f4xx_tim.o(i.TIM_OC2PreloadConfig)
    i.TIM_OC3Init                            0x08003514   Section        0  stm32f4xx_tim.o(i.TIM_OC3Init)
    i.TIM_OC3PreloadConfig                   0x080035b4   Section        0  stm32f4xx_tim.o(i.TIM_OC3PreloadConfig)
    i.TIM_OC4Init                            0x080035c8   Section        0  stm32f4xx_tim.o(i.TIM_OC4Init)
    i.TIM_OC4PreloadConfig                   0x08003640   Section        0  stm32f4xx_tim.o(i.TIM_OC4PreloadConfig)
    i.TIM_SetCounter                         0x0800365a   Section        0  stm32f4xx_tim.o(i.TIM_SetCounter)
    i.TIM_SetIC1Prescaler                    0x0800365e   Section        0  stm32f4xx_tim.o(i.TIM_SetIC1Prescaler)
    i.TIM_SetIC2Prescaler                    0x08003670   Section        0  stm32f4xx_tim.o(i.TIM_SetIC2Prescaler)
    i.TIM_SetIC3Prescaler                    0x0800368a   Section        0  stm32f4xx_tim.o(i.TIM_SetIC3Prescaler)
    i.TIM_SetIC4Prescaler                    0x0800369c   Section        0  stm32f4xx_tim.o(i.TIM_SetIC4Prescaler)
    i.TIM_TimeBaseInit                       0x080036b8   Section        0  stm32f4xx_tim.o(i.TIM_TimeBaseInit)
    i.USART_Cmd                              0x0800373c   Section        0  stm32f4xx_usart.o(i.USART_Cmd)
    i.USART_Configuration                    0x08003754   Section        0  uart.o(i.USART_Configuration)
    i.USART_GetFlagStatus                    0x080037dc   Section        0  stm32f4xx_usart.o(i.USART_GetFlagStatus)
    i.USART_Init                             0x080037f8   Section        0  stm32f4xx_usart.o(i.USART_Init)
    i.USART_ReceiveData                      0x080038cc   Section        0  stm32f4xx_usart.o(i.USART_ReceiveData)
    i.USART_SendData                         0x080038d6   Section        0  stm32f4xx_usart.o(i.USART_SendData)
    i.UsageFault_Handler                     0x080038de   Section        0  stm32f4xx_it.o(i.UsageFault_Handler)
    i.__ARM_fpclassify                       0x080038e2   Section        0  fpclassify.o(i.__ARM_fpclassify)
    i.__hardfp_ldexp                         0x08003918   Section        0  ldexp.o(i.__hardfp_ldexp)
    i.__mathlib_dbl_overflow                 0x080039e8   Section        0  dunder.o(i.__mathlib_dbl_overflow)
    i.__mathlib_dbl_underflow                0x08003a08   Section        0  dunder.o(i.__mathlib_dbl_underflow)
    i.__mathlib_narrow                       0x08003a28   Section        0  narrow.o(i.__mathlib_narrow)
    i.__support_ldexp                        0x08003ae0   Section        0  ldexp.o(i.__support_ldexp)
    i._is_digit                              0x08003af4   Section        0  __printf_wp.o(i._is_digit)
    i.encoderInit                            0x08003b04   Section        0  encoder.o(i.encoderInit)
    i.encoderReset                           0x08003cc8   Section        0  encoder.o(i.encoderReset)
    i.fgetc                                  0x08003d04   Section        0  uart.o(i.fgetc)
    i.fputc                                  0x08003d14   Section        0  uart.o(i.fputc)
    i.frexp                                  0x08003d38   Section        0  frexp.o(i.frexp)
    i.initButtonOnDiscoveryBoard             0x08003dc4   Section        0  button.o(i.initButtonOnDiscoveryBoard)
    i.main                                   0x08003e38   Section        0  main.o(i.main)
    i.motorDirConfig                         0x08003ef4   Section        0  motorcontrol.o(i.motorDirConfig)
    locale$$code                             0x08003f54   Section       44  lc_numeric_c.o(locale$$code)
    locale$$code                             0x08003f80   Section       44  lc_ctype_c.o(locale$$code)
    x$fpl$d2f                                0x08003fac   Section       98  d2f.o(x$fpl$d2f)
    $v0                                      0x08003fac   Number         0  d2f.o(x$fpl$d2f)
    x$fpl$dcheck1                            0x08004010   Section       16  dcheck1.o(x$fpl$dcheck1)
    $v0                                      0x08004010   Number         0  dcheck1.o(x$fpl$dcheck1)
    x$fpl$dcmpinf                            0x08004020   Section       24  dcmpi.o(x$fpl$dcmpinf)
    $v0                                      0x08004020   Number         0  dcmpi.o(x$fpl$dcmpinf)
    x$fpl$deqf                               0x08004038   Section      120  deqf.o(x$fpl$deqf)
    $v0                                      0x08004038   Number         0  deqf.o(x$fpl$deqf)
    x$fpl$dleqf                              0x080040b0   Section      120  dleqf.o(x$fpl$dleqf)
    $v0                                      0x080040b0   Number         0  dleqf.o(x$fpl$dleqf)
    x$fpl$dmul                               0x08004128   Section      340  dmul.o(x$fpl$dmul)
    $v0                                      0x08004128   Number         0  dmul.o(x$fpl$dmul)
    x$fpl$dnaninf                            0x0800427c   Section      156  dnaninf.o(x$fpl$dnaninf)
    $v0                                      0x0800427c   Number         0  dnaninf.o(x$fpl$dnaninf)
    x$fpl$dretinf                            0x08004318   Section       12  dretinf.o(x$fpl$dretinf)
    $v0                                      0x08004318   Number         0  dretinf.o(x$fpl$dretinf)
    x$fpl$drleqf                             0x08004324   Section      108  drleqf.o(x$fpl$drleqf)
    $v0                                      0x08004324   Number         0  drleqf.o(x$fpl$drleqf)
    x$fpl$f2d                                0x08004390   Section       86  f2d.o(x$fpl$f2d)
    $v0                                      0x08004390   Number         0  f2d.o(x$fpl$f2d)
    x$fpl$fnaninf                            0x080043e6   Section      140  fnaninf.o(x$fpl$fnaninf)
    $v0                                      0x080043e6   Number         0  fnaninf.o(x$fpl$fnaninf)
    x$fpl$fpinit                             0x08004472   Section       10  fpinit.o(x$fpl$fpinit)
    $v0                                      0x08004472   Number         0  fpinit.o(x$fpl$fpinit)
    x$fpl$fretinf                            0x0800447c   Section       10  fretinf.o(x$fpl$fretinf)
    $v0                                      0x0800447c   Number         0  fretinf.o(x$fpl$fretinf)
    x$fpl$printf1                            0x08004486   Section        4  printf1.o(x$fpl$printf1)
    $v0                                      0x08004486   Number         0  printf1.o(x$fpl$printf1)
    x$fpl$retnan                             0x0800448a   Section      100  retnan.o(x$fpl$retnan)
    $v0                                      0x0800448a   Number         0  retnan.o(x$fpl$retnan)
    x$fpl$scalbn                             0x080044ee   Section       92  scalbn.o(x$fpl$scalbn)
    $v0                                      0x080044ee   Number         0  scalbn.o(x$fpl$scalbn)
    x$fpl$scanf1                             0x0800454a   Section        4  scanf1.o(x$fpl$scanf1)
    $v0                                      0x0800454a   Number         0  scanf1.o(x$fpl$scanf1)
    x$fpl$scanf2                             0x0800454e   Section        8  scanf2.o(x$fpl$scanf2)
    $v0                                      0x0800454e   Number         0  scanf2.o(x$fpl$scanf2)
    x$fpl$trapveneer                         0x08004556   Section       48  trapv.o(x$fpl$trapveneer)
    $v0                                      0x08004556   Number         0  trapv.o(x$fpl$trapveneer)
    x$fpl$usenofp                            0x08004586   Section        0  usenofp.o(x$fpl$usenofp)
    .constdata                               0x08004588   Section      148  bigflt0.o(.constdata)
    tenpwrs_x                                0x08004588   Data          60  bigflt0.o(.constdata)
    tenpwrs_i                                0x080045c4   Data          64  bigflt0.o(.constdata)
    .constdata                               0x0800461c   Section        4  sys_io.o(.constdata)
    .constdata                               0x08004620   Section        4  sys_io.o(.constdata)
    .constdata                               0x08004624   Section        4  sys_io.o(.constdata)
    c$$dinf                                  0x08004648   Section        8  fpconst.o(c$$dinf)
    locale$$data                             0x08004650   Section       28  lc_numeric_c.o(locale$$data)
    __lcnum_c_name                           0x08004654   Data           2  lc_numeric_c.o(locale$$data)
    __lcnum_c_start                          0x0800465c   Data           0  lc_numeric_c.o(locale$$data)
    __lcnum_c_point                          0x08004668   Data           0  lc_numeric_c.o(locale$$data)
    __lcnum_c_thousands                      0x0800466a   Data           0  lc_numeric_c.o(locale$$data)
    __lcnum_c_grouping                       0x0800466b   Data           0  lc_numeric_c.o(locale$$data)
    locale$$data                             0x0800466c   Section      272  lc_ctype_c.o(locale$$data)
    __lcnum_c_end                            0x0800466c   Data           0  lc_numeric_c.o(locale$$data)
    __lcctype_c_name                         0x08004670   Data           2  lc_ctype_c.o(locale$$data)
    __lcctype_c_start                        0x08004678   Data           0  lc_ctype_c.o(locale$$data)
    __lcctype_c_end                          0x0800477c   Data           0  lc_ctype_c.o(locale$$data)
    .data                                    0x20000000   Section        8  main.o(.data)
    .data                                    0x20000008   Section        4  stm32f4xx_it.o(.data)
    .data                                    0x2000000c   Section       20  system_stm32f4xx.o(.data)
    .data                                    0x20000020   Section       16  stm32f4xx_rcc.o(.data)
    APBAHBPrescTable                         0x20000020   Data          16  stm32f4xx_rcc.o(.data)
    .data                                    0x20000030   Section       48  encoder.o(.data)
    .data                                    0x20000060   Section        8  uart.o(.data)
    .data                                    0x20000068   Section       20  button.o(.data)
    .data                                    0x2000007c   Section       16  motorcontrol.o(.data)
    .data                                    0x2000008c   Section        4  stdio_streams.o(.data)
    .data                                    0x20000090   Section        4  stdio_streams.o(.data)
    .data                                    0x20000094   Section        4  stdio_streams.o(.data)
    .bss                                     0x20000098   Section       16  uart.o(.bss)
    .bss                                     0x200000a8   Section       32  motorcontrol.o(.bss)
    .bss                                     0x200000c8   Section       84  stdio_streams.o(.bss)
    .bss                                     0x2000011c   Section       84  stdio_streams.o(.bss)
    .bss                                     0x20000170   Section       84  stdio_streams.o(.bss)
    .bss                                     0x200001c4   Section       96  libspace.o(.bss)
    HEAP                                     0x20000228   Section      512  startup_stm32f40xx.o(HEAP)
    Heap_Mem                                 0x20000228   Data         512  startup_stm32f40xx.o(HEAP)
    STACK                                    0x20000428   Section     1024  startup_stm32f40xx.o(STACK)
    Stack_Mem                                0x20000428   Data        1024  startup_stm32f40xx.o(STACK)
    __initial_sp                             0x20000828   Data           0  startup_stm32f40xx.o(STACK)

    Global Symbols

    Symbol Name                              Value     Ov Type        Size  Object(Section)

    BuildAttributes$$THM_ISAv4$E$P$D$K$B$S$7EM$VFPi3$EXTD16$VFPS$VFMA$PE$A:L22UL41UL21$X:L11$S22US41US21$IEEE1$IW$USESV6$~STKCKD$USESV7$~SHL$OTIME$ROPI$IEEEX$EBA8$UX$STANDARDLIB$REQ8$PRES8$EABIv2 0x00000000   Number         0  anon$$obj.o ABSOLUTE
    __ARM_use_no_argv                        0x00000000   Number         0  main.o ABSOLUTE
    _printf_flags                            0x00000000   Number         0  printf_stubs.o ABSOLUTE
    _printf_return_value                     0x00000000   Number         0  printf_stubs.o ABSOLUTE
    _printf_sizespec                         0x00000000   Number         0  printf_stubs.o ABSOLUTE
    _printf_widthprec                        0x00000000   Number         0  printf_stubs.o ABSOLUTE
    __ARM_exceptions_init                     - Undefined Weak Reference
    __alloca_initialize                       - Undefined Weak Reference
    __arm_preinit_                            - Undefined Weak Reference
    __cpp_initialize__aeabi_                  - Undefined Weak Reference
    __cxa_finalize                            - Undefined Weak Reference
    __sigvec_lookup                           - Undefined Weak Reference
    __user_heap_extent                        - Undefined Weak Reference
    _atexit_init                              - Undefined Weak Reference
    _call_atexit_fns                          - Undefined Weak Reference
    _clock_init                               - Undefined Weak Reference
    _fp_trap_init                             - Undefined Weak Reference
    _fp_trap_shutdown                         - Undefined Weak Reference
    _get_lc_collate                           - Undefined Weak Reference
    _get_lc_monetary                          - Undefined Weak Reference
    _get_lc_time                              - Undefined Weak Reference
    _getenv_init                              - Undefined Weak Reference
    _handle_redirection                       - Undefined Weak Reference
    _mutex_acquire                            - Undefined Weak Reference
    _mutex_free                               - Undefined Weak Reference
    _mutex_release                            - Undefined Weak Reference
    _rand_init                                - Undefined Weak Reference
    _scanf_int                                - Undefined Weak Reference
    _scanf_longlong                           - Undefined Weak Reference
    _scanf_mbtowc                             - Undefined Weak Reference
    _scanf_string                             - Undefined Weak Reference
    _scanf_wctomb                             - Undefined Weak Reference
    _scanf_wstring                            - Undefined Weak Reference
    _signal_finish                            - Undefined Weak Reference
    _signal_init                              - Undefined Weak Reference
    __Vectors_Size                           0x00000188   Number         0  startup_stm32f40xx.o ABSOLUTE
    __Vectors                                0x08000000   Data           4  startup_stm32f40xx.o(RESET)
    __Vectors_End                            0x08000188   Data           0  startup_stm32f40xx.o(RESET)
    __main                                   0x08000189   Thumb Code     8  __main.o(!!!main)
    __scatterload                            0x08000191   Thumb Code     0  __scatter.o(!!!scatter)
    __scatterload_rt2                        0x08000191   Thumb Code    44  __scatter.o(!!!scatter)
    __scatterload_rt2_thumb_only             0x08000191   Thumb Code     0  __scatter.o(!!!scatter)
    __scatterload_null                       0x0800019f   Thumb Code     0  __scatter.o(!!!scatter)
    __scatterload_copy                       0x080001c5   Thumb Code    26  __scatter_copy.o(!!handler_copy)
    __scatterload_zeroinit                   0x080001e1   Thumb Code    28  __scatter_zi.o(!!handler_zi)
    _printf_f                                0x080001fd   Thumb Code     0  _printf_f.o(.ARM.Collect$$_printf_percent$$00000003)
    _printf_percent                          0x080001fd   Thumb Code     0  _printf_percent.o(.ARM.Collect$$_printf_percent$$00000000)
    _printf_percent_end                      0x08000203   Thumb Code     0  _printf_percent_end.o(.ARM.Collect$$_printf_percent$$00000017)
    __rt_lib_init                            0x08000207   Thumb Code     0  libinit.o(.ARM.Collect$$libinit$$00000000)
    __rt_lib_init_fp_1                       0x08000209   Thumb Code     0  libinit2.o(.ARM.Collect$$libinit$$00000001)
    __rt_lib_init_heap_2                     0x0800020d   Thumb Code     0  libinit2.o(.ARM.Collect$$libinit$$00000005)
    __rt_lib_init_preinit_1                  0x0800020d   Thumb Code     0  libinit2.o(.ARM.Collect$$libinit$$00000004)
    __rt_lib_init_heap_1                     0x08000215   Thumb Code     0  libinit2.o(.ARM.Collect$$libinit$$0000000A)
    __rt_lib_init_lc_common                  0x08000215   Thumb Code     0  libinit2.o(.ARM.Collect$$libinit$$0000000F)
    __rt_lib_init_rand_1                     0x08000215   Thumb Code     0  libinit2.o(.ARM.Collect$$libinit$$0000000E)
    __rt_lib_init_user_alloc_1               0x08000215   Thumb Code     0  libinit2.o(.ARM.Collect$$libinit$$0000000C)
    __rt_lib_init_lc_collate_1               0x0800021b   Thumb Code     0  libinit2.o(.ARM.Collect$$libinit$$00000011)
    __rt_lib_init_lc_ctype_2                 0x0800021b   Thumb Code     0  libinit2.o(.ARM.Collect$$libinit$$00000012)
    __rt_lib_init_lc_ctype_1                 0x08000227   Thumb Code     0  libinit2.o(.ARM.Collect$$libinit$$00000013)
    __rt_lib_init_lc_monetary_1              0x08000227   Thumb Code     0  libinit2.o(.ARM.Collect$$libinit$$00000015)
    __rt_lib_init_lc_numeric_2               0x08000227   Thumb Code     0  libinit2.o(.ARM.Collect$$libinit$$00000016)
    __rt_lib_init_atexit_1                   0x08000231   Thumb Code     0  libinit2.o(.ARM.Collect$$libinit$$0000001B)
    __rt_lib_init_clock_1                    0x08000231   Thumb Code     0  libinit2.o(.ARM.Collect$$libinit$$00000021)
    __rt_lib_init_fp_trap_1                  0x08000231   Thumb Code     0  libinit2.o(.ARM.Collect$$libinit$$0000001F)
    __rt_lib_init_getenv_1                   0x08000231   Thumb Code     0  libinit2.o(.ARM.Collect$$libinit$$00000023)
    __rt_lib_init_lc_numeric_1               0x08000231   Thumb Code     0  libinit2.o(.ARM.Collect$$libinit$$00000017)
    __rt_lib_init_lc_time_1                  0x08000231   Thumb Code     0  libinit2.o(.ARM.Collect$$libinit$$00000019)
    __rt_lib_init_signal_1                   0x08000231   Thumb Code     0  libinit2.o(.ARM.Collect$$libinit$$0000001D)
    __rt_lib_init_stdio_2                    0x08000231   Thumb Code     0  libinit2.o(.ARM.Collect$$libinit$$00000024)
    __rt_lib_init_alloca_1                   0x08000235   Thumb Code     0  libinit2.o(.ARM.Collect$$libinit$$0000002E)
    __rt_lib_init_argv_1                     0x08000235   Thumb Code     0  libinit2.o(.ARM.Collect$$libinit$$0000002C)
    __rt_lib_init_cpp_1                      0x08000235   Thumb Code     0  libinit2.o(.ARM.Collect$$libinit$$00000032)
    __rt_lib_init_exceptions_1               0x08000235   Thumb Code     0  libinit2.o(.ARM.Collect$$libinit$$00000030)
    __rt_lib_init_return                     0x08000235   Thumb Code     0  libinit2.o(.ARM.Collect$$libinit$$00000033)
    __rt_lib_init_stdio_1                    0x08000235   Thumb Code     0  libinit2.o(.ARM.Collect$$libinit$$00000025)
    __rt_lib_shutdown                        0x08000237   Thumb Code     0  libshutdown.o(.ARM.Collect$$libshutdown$$00000000)
    __rt_lib_shutdown_cpp_1                  0x08000239   Thumb Code     0  libshutdown2.o(.ARM.Collect$$libshutdown$$00000002)
    __rt_lib_shutdown_stdio_2                0x08000239   Thumb Code     0  libshutdown2.o(.ARM.Collect$$libshutdown$$00000003)
    __rt_lib_shutdown_fp_trap_1              0x0800023d   Thumb Code     0  libshutdown2.o(.ARM.Collect$$libshutdown$$00000007)
    __rt_lib_shutdown_heap_1                 0x0800023d   Thumb Code     0  libshutdown2.o(.ARM.Collect$$libshutdown$$0000000F)
    __rt_lib_shutdown_return                 0x0800023d   Thumb Code     0  libshutdown2.o(.ARM.Collect$$libshutdown$$00000010)
    __rt_lib_shutdown_signal_1               0x0800023d   Thumb Code     0  libshutdown2.o(.ARM.Collect$$libshutdown$$0000000A)
    __rt_lib_shutdown_stdio_1                0x0800023d   Thumb Code     0  libshutdown2.o(.ARM.Collect$$libshutdown$$00000004)
    __rt_lib_shutdown_user_alloc_1           0x0800023d   Thumb Code     0  libshutdown2.o(.ARM.Collect$$libshutdown$$0000000C)
    __rt_entry                               0x0800023f   Thumb Code     0  __rtentry.o(.ARM.Collect$$rtentry$$00000000)
    __rt_entry_presh_1                       0x0800023f   Thumb Code     0  __rtentry2.o(.ARM.Collect$$rtentry$$00000002)
    __rt_entry_sh                            0x0800023f   Thumb Code     0  __rtentry4.o(.ARM.Collect$$rtentry$$00000004)
    __rt_entry_li                            0x08000245   Thumb Code     0  __rtentry2.o(.ARM.Collect$$rtentry$$0000000A)
    __rt_entry_postsh_1                      0x08000245   Thumb Code     0  __rtentry2.o(.ARM.Collect$$rtentry$$00000009)
    __rt_entry_main                          0x08000249   Thumb Code     0  __rtentry2.o(.ARM.Collect$$rtentry$$0000000D)
    __rt_entry_postli_1                      0x08000249   Thumb Code     0  __rtentry2.o(.ARM.Collect$$rtentry$$0000000C)
    __rt_exit                                0x08000251   Thumb Code     0  rtexit.o(.ARM.Collect$$rtexit$$00000000)
    __rt_exit_ls                             0x08000253   Thumb Code     0  rtexit2.o(.ARM.Collect$$rtexit$$00000003)
    __rt_exit_prels_1                        0x08000253   Thumb Code     0  rtexit2.o(.ARM.Collect$$rtexit$$00000002)
    __rt_exit_exit                           0x08000257   Thumb Code     0  rtexit2.o(.ARM.Collect$$rtexit$$00000004)
    Reset_Handler                            0x0800025d   Thumb Code     8  startup_stm32f40xx.o(.text)
    _maybe_terminate_alloc                   0x0800025d   Thumb Code     0  maybetermalloc1.o(.emb_text)
    ADC_IRQHandler                           0x08000277   Thumb Code     0  startup_stm32f40xx.o(.text)
    CAN1_RX0_IRQHandler                      0x08000277   Thumb Code     0  startup_stm32f40xx.o(.text)
    CAN1_RX1_IRQHandler                      0x08000277   Thumb Code     0  startup_stm32f40xx.o(.text)
    CAN1_SCE_IRQHandler                      0x08000277   Thumb Code     0  startup_stm32f40xx.o(.text)
    CAN1_TX_IRQHandler                       0x08000277   Thumb Code     0  startup_stm32f40xx.o(.text)
    CAN2_RX0_IRQHandler                      0x08000277   Thumb Code     0  startup_stm32f40xx.o(.text)
    CAN2_RX1_IRQHandler                      0x08000277   Thumb Code     0  startup_stm32f40xx.o(.text)
    CAN2_SCE_IRQHandler                      0x08000277   Thumb Code     0  startup_stm32f40xx.o(.text)
    CAN2_TX_IRQHandler                       0x08000277   Thumb Code     0  startup_stm32f40xx.o(.text)
    CRYP_IRQHandler                          0x08000277   Thumb Code     0  startup_stm32f40xx.o(.text)
    DCMI_IRQHandler                          0x08000277   Thumb Code     0  startup_stm32f40xx.o(.text)
    DMA1_Stream0_IRQHandler                  0x08000277   Thumb Code     0  startup_stm32f40xx.o(.text)
    DMA1_Stream1_IRQHandler                  0x08000277   Thumb Code     0  startup_stm32f40xx.o(.text)
    DMA1_Stream2_IRQHandler                  0x08000277   Thumb Code     0  startup_stm32f40xx.o(.text)
    DMA1_Stream3_IRQHandler                  0x08000277   Thumb Code     0  startup_stm32f40xx.o(.text)
    DMA1_Stream4_IRQHandler                  0x08000277   Thumb Code     0  startup_stm32f40xx.o(.text)
    DMA1_Stream5_IRQHandler                  0x08000277   Thumb Code     0  startup_stm32f40xx.o(.text)
    DMA1_Stream6_IRQHandler                  0x08000277   Thumb Code     0  startup_stm32f40xx.o(.text)
    DMA1_Stream7_IRQHandler                  0x08000277   Thumb Code     0  startup_stm32f40xx.o(.text)
    DMA2_Stream0_IRQHandler                  0x08000277   Thumb Code     0  startup_stm32f40xx.o(.text)
    DMA2_Stream1_IRQHandler                  0x08000277   Thumb Code     0  startup_stm32f40xx.o(.text)
    DMA2_Stream2_IRQHandler                  0x08000277   Thumb Code     0  startup_stm32f40xx.o(.text)
    DMA2_Stream3_IRQHandler                  0x08000277   Thumb Code     0  startup_stm32f40xx.o(.text)
    DMA2_Stream4_IRQHandler                  0x08000277   Thumb Code     0  startup_stm32f40xx.o(.text)
    DMA2_Stream5_IRQHandler                  0x08000277   Thumb Code     0  startup_stm32f40xx.o(.text)
    DMA2_Stream6_IRQHandler                  0x08000277   Thumb Code     0  startup_stm32f40xx.o(.text)
    DMA2_Stream7_IRQHandler                  0x08000277   Thumb Code     0  startup_stm32f40xx.o(.text)
    ETH_IRQHandler                           0x08000277   Thumb Code     0  startup_stm32f40xx.o(.text)
    ETH_WKUP_IRQHandler                      0x08000277   Thumb Code     0  startup_stm32f40xx.o(.text)
    EXTI15_10_IRQHandler                     0x08000277   Thumb Code     0  startup_stm32f40xx.o(.text)
    EXTI1_IRQHandler                         0x08000277   Thumb Code     0  startup_stm32f40xx.o(.text)
    EXTI2_IRQHandler                         0x08000277   Thumb Code     0  startup_stm32f40xx.o(.text)
    EXTI3_IRQHandler                         0x08000277   Thumb Code     0  startup_stm32f40xx.o(.text)
    EXTI4_IRQHandler                         0x08000277   Thumb Code     0  startup_stm32f40xx.o(.text)
    EXTI9_5_IRQHandler                       0x08000277   Thumb Code     0  startup_stm32f40xx.o(.text)
    FLASH_IRQHandler                         0x08000277   Thumb Code     0  startup_stm32f40xx.o(.text)
    FPU_IRQHandler                           0x08000277   Thumb Code     0  startup_stm32f40xx.o(.text)
    FSMC_IRQHandler                          0x08000277   Thumb Code     0  startup_stm32f40xx.o(.text)
    HASH_RNG_IRQHandler                      0x08000277   Thumb Code     0  startup_stm32f40xx.o(.text)
    I2C1_ER_IRQHandler                       0x08000277   Thumb Code     0  startup_stm32f40xx.o(.text)
    I2C1_EV_IRQHandler                       0x08000277   Thumb Code     0  startup_stm32f40xx.o(.text)
    I2C2_ER_IRQHandler                       0x08000277   Thumb Code     0  startup_stm32f40xx.o(.text)
    I2C2_EV_IRQHandler                       0x08000277   Thumb Code     0  startup_stm32f40xx.o(.text)
    I2C3_ER_IRQHandler                       0x08000277   Thumb Code     0  startup_stm32f40xx.o(.text)
    I2C3_EV_IRQHandler                       0x08000277   Thumb Code     0  startup_stm32f40xx.o(.text)
    OTG_FS_IRQHandler                        0x08000277   Thumb Code     0  startup_stm32f40xx.o(.text)
    OTG_FS_WKUP_IRQHandler                   0x08000277   Thumb Code     0  startup_stm32f40xx.o(.text)
    OTG_HS_EP1_IN_IRQHandler                 0x08000277   Thumb Code     0  startup_stm32f40xx.o(.text)
    OTG_HS_EP1_OUT_IRQHandler                0x08000277   Thumb Code     0  startup_stm32f40xx.o(.text)
    OTG_HS_IRQHandler                        0x08000277   Thumb Code     0  startup_stm32f40xx.o(.text)
    OTG_HS_WKUP_IRQHandler                   0x08000277   Thumb Code     0  startup_stm32f40xx.o(.text)
    PVD_IRQHandler                           0x08000277   Thumb Code     0  startup_stm32f40xx.o(.text)
    RCC_IRQHandler                           0x08000277   Thumb Code     0  startup_stm32f40xx.o(.text)
    RTC_Alarm_IRQHandler                     0x08000277   Thumb Code     0  startup_stm32f40xx.o(.text)
    RTC_WKUP_IRQHandler                      0x08000277   Thumb Code     0  startup_stm32f40xx.o(.text)
    SDIO_IRQHandler                          0x08000277   Thumb Code     0  startup_stm32f40xx.o(.text)
    SPI1_IRQHandler                          0x08000277   Thumb Code     0  startup_stm32f40xx.o(.text)
    SPI2_IRQHandler                          0x08000277   Thumb Code     0  startup_stm32f40xx.o(.text)
    SPI3_IRQHandler                          0x08000277   Thumb Code     0  startup_stm32f40xx.o(.text)
    TAMP_STAMP_IRQHandler                    0x08000277   Thumb Code     0  startup_stm32f40xx.o(.text)
    TIM1_BRK_TIM9_IRQHandler                 0x08000277   Thumb Code     0  startup_stm32f40xx.o(.text)
    TIM1_CC_IRQHandler                       0x08000277   Thumb Code     0  startup_stm32f40xx.o(.text)
    TIM1_TRG_COM_TIM11_IRQHandler            0x08000277   Thumb Code     0  startup_stm32f40xx.o(.text)
    TIM1_UP_TIM10_IRQHandler                 0x08000277   Thumb Code     0  startup_stm32f40xx.o(.text)
    TIM2_IRQHandler                          0x08000277   Thumb Code     0  startup_stm32f40xx.o(.text)
    TIM4_IRQHandler                          0x08000277   Thumb Code     0  startup_stm32f40xx.o(.text)
    TIM5_IRQHandler                          0x08000277   Thumb Code     0  startup_stm32f40xx.o(.text)
    TIM6_DAC_IRQHandler                      0x08000277   Thumb Code     0  startup_stm32f40xx.o(.text)
    TIM7_IRQHandler                          0x08000277   Thumb Code     0  startup_stm32f40xx.o(.text)
    TIM8_BRK_TIM12_IRQHandler                0x08000277   Thumb Code     0  startup_stm32f40xx.o(.text)
    TIM8_CC_IRQHandler                       0x08000277   Thumb Code     0  startup_stm32f40xx.o(.text)
    TIM8_TRG_COM_TIM14_IRQHandler            0x08000277   Thumb Code     0  startup_stm32f40xx.o(.text)
    TIM8_UP_TIM13_IRQHandler                 0x08000277   Thumb Code     0  startup_stm32f40xx.o(.text)
    UART4_IRQHandler                         0x08000277   Thumb Code     0  startup_stm32f40xx.o(.text)
    UART5_IRQHandler                         0x08000277   Thumb Code     0  startup_stm32f40xx.o(.text)
    USART1_IRQHandler                        0x08000277   Thumb Code     0  startup_stm32f40xx.o(.text)
    USART2_IRQHandler                        0x08000277   Thumb Code     0  startup_stm32f40xx.o(.text)
    USART3_IRQHandler                        0x08000277   Thumb Code     0  startup_stm32f40xx.o(.text)
    USART6_IRQHandler                        0x08000277   Thumb Code     0  startup_stm32f40xx.o(.text)
    WWDG_IRQHandler                          0x08000277   Thumb Code     0  startup_stm32f40xx.o(.text)
    __user_initial_stackheap                 0x08000279   Thumb Code     0  startup_stm32f40xx.o(.text)
    __2printf                                0x0800029d   Thumb Code    20  noretval__2printf.o(.text)
    _printf_pre_padding                      0x080002b5   Thumb Code    44  _printf_pad.o(.text)
    _printf_post_padding                     0x080002e1   Thumb Code    34  _printf_pad.o(.text)
    __printf                                 0x08000303   Thumb Code   270  __printf_wp.o(.text)
    __0scanf                                 0x08000411   Thumb Code    26  __0scanf.o(.text)
    __use_two_region_memory                  0x08000431   Thumb Code     2  heapauxi.o(.text)
    __rt_heap_escrow                         0x08000433   Thumb Code     2  heapauxi.o(.text)
    __rt_heap_expand                         0x08000435   Thumb Code     2  heapauxi.o(.text)
    __lib_sel_fp_printf                      0x08000437   Thumb Code     2  _printf_fp_dec.o(.text)
    _printf_fp_dec_real                      0x080005e5   Thumb Code   620  _printf_fp_dec.o(.text)
    _printf_char_file                        0x08000851   Thumb Code    32  _printf_char_file.o(.text)
    _scanf_really_real                       0x08000a71   Thumb Code   668  scanf_fp.o(.text)
    __vfscanf_char_file                      0x08000d19   Thumb Code    16  scanf_char_file.o(.text)
    __rt_locale                              0x08000d31   Thumb Code     8  rt_locale_intlibspace.o(.text)
    __aeabi_errno_addr                       0x08000d39   Thumb Code     8  rt_errno_addr_intlibspace.o(.text)
    __errno$intlibspace                      0x08000d39   Thumb Code     0  rt_errno_addr_intlibspace.o(.text)
    __rt_errno_addr$intlibspace              0x08000d39   Thumb Code     0  rt_errno_addr_intlibspace.o(.text)
    _ll_udiv10                               0x08000d41   Thumb Code   138  lludiv10.o(.text)
    _printf_char_common                      0x08000dd7   Thumb Code    32  _printf_char_common.o(.text)
    _printf_fp_infnan                        0x08000dfd   Thumb Code   112  _printf_fp_infnan.o(.text)
    __vfscanf_char                           0x08000e89   Thumb Code    24  scanf_char.o(.text)
    _btod_etento                             0x08000ea9   Thumb Code   216  bigflt0.o(.text)
    ___backspace$unlocked                    0x08000f85   Thumb Code     2  backspace.o(.text)
    __backspace                              0x08000f87   Thumb Code    70  backspace.o(.text)
    ferror                                   0x08000fcd   Thumb Code     8  ferror.o(.text)
    _initio                                  0x08000fd5   Thumb Code   210  initio.o(.text)
    _terminateio                             0x080010a7   Thumb Code    56  initio.o(.text)
    _sys_open                                0x0800110d   Thumb Code    20  sys_io.o(.text)
    _sys_close                               0x08001121   Thumb Code    12  sys_io.o(.text)
    _sys_write                               0x0800112d   Thumb Code    16  sys_io.o(.text)
    _sys_read                                0x0800113d   Thumb Code    14  sys_io.o(.text)
    _sys_istty                               0x0800114b   Thumb Code    12  sys_io.o(.text)
    _sys_seek                                0x08001157   Thumb Code    14  sys_io.o(.text)
    _sys_ensure                              0x08001165   Thumb Code     2  sys_io.o(.text)
    _sys_flen                                0x08001167   Thumb Code    12  sys_io.o(.text)
    __user_libspace                          0x08001175   Thumb Code     8  libspace.o(.text)
    __user_perproc_libspace                  0x08001175   Thumb Code     0  libspace.o(.text)
    __user_perthread_libspace                0x08001175   Thumb Code     0  libspace.o(.text)
    __user_setup_stackheap                   0x0800117d   Thumb Code    74  sys_stackheap_outer.o(.text)
    free                                     0x080011c7   Thumb Code    78  h1_free.o(.text)
    __read_errno                             0x08001215   Thumb Code    10  _rserrno.o(.text)
    __set_errno                              0x0800121f   Thumb Code    12  _rserrno.o(.text)
    isspace                                  0x0800122b   Thumb Code    18  isspace.o(.text)
    __vfscanf                                0x0800123d   Thumb Code   878  _scanf.o(.text)
    _scanf_really_hex_real                   0x080015b1   Thumb Code   778  scanf_hexfp.o(.text)
    _scanf_really_infnan                     0x080018c9   Thumb Code   292  scanf_infnan.o(.text)
    setvbuf                                  0x080019fd   Thumb Code    70  setvbuf.o(.text)
    _ungetc_internal                         0x08001a45   Thumb Code    60  ungetc.o(.text)
    ungetc                                   0x08001a45   Thumb Code     0  ungetc.o(.text)
    freopen                                  0x08001a8d   Thumb Code   158  fopen.o(.text)
    fopen                                    0x08001b2b   Thumb Code    74  fopen.o(.text)
    _fclose_internal                         0x08001b79   Thumb Code    76  fclose.o(.text)
    fclose                                   0x08001b79   Thumb Code     0  fclose.o(.text)
    exit                                     0x08001bc5   Thumb Code    18  exit.o(.text)
    __rt_SIGRTRED                            0x08001bd7   Thumb Code    14  defsig_rtred_outer.o(.text)
    __aeabi_memclr4                          0x08001be5   Thumb Code     0  rt_memclr_w.o(.text)
    __aeabi_memclr8                          0x08001be5   Thumb Code     0  rt_memclr_w.o(.text)
    __rt_memclr_w                            0x08001be5   Thumb Code    78  rt_memclr_w.o(.text)
    _memset_w                                0x08001be9   Thumb Code     0  rt_memclr_w.o(.text)
    strcmp                                   0x08001c35   Thumb Code   128  strcmpv7m.o(.text)
    __I$use$semihosting                      0x08001cb5   Thumb Code     0  use_no_semi.o(.text)
    __use_no_semihosting_swi                 0x08001cb5   Thumb Code     2  use_no_semi.o(.text)
    __semihosting_library_function           0x08001cb7   Thumb Code     0  indicate_semi.o(.text)
    __rt_ctype_table                         0x08001cb9   Thumb Code    16  rt_ctype_table.o(.text)
    __rt_heap_descriptor                     0x08001cc9   Thumb Code     8  rt_heap_descriptor_intlibspace.o(.text)
    __use_no_heap                            0x08001cd1   Thumb Code     2  hguard.o(.text)
    __heap$guard                             0x08001cd3   Thumb Code     2  hguard.o(.text)
    _terminate_user_alloc                    0x08001cd5   Thumb Code     2  init_alloc.o(.text)
    _init_user_alloc                         0x08001cd7   Thumb Code     2  init_alloc.o(.text)
    __Heap_Full                              0x08001cd9   Thumb Code    34  init_alloc.o(.text)
    __Heap_Broken                            0x08001cfb   Thumb Code     6  init_alloc.o(.text)
    _init_alloc                              0x08001d01   Thumb Code    94  init_alloc.o(.text)
    malloc                                   0x08001d5f   Thumb Code    94  h1_alloc.o(.text)
    __aeabi_llsl                             0x08001dbd   Thumb Code     0  llshl.o(.text)
    _ll_shift_l                              0x08001dbd   Thumb Code    38  llshl.o(.text)
    _chval                                   0x08001de3   Thumb Code    28  _chval.o(.text)
    _fseek                                   0x08001e01   Thumb Code   242  fseek.o(.text)
    fseek                                    0x08001e01   Thumb Code     0  fseek.o(.text)
    _seterr                                  0x08001ef9   Thumb Code    20  stdio.o(.text)
    _writebuf                                0x08001f0d   Thumb Code    84  stdio.o(.text)
    _fflush                                  0x08001f61   Thumb Code    70  stdio.o(.text)
    _deferredlazyseek                        0x08001fa7   Thumb Code    60  stdio.o(.text)
    __sig_exit                               0x08001fe9   Thumb Code    10  defsig_exit.o(.text)
    __rt_SIGRTRED_inner                      0x08001ff5   Thumb Code    14  defsig_rtred_inner.o(.text)
    strlen                                   0x08002029   Thumb Code    62  strlen.o(.text)
    _sys_exit                                0x08002069   Thumb Code     8  sys_exit.o(.text)
    __Heap_Initialize                        0x08002075   Thumb Code    10  h1_init.o(.text)
    __Heap_DescSize                          0x0800207f   Thumb Code     4  h1_init.o(.text)
    __Heap_ProvideMemory                     0x08002083   Thumb Code    52  h1_extend.o(.text)
    _ftell_internal                          0x080020b7   Thumb Code    66  ftell.o(.text)
    ftell                                    0x080020b7   Thumb Code     0  ftell.o(.text)
    __default_signal_display                 0x080020f9   Thumb Code    50  defsig_general.o(.text)
    __rt_SIGRTMEM                            0x0800212b   Thumb Code    14  defsig_rtmem_outer.o(.text)
    _ttywrch                                 0x08002139   Thumb Code    14  sys_wrch.o(.text)
    __rt_SIGRTMEM_inner                      0x08002149   Thumb Code    22  defsig_rtmem_inner.o(.text)
    _btod_d2e                                0x08002199   Thumb Code    62  btod.o(CL$$btod_d2e)
    _d2e_denorm_low                          0x080021d7   Thumb Code    70  btod.o(CL$$btod_d2e_denorm_low)
    _d2e_norm_op1                            0x0800221d   Thumb Code    96  btod.o(CL$$btod_d2e_norm_op1)
    __btod_div_common                        0x0800227d   Thumb Code   696  btod.o(CL$$btod_div_common)
    _e2d                                     0x080025b5   Thumb Code    80  btod.o(CL$$btod_e2d)
    _e2e                                     0x08002609   Thumb Code   198  btod.o(CL$$btod_e2e)
    _btod_ediv                               0x080026cf   Thumb Code    40  btod.o(CL$$btod_ediv)
    _btod_edivd                              0x080026f7   Thumb Code    40  btod.o(CL$$btod_edivd)
    _btod_emul                               0x0800271f   Thumb Code    40  btod.o(CL$$btod_emul)
    _btod_emuld                              0x08002747   Thumb Code    40  btod.o(CL$$btod_emuld)
    __btod_mult_common                       0x0800276f   Thumb Code   580  btod.o(CL$$btod_mult_common)
    BusFault_Handler                         0x080029b3   Thumb Code     4  stm32f4xx_it.o(i.BusFault_Handler)
    DebugMon_Handler                         0x080029b7   Thumb Code     2  stm32f4xx_it.o(i.DebugMon_Handler)
    EXTI0_IRQHandler                         0x080029b9   Thumb Code   112  stm32f4xx_it.o(i.EXTI0_IRQHandler)
    EXTI_ClearITPendingBit                   0x08002a3d   Thumb Code     6  stm32f4xx_exti.o(i.EXTI_ClearITPendingBit)
    EXTI_GetITStatus                         0x08002a49   Thumb Code    20  stm32f4xx_exti.o(i.EXTI_GetITStatus)
    EXTI_Init                                0x08002a61   Thumb Code   142  stm32f4xx_exti.o(i.EXTI_Init)
    GPIOConfig                               0x08002af5   Thumb Code    50  main.o(i.GPIOConfig)
    GPIO_Init                                0x08002b2d   Thumb Code   144  stm32f4xx_gpio.o(i.GPIO_Init)
    GPIO_PinAFConfig                         0x08002bbd   Thumb Code    70  stm32f4xx_gpio.o(i.GPIO_PinAFConfig)
    GPIO_ReadInputDataBit                    0x08002c03   Thumb Code    18  stm32f4xx_gpio.o(i.GPIO_ReadInputDataBit)
    GPIO_ToggleBits                          0x08002c15   Thumb Code     8  stm32f4xx_gpio.o(i.GPIO_ToggleBits)
    GPIO_WriteBit                            0x08002c1d   Thumb Code    10  stm32f4xx_gpio.o(i.GPIO_WriteBit)
    GetUSART                                 0x08002c27   Thumb Code    28  uart.o(i.GetUSART)
    HardFault_Handler                        0x08002c43   Thumb Code     4  stm32f4xx_it.o(i.HardFault_Handler)
    MemManage_Handler                        0x08002c47   Thumb Code     4  stm32f4xx_it.o(i.MemManage_Handler)
    NMI_Handler                              0x08002c4b   Thumb Code     2  stm32f4xx_it.o(i.NMI_Handler)
    NVIC_Init                                0x08002c4d   Thumb Code   106  misc.o(i.NVIC_Init)
    PWMConfig                                0x08002cc5   Thumb Code   354  motorcontrol.o(i.PWMConfig)
    PWMControl                               0x08002e51   Thumb Code   150  motorcontrol.o(i.PWMControl)
    PendSV_Handler                           0x08002efd   Thumb Code     2  stm32f4xx_it.o(i.PendSV_Handler)
    RCC_AHB1PeriphClockCmd                   0x08002f01   Thumb Code    26  stm32f4xx_rcc.o(i.RCC_AHB1PeriphClockCmd)
    RCC_APB1PeriphClockCmd                   0x08002f21   Thumb Code    26  stm32f4xx_rcc.o(i.RCC_APB1PeriphClockCmd)
    RCC_APB2PeriphClockCmd                   0x08002f41   Thumb Code    26  stm32f4xx_rcc.o(i.RCC_APB2PeriphClockCmd)
    RCC_GetClocksFreq                        0x08002f61   Thumb Code   214  stm32f4xx_rcc.o(i.RCC_GetClocksFreq)
    SVC_Handler                              0x08003049   Thumb Code     2  stm32f4xx_it.o(i.SVC_Handler)
    SYSCFG_EXTILineConfig                    0x0800304d   Thumb Code    60  stm32f4xx_syscfg.o(i.SYSCFG_EXTILineConfig)
    SysTick_Handler                          0x08003179   Thumb Code     2  stm32f4xx_it.o(i.SysTick_Handler)
    SystemInit                               0x0800317d   Thumb Code    88  system_stm32f4xx.o(i.SystemInit)
    TIM3_IRQHandler                          0x08003309   Thumb Code    40  stm32f4xx_it.o(i.TIM3_IRQHandler)
    TIM_ARRPreloadConfig                     0x08003339   Thumb Code    24  stm32f4xx_tim.o(i.TIM_ARRPreloadConfig)
    TIM_ClearITPendingBit                    0x08003351   Thumb Code     6  stm32f4xx_tim.o(i.TIM_ClearITPendingBit)
    TIM_Cmd                                  0x08003357   Thumb Code    24  stm32f4xx_tim.o(i.TIM_Cmd)
    TIM_EncoderInterfaceConfig               0x0800336f   Thumb Code    66  stm32f4xx_tim.o(i.TIM_EncoderInterfaceConfig)
    TIM_GetITStatus                          0x080033b1   Thumb Code    34  stm32f4xx_tim.o(i.TIM_GetITStatus)
    TIM_ICInit                               0x080033d3   Thumb Code   110  stm32f4xx_tim.o(i.TIM_ICInit)
    TIM_ITConfig                             0x08003441   Thumb Code    18  stm32f4xx_tim.o(i.TIM_ITConfig)
    TIM_OC2Init                              0x08003455   Thumb Code   154  stm32f4xx_tim.o(i.TIM_OC2Init)
    TIM_OC2PreloadConfig                     0x080034f9   Thumb Code    26  stm32f4xx_tim.o(i.TIM_OC2PreloadConfig)
    TIM_OC3Init                              0x08003515   Thumb Code   150  stm32f4xx_tim.o(i.TIM_OC3Init)
    TIM_OC3PreloadConfig                     0x080035b5   Thumb Code    18  stm32f4xx_tim.o(i.TIM_OC3PreloadConfig)
    TIM_OC4Init                              0x080035c9   Thumb Code   112  stm32f4xx_tim.o(i.TIM_OC4Init)
    TIM_OC4PreloadConfig                     0x08003641   Thumb Code    26  stm32f4xx_tim.o(i.TIM_OC4PreloadConfig)
    TIM_SetCounter                           0x0800365b   Thumb Code     4  stm32f4xx_tim.o(i.TIM_SetCounter)
    TIM_SetIC1Prescaler                      0x0800365f   Thumb Code    18  stm32f4xx_tim.o(i.TIM_SetIC1Prescaler)
    TIM_SetIC2Prescaler                      0x08003671   Thumb Code    26  stm32f4xx_tim.o(i.TIM_SetIC2Prescaler)
    TIM_SetIC3Prescaler                      0x0800368b   Thumb Code    18  stm32f4xx_tim.o(i.TIM_SetIC3Prescaler)
    TIM_SetIC4Prescaler                      0x0800369d   Thumb Code    26  stm32f4xx_tim.o(i.TIM_SetIC4Prescaler)
    TIM_TimeBaseInit                         0x080036b9   Thumb Code   104  stm32f4xx_tim.o(i.TIM_TimeBaseInit)
    USART_Cmd                                0x0800373d   Thumb Code    24  stm32f4xx_usart.o(i.USART_Cmd)
    USART_Configuration                      0x08003755   Thumb Code   120  uart.o(i.USART_Configuration)
    USART_GetFlagStatus                      0x080037dd   Thumb Code    26  stm32f4xx_usart.o(i.USART_GetFlagStatus)
    USART_Init                               0x080037f9   Thumb Code   204  stm32f4xx_usart.o(i.USART_Init)
    USART_ReceiveData                        0x080038cd   Thumb Code    10  stm32f4xx_usart.o(i.USART_ReceiveData)
    USART_SendData                           0x080038d7   Thumb Code     8  stm32f4xx_usart.o(i.USART_SendData)
    UsageFault_Handler                       0x080038df   Thumb Code     4  stm32f4xx_it.o(i.UsageFault_Handler)
    __ARM_fpclassify                         0x080038e3   Thumb Code    48  fpclassify.o(i.__ARM_fpclassify)
    __hardfp_ldexp                           0x08003919   Thumb Code   200  ldexp.o(i.__hardfp_ldexp)
    __mathlib_dbl_overflow                   0x080039e9   Thumb Code    24  dunder.o(i.__mathlib_dbl_overflow)
    __mathlib_dbl_underflow                  0x08003a09   Thumb Code    24  dunder.o(i.__mathlib_dbl_underflow)
    __mathlib_narrow                         0x08003a29   Thumb Code   166  narrow.o(i.__mathlib_narrow)
    __support_ldexp                          0x08003ae1   Thumb Code    20  ldexp.o(i.__support_ldexp)
    _is_digit                                0x08003af5   Thumb Code    14  __printf_wp.o(i._is_digit)
    encoderInit                              0x08003b05   Thumb Code   434  encoder.o(i.encoderInit)
    encoderReset                             0x08003cc9   Thumb Code    40  encoder.o(i.encoderReset)
    fgetc                                    0x08003d05   Thumb Code    12  uart.o(i.fgetc)
    fputc                                    0x08003d15   Thumb Code    32  uart.o(i.fputc)
    frexp                                    0x08003d39   Thumb Code   118  frexp.o(i.frexp)
    initButtonOnDiscoveryBoard               0x08003dc5   Thumb Code   100  button.o(i.initButtonOnDiscoveryBoard)
    main                                     0x08003e39   Thumb Code   156  main.o(i.main)
    motorDirConfig                           0x08003ef5   Thumb Code    78  motorcontrol.o(i.motorDirConfig)
    _get_lc_numeric                          0x08003f55   Thumb Code    44  lc_numeric_c.o(locale$$code)
    _get_lc_ctype                            0x08003f81   Thumb Code    44  lc_ctype_c.o(locale$$code)
    __aeabi_d2f                              0x08003fad   Thumb Code     0  d2f.o(x$fpl$d2f)
    _d2f                                     0x08003fad   Thumb Code    98  d2f.o(x$fpl$d2f)
    __fpl_dcheck_NaN1                        0x08004011   Thumb Code    10  dcheck1.o(x$fpl$dcheck1)
    __fpl_dcmp_Inf                           0x08004021   Thumb Code    24  dcmpi.o(x$fpl$dcmpinf)
    __aeabi_cdcmpeq                          0x08004039   Thumb Code     0  deqf.o(x$fpl$deqf)
    _dcmpeq                                  0x08004039   Thumb Code   120  deqf.o(x$fpl$deqf)
    __aeabi_cdcmple                          0x080040b1   Thumb Code     0  dleqf.o(x$fpl$dleqf)
    _dcmple                                  0x080040b1   Thumb Code   120  dleqf.o(x$fpl$dleqf)
    __fpl_dcmple_InfNaN                      0x08004113   Thumb Code     0  dleqf.o(x$fpl$dleqf)
    __aeabi_dmul                             0x08004129   Thumb Code     0  dmul.o(x$fpl$dmul)
    _dmul                                    0x08004129   Thumb Code   332  dmul.o(x$fpl$dmul)
    __fpl_dnaninf                            0x0800427d   Thumb Code   156  dnaninf.o(x$fpl$dnaninf)
    __fpl_dretinf                            0x08004319   Thumb Code    12  dretinf.o(x$fpl$dretinf)
    __aeabi_cdrcmple                         0x08004325   Thumb Code     0  drleqf.o(x$fpl$drleqf)
    _drcmple                                 0x08004325   Thumb Code   108  drleqf.o(x$fpl$drleqf)
    __aeabi_f2d                              0x08004391   Thumb Code     0  f2d.o(x$fpl$f2d)
    _f2d                                     0x08004391   Thumb Code    86  f2d.o(x$fpl$f2d)
    __fpl_fnaninf                            0x080043e7   Thumb Code   140  fnaninf.o(x$fpl$fnaninf)
    _fp_init                                 0x08004473   Thumb Code    10  fpinit.o(x$fpl$fpinit)
    __fplib_config_fpu_vfp                   0x0800447b   Thumb Code     0  fpinit.o(x$fpl$fpinit)
    __fplib_config_pureend_doubles           0x0800447b   Thumb Code     0  fpinit.o(x$fpl$fpinit)
    __fpl_fretinf                            0x0800447d   Thumb Code    10  fretinf.o(x$fpl$fretinf)
    _printf_fp_dec                           0x08004487   Thumb Code     4  printf1.o(x$fpl$printf1)
    __fpl_return_NaN                         0x0800448b   Thumb Code   100  retnan.o(x$fpl$retnan)
    __ARM_scalbn                             0x080044ef   Thumb Code    92  scalbn.o(x$fpl$scalbn)
    _scanf_real                              0x0800454b   Thumb Code     4  scanf1.o(x$fpl$scanf1)
    _scanf_hex_real                          0x0800454f   Thumb Code     4  scanf2.o(x$fpl$scanf2)
    _scanf_infnan                            0x08004553   Thumb Code     4  scanf2.o(x$fpl$scanf2)
    __fpl_cmpreturn                          0x08004557   Thumb Code    48  trapv.o(x$fpl$trapveneer)
    __I$use$fp                               0x08004586   Number         0  usenofp.o(x$fpl$usenofp)
    __stdin_name                             0x0800461c   Data           4  sys_io.o(.constdata)
    __stdout_name                            0x08004620   Data           4  sys_io.o(.constdata)
    __stderr_name                            0x08004624   Data           4  sys_io.o(.constdata)
    Region$$Table$$Base                      0x08004628   Number         0  anon$$obj.o(Region$$Table)
    Region$$Table$$Limit                     0x08004648   Number         0  anon$$obj.o(Region$$Table)
    __aeabi_HUGE_VAL                         0x08004648   Data           0  fpconst.o(c$$dinf)
    __aeabi_HUGE_VALL                        0x08004648   Data           0  fpconst.o(c$$dinf)
    __aeabi_INFINITY                         0x08004648   Data           0  fpconst.o(c$$dinf)
    __dInf                                   0x08004648   Data           0  fpconst.o(c$$dinf)
    __huge_val                               0x08004648   Data           0  fpconst.o(c$$dinf)
    __ctype                                  0x08004679   Data           0  lc_ctype_c.o(locale$$data)
    PWM_motorADutyCycle                      0x20000000   Data           1  main.o(.data)
    a                                        0x20000004   Data           4  main.o(.data)
    count                                    0x20000008   Data           4  stm32f4xx_it.o(.data)
    SystemCoreClock                          0x2000000c   Data           4  system_stm32f4xx.o(.data)
    AHBPrescTable                            0x20000010   Data          16  system_stm32f4xx.o(.data)
    velocity                                 0x20000030   Data           6  encoder.o(.data)
    CountEncoderA                            0x20000038   Data           8  encoder.o(.data)
    CountEncoderB                            0x20000040   Data           8  encoder.o(.data)
    CountEncoderC                            0x20000048   Data           8  encoder.o(.data)
    CountEncoderD                            0x20000050   Data           8  encoder.o(.data)
    NumEncoder                               0x20000058   Data           8  encoder.o(.data)
    GPIO_InitStructure                       0x20000060   Data           8  uart.o(.data)
    IT_buttonInitStructure                   0x20000068   Data           8  button.o(.data)
    GPIO_buttonInitStructure                 0x20000070   Data           8  button.o(.data)
    NVIC_buttonInitStruct                    0x20000078   Data           4  button.o(.data)
    PWM_GPIOInitStructure                    0x2000007c   Data           8  motorcontrol.o(.data)
    GPIO_MotorDirInitStructure               0x20000084   Data           8  motorcontrol.o(.data)
    __aeabi_stdin                            0x2000008c   Data           4  stdio_streams.o(.data)
    __aeabi_stdout                           0x20000090   Data           4  stdio_streams.o(.data)
    __aeabi_stderr                           0x20000094   Data           4  stdio_streams.o(.data)
    USART_InitStructure                      0x20000098   Data          16  uart.o(.bss)
    PWM_TimeBaseStructure                    0x200000a8   Data          12  motorcontrol.o(.bss)
    PWM_OCInitStructure                      0x200000b4   Data          20  motorcontrol.o(.bss)
    __stdin                                  0x200000c8   Data          84  stdio_streams.o(.bss)
    __stdout                                 0x2000011c   Data          84  stdio_streams.o(.bss)
    __stderr                                 0x20000170   Data          84  stdio_streams.o(.bss)
    __libspace_start                         0x200001c4   Data          96  libspace.o(.bss)
    __temporary_stack_top$libspace           0x20000224   Data           0  libspace.o(.bss)



==============================================================================

Memory Map of the image

  Image Entry point : 0x08000189

  Load Region LR_IROM1 (Base: 0x08000000, Size: 0x00004814, Max: 0x00100000, ABSOLUTE)

    Execution Region ER_IROM1 (Base: 0x08000000, Size: 0x0000477c, Max: 0x00100000, ABSOLUTE)

    Base Addr    Size         Type   Attr      Idx    E Section Name        Object

    0x08000000   0x00000188   Data   RO          314    RESET               startup_stm32f40xx.o
    0x08000188   0x00000008   Code   RO         2773  * !!!main             c_w.l(__main.o)
    0x08000190   0x00000034   Code   RO         3269    !!!scatter          c_w.l(__scatter.o)
    0x080001c4   0x0000001a   Code   RO         3271    !!handler_copy      c_w.l(__scatter_copy.o)
    0x080001de   0x00000002   PAD
    0x080001e0   0x0000001c   Code   RO         3273    !!handler_zi        c_w.l(__scatter_zi.o)
    0x080001fc   0x00000000   Code   RO         2768    .ARM.Collect$$_printf_percent$$00000000  c_w.l(_printf_percent.o)
    0x080001fc   0x00000006   Code   RO         2767    .ARM.Collect$$_printf_percent$$00000003  c_w.l(_printf_f.o)
    0x08000202   0x00000004   Code   RO         2786    .ARM.Collect$$_printf_percent$$00000017  c_w.l(_printf_percent_end.o)
    0x08000206   0x00000002   Code   RO         3004    .ARM.Collect$$libinit$$00000000  c_w.l(libinit.o)
    0x08000208   0x00000004   Code   RO         3005    .ARM.Collect$$libinit$$00000001  c_w.l(libinit2.o)
    0x0800020c   0x00000000   Code   RO         3008    .ARM.Collect$$libinit$$00000004  c_w.l(libinit2.o)
    0x0800020c   0x00000008   Code   RO         3009    .ARM.Collect$$libinit$$00000005  c_w.l(libinit2.o)
    0x08000214   0x00000000   Code   RO         3011    .ARM.Collect$$libinit$$0000000A  c_w.l(libinit2.o)
    0x08000214   0x00000000   Code   RO         3013    .ARM.Collect$$libinit$$0000000C  c_w.l(libinit2.o)
    0x08000214   0x00000000   Code   RO         3015    .ARM.Collect$$libinit$$0000000E  c_w.l(libinit2.o)
    0x08000214   0x00000006   Code   RO         3016    .ARM.Collect$$libinit$$0000000F  c_w.l(libinit2.o)
    0x0800021a   0x00000000   Code   RO         3018    .ARM.Collect$$libinit$$00000011  c_w.l(libinit2.o)
    0x0800021a   0x0000000c   Code   RO         3019    .ARM.Collect$$libinit$$00000012  c_w.l(libinit2.o)
    0x08000226   0x00000000   Code   RO         3020    .ARM.Collect$$libinit$$00000013  c_w.l(libinit2.o)
    0x08000226   0x00000000   Code   RO         3022    .ARM.Collect$$libinit$$00000015  c_w.l(libinit2.o)
    0x08000226   0x0000000a   Code   RO         3023    .ARM.Collect$$libinit$$00000016  c_w.l(libinit2.o)
    0x08000230   0x00000000   Code   RO         3024    .ARM.Collect$$libinit$$00000017  c_w.l(libinit2.o)
    0x08000230   0x00000000   Code   RO         3026    .ARM.Collect$$libinit$$00000019  c_w.l(libinit2.o)
    0x08000230   0x00000000   Code   RO         3028    .ARM.Collect$$libinit$$0000001B  c_w.l(libinit2.o)
    0x08000230   0x00000000   Code   RO         3030    .ARM.Collect$$libinit$$0000001D  c_w.l(libinit2.o)
    0x08000230   0x00000000   Code   RO         3032    .ARM.Collect$$libinit$$0000001F  c_w.l(libinit2.o)
    0x08000230   0x00000000   Code   RO         3034    .ARM.Collect$$libinit$$00000021  c_w.l(libinit2.o)
    0x08000230   0x00000000   Code   RO         3036    .ARM.Collect$$libinit$$00000023  c_w.l(libinit2.o)
    0x08000230   0x00000004   Code   RO         3037    .ARM.Collect$$libinit$$00000024  c_w.l(libinit2.o)
    0x08000234   0x00000000   Code   RO         3038    .ARM.Collect$$libinit$$00000025  c_w.l(libinit2.o)
    0x08000234   0x00000000   Code   RO         3042    .ARM.Collect$$libinit$$0000002C  c_w.l(libinit2.o)
    0x08000234   0x00000000   Code   RO         3044    .ARM.Collect$$libinit$$0000002E  c_w.l(libinit2.o)
    0x08000234   0x00000000   Code   RO         3046    .ARM.Collect$$libinit$$00000030  c_w.l(libinit2.o)
    0x08000234   0x00000000   Code   RO         3048    .ARM.Collect$$libinit$$00000032  c_w.l(libinit2.o)
    0x08000234   0x00000002   Code   RO         3049    .ARM.Collect$$libinit$$00000033  c_w.l(libinit2.o)
    0x08000236   0x00000002   Code   RO         3232    .ARM.Collect$$libshutdown$$00000000  c_w.l(libshutdown.o)
    0x08000238   0x00000000   Code   RO         3051    .ARM.Collect$$libshutdown$$00000002  c_w.l(libshutdown2.o)
    0x08000238   0x00000004   Code   RO         3052    .ARM.Collect$$libshutdown$$00000003  c_w.l(libshutdown2.o)
    0x0800023c   0x00000000   Code   RO         3053    .ARM.Collect$$libshutdown$$00000004  c_w.l(libshutdown2.o)
    0x0800023c   0x00000000   Code   RO         3056    .ARM.Collect$$libshutdown$$00000007  c_w.l(libshutdown2.o)
    0x0800023c   0x00000000   Code   RO         3059    .ARM.Collect$$libshutdown$$0000000A  c_w.l(libshutdown2.o)
    0x0800023c   0x00000000   Code   RO         3061    .ARM.Collect$$libshutdown$$0000000C  c_w.l(libshutdown2.o)
    0x0800023c   0x00000000   Code   RO         3064    .ARM.Collect$$libshutdown$$0000000F  c_w.l(libshutdown2.o)
    0x0800023c   0x00000002   Code   RO         3065    .ARM.Collect$$libshutdown$$00000010  c_w.l(libshutdown2.o)
    0x0800023e   0x00000000   Code   RO         2781    .ARM.Collect$$rtentry$$00000000  c_w.l(__rtentry.o)
    0x0800023e   0x00000000   Code   RO         2803    .ARM.Collect$$rtentry$$00000002  c_w.l(__rtentry2.o)
    0x0800023e   0x00000006   Code   RO         2815    .ARM.Collect$$rtentry$$00000004  c_w.l(__rtentry4.o)
    0x08000244   0x00000000   Code   RO         2805    .ARM.Collect$$rtentry$$00000009  c_w.l(__rtentry2.o)
    0x08000244   0x00000004   Code   RO         2806    .ARM.Collect$$rtentry$$0000000A  c_w.l(__rtentry2.o)
    0x08000248   0x00000000   Code   RO         2808    .ARM.Collect$$rtentry$$0000000C  c_w.l(__rtentry2.o)
    0x08000248   0x00000008   Code   RO         2809    .ARM.Collect$$rtentry$$0000000D  c_w.l(__rtentry2.o)
    0x08000250   0x00000002   Code   RO         3081    .ARM.Collect$$rtexit$$00000000  c_w.l(rtexit.o)
    0x08000252   0x00000000   Code   RO         3163    .ARM.Collect$$rtexit$$00000002  c_w.l(rtexit2.o)
    0x08000252   0x00000004   Code   RO         3164    .ARM.Collect$$rtexit$$00000003  c_w.l(rtexit2.o)
    0x08000256   0x00000006   Code   RO         3165    .ARM.Collect$$rtexit$$00000004  c_w.l(rtexit2.o)
    0x0800025c   0x00000000   Code   RO         3169    .emb_text           c_w.l(maybetermalloc1.o)
    0x0800025c   0x00000040   Code   RO          315    .text               startup_stm32f40xx.o
    0x0800029c   0x00000018   Code   RO         2741    .text               c_w.l(noretval__2printf.o)
    0x080002b4   0x0000004e   Code   RO         2745    .text               c_w.l(_printf_pad.o)
    0x08000302   0x0000010e   Code   RO         2755    .text               c_w.l(__printf_wp.o)
    0x08000410   0x00000020   Code   RO         2769    .text               c_w.l(__0scanf.o)
    0x08000430   0x00000006   Code   RO         2771    .text               c_w.l(heapauxi.o)
    0x08000436   0x0000041a   Code   RO         2782    .text               c_w.l(_printf_fp_dec.o)
    0x08000850   0x00000024   Code   RO         2784    .text               c_w.l(_printf_char_file.o)
    0x08000874   0x000004a4   Code   RO         2787    .text               c_w.l(scanf_fp.o)
    0x08000d18   0x00000018   Code   RO         2789    .text               c_w.l(scanf_char_file.o)
    0x08000d30   0x00000008   Code   RO         2820    .text               c_w.l(rt_locale_intlibspace.o)
    0x08000d38   0x00000008   Code   RO         2825    .text               c_w.l(rt_errno_addr_intlibspace.o)
    0x08000d40   0x0000008a   Code   RO         2827    .text               c_w.l(lludiv10.o)
    0x08000dca   0x00000002   PAD
    0x08000dcc   0x00000030   Code   RO         2829    .text               c_w.l(_printf_char_common.o)
    0x08000dfc   0x00000080   Code   RO         2831    .text               c_w.l(_printf_fp_infnan.o)
    0x08000e7c   0x0000002c   Code   RO         2833    .text               c_w.l(scanf_char.o)
    0x08000ea8   0x000000dc   Code   RO         2835    .text               c_w.l(bigflt0.o)
    0x08000f84   0x00000048   Code   RO         2860    .text               c_w.l(backspace.o)
    0x08000fcc   0x00000008   Code   RO         2862    .text               c_w.l(ferror.o)
    0x08000fd4   0x00000138   Code   RO         2864    .text               c_w.l(initio.o)
    0x0800110c   0x00000066   Code   RO         2896    .text               c_w.l(sys_io.o)
    0x08001172   0x00000002   PAD
    0x08001174   0x00000008   Code   RO         2901    .text               c_w.l(libspace.o)
    0x0800117c   0x0000004a   Code   RO         2906    .text               c_w.l(sys_stackheap_outer.o)
    0x080011c6   0x0000004e   Code   RO         2910    .text               c_w.l(h1_free.o)
    0x08001214   0x00000016   Code   RO         2964    .text               c_w.l(_rserrno.o)
    0x0800122a   0x00000012   Code   RO         2966    .text               c_w.l(isspace.o)
    0x0800123c   0x00000374   Code   RO         2970    .text               c_w.l(_scanf.o)
    0x080015b0   0x00000318   Code   RO         2972    .text               c_w.l(scanf_hexfp.o)
    0x080018c8   0x00000134   Code   RO         2974    .text               c_w.l(scanf_infnan.o)
    0x080019fc   0x00000046   Code   RO         2976    .text               c_w.l(setvbuf.o)
    0x08001a42   0x00000002   PAD
    0x08001a44   0x00000048   Code   RO         2978    .text               c_w.l(ungetc.o)
    0x08001a8c   0x000000ec   Code   RO         2981    .text               c_w.l(fopen.o)
    0x08001b78   0x0000004c   Code   RO         2983    .text               c_w.l(fclose.o)
    0x08001bc4   0x00000012   Code   RO         2989    .text               c_w.l(exit.o)
    0x08001bd6   0x0000000e   Code   RO         2991    .text               c_w.l(defsig_rtred_outer.o)
    0x08001be4   0x0000004e   Code   RO         2995    .text               c_w.l(rt_memclr_w.o)
    0x08001c32   0x00000002   PAD
    0x08001c34   0x00000080   Code   RO         2997    .text               c_w.l(strcmpv7m.o)
    0x08001cb4   0x00000002   Code   RO         3078    .text               c_w.l(use_no_semi.o)
    0x08001cb6   0x00000000   Code   RO         3080    .text               c_w.l(indicate_semi.o)
    0x08001cb6   0x00000002   PAD
    0x08001cb8   0x00000010   Code   RO         3083    .text               c_w.l(rt_ctype_table.o)
    0x08001cc8   0x00000008   Code   RO         3090    .text               c_w.l(rt_heap_descriptor_intlibspace.o)
    0x08001cd0   0x00000004   Code   RO         3092    .text               c_w.l(hguard.o)
    0x08001cd4   0x0000008a   Code   RO         3094    .text               c_w.l(init_alloc.o)
    0x08001d5e   0x0000005e   Code   RO         3100    .text               c_w.l(h1_alloc.o)
    0x08001dbc   0x00000026   Code   RO         3114    .text               c_w.l(llshl.o)
    0x08001de2   0x0000001c   Code   RO         3116    .text               c_w.l(_chval.o)
    0x08001dfe   0x00000002   PAD
    0x08001e00   0x000000f8   Code   RO         3118    .text               c_w.l(fseek.o)
    0x08001ef8   0x000000f0   Code   RO         3120    .text               c_w.l(stdio.o)
    0x08001fe8   0x0000000a   Code   RO         3122    .text               c_w.l(defsig_exit.o)
    0x08001ff2   0x00000002   PAD
    0x08001ff4   0x00000034   Code   RO         3124    .text               c_w.l(defsig_rtred_inner.o)
    0x08002028   0x0000003e   Code   RO         3126    .text               c_w.l(strlen.o)
    0x08002066   0x00000002   PAD
    0x08002068   0x0000000c   Code   RO         3160    .text               c_w.l(sys_exit.o)
    0x08002074   0x0000000e   Code   RO         3171    .text               c_w.l(h1_init.o)
    0x08002082   0x00000034   Code   RO         3173    .text               c_w.l(h1_extend.o)
    0x080020b6   0x00000042   Code   RO         3179    .text               c_w.l(ftell.o)
    0x080020f8   0x00000032   Code   RO         3186    .text               c_w.l(defsig_general.o)
    0x0800212a   0x0000000e   Code   RO         3188    .text               c_w.l(defsig_rtmem_outer.o)
    0x08002138   0x0000000e   Code   RO         3218    .text               c_w.l(sys_wrch.o)
    0x08002146   0x00000002   PAD
    0x08002148   0x00000050   Code   RO         3226    .text               c_w.l(defsig_rtmem_inner.o)
    0x08002198   0x0000003e   Code   RO         2838    CL$$btod_d2e        c_w.l(btod.o)
    0x080021d6   0x00000046   Code   RO         2840    CL$$btod_d2e_denorm_low  c_w.l(btod.o)
    0x0800221c   0x00000060   Code   RO         2839    CL$$btod_d2e_norm_op1  c_w.l(btod.o)
    0x0800227c   0x00000338   Code   RO         2848    CL$$btod_div_common  c_w.l(btod.o)
    0x080025b4   0x00000054   Code   RO         2846    CL$$btod_e2d        c_w.l(btod.o)
    0x08002608   0x000000c6   Code   RO         2845    CL$$btod_e2e        c_w.l(btod.o)
    0x080026ce   0x00000028   Code   RO         2842    CL$$btod_ediv       c_w.l(btod.o)
    0x080026f6   0x00000028   Code   RO         2844    CL$$btod_edivd      c_w.l(btod.o)
    0x0800271e   0x00000028   Code   RO         2841    CL$$btod_emul       c_w.l(btod.o)
    0x08002746   0x00000028   Code   RO         2843    CL$$btod_emuld      c_w.l(btod.o)
    0x0800276e   0x00000244   Code   RO         2847    CL$$btod_mult_common  c_w.l(btod.o)
    0x080029b2   0x00000004   Code   RO          179    i.BusFault_Handler  stm32f4xx_it.o
    0x080029b6   0x00000002   Code   RO          180    i.DebugMon_Handler  stm32f4xx_it.o
    0x080029b8   0x00000084   Code   RO          181    i.EXTI0_IRQHandler  stm32f4xx_it.o
    0x08002a3c   0x0000000c   Code   RO          771    i.EXTI_ClearITPendingBit  stm32f4xx_exti.o
    0x08002a48   0x00000018   Code   RO          775    i.EXTI_GetITStatus  stm32f4xx_exti.o
    0x08002a60   0x00000094   Code   RO          776    i.EXTI_Init         stm32f4xx_exti.o
    0x08002af4   0x00000038   Code   RO            4    i.GPIOConfig        main.o
    0x08002b2c   0x00000090   Code   RO         2419    i.GPIO_Init         stm32f4xx_gpio.o
    0x08002bbc   0x00000046   Code   RO         2420    i.GPIO_PinAFConfig  stm32f4xx_gpio.o
    0x08002c02   0x00000012   Code   RO         2423    i.GPIO_ReadInputDataBit  stm32f4xx_gpio.o
    0x08002c14   0x00000008   Code   RO         2429    i.GPIO_ToggleBits   stm32f4xx_gpio.o
    0x08002c1c   0x0000000a   Code   RO         2431    i.GPIO_WriteBit     stm32f4xx_gpio.o
    0x08002c26   0x0000001c   Code   RO         2610    i.GetUSART          uart.o
    0x08002c42   0x00000004   Code   RO          182    i.HardFault_Handler  stm32f4xx_it.o
    0x08002c46   0x00000004   Code   RO          183    i.MemManage_Handler  stm32f4xx_it.o
    0x08002c4a   0x00000002   Code   RO          184    i.NMI_Handler       stm32f4xx_it.o
    0x08002c4c   0x00000078   Code   RO          322    i.NVIC_Init         misc.o
    0x08002cc4   0x0000018c   Code   RO         2697    i.PWMConfig         motorcontrol.o
    0x08002e50   0x000000ac   Code   RO         2698    i.PWMControl        motorcontrol.o
    0x08002efc   0x00000002   Code   RO          185    i.PendSV_Handler    stm32f4xx_it.o
    0x08002efe   0x00000002   PAD
    0x08002f00   0x00000020   Code   RO         1064    i.RCC_AHB1PeriphClockCmd  stm32f4xx_rcc.o
    0x08002f20   0x00000020   Code   RO         1073    i.RCC_APB1PeriphClockCmd  stm32f4xx_rcc.o
    0x08002f40   0x00000020   Code   RO         1076    i.RCC_APB2PeriphClockCmd  stm32f4xx_rcc.o
    0x08002f60   0x000000e8   Code   RO         1085    i.RCC_GetClocksFreq  stm32f4xx_rcc.o
    0x08003048   0x00000002   Code   RO          186    i.SVC_Handler       stm32f4xx_it.o
    0x0800304a   0x00000002   PAD
    0x0800304c   0x00000040   Code   RO         2169    i.SYSCFG_EXTILineConfig  stm32f4xx_syscfg.o
    0x0800308c   0x000000ec   Code   RO          274    i.SetSysClock       system_stm32f4xx.o
    0x08003178   0x00000002   Code   RO          187    i.SysTick_Handler   stm32f4xx_it.o
    0x0800317a   0x00000002   PAD
    0x0800317c   0x00000068   Code   RO          276    i.SystemInit        system_stm32f4xx.o
    0x080031e4   0x0000003a   Code   RO         1600    i.TI1_Config        stm32f4xx_tim.o
    0x0800321e   0x00000050   Code   RO         1601    i.TI2_Config        stm32f4xx_tim.o
    0x0800326e   0x00000048   Code   RO         1602    i.TI3_Config        stm32f4xx_tim.o
    0x080032b6   0x00000050   Code   RO         1603    i.TI4_Config        stm32f4xx_tim.o
    0x08003306   0x00000002   PAD
    0x08003308   0x00000030   Code   RO          188    i.TIM3_IRQHandler   stm32f4xx_it.o
    0x08003338   0x00000018   Code   RO         1604    i.TIM_ARRPreloadConfig  stm32f4xx_tim.o
    0x08003350   0x00000006   Code   RO         1611    i.TIM_ClearITPendingBit  stm32f4xx_tim.o
    0x08003356   0x00000018   Code   RO         1616    i.TIM_Cmd           stm32f4xx_tim.o
    0x0800336e   0x00000042   Code   RO         1625    i.TIM_EncoderInterfaceConfig  stm32f4xx_tim.o
    0x080033b0   0x00000022   Code   RO         1637    i.TIM_GetITStatus   stm32f4xx_tim.o
    0x080033d2   0x0000006e   Code   RO         1639    i.TIM_ICInit        stm32f4xx_tim.o
    0x08003440   0x00000012   Code   RO         1641    i.TIM_ITConfig      stm32f4xx_tim.o
    0x08003452   0x00000002   PAD
    0x08003454   0x000000a4   Code   RO         1650    i.TIM_OC2Init       stm32f4xx_tim.o
    0x080034f8   0x0000001a   Code   RO         1653    i.TIM_OC2PreloadConfig  stm32f4xx_tim.o
    0x08003512   0x00000002   PAD
    0x08003514   0x000000a0   Code   RO         1655    i.TIM_OC3Init       stm32f4xx_tim.o
    0x080035b4   0x00000012   Code   RO         1658    i.TIM_OC3PreloadConfig  stm32f4xx_tim.o
    0x080035c6   0x00000002   PAD
    0x080035c8   0x00000078   Code   RO         1660    i.TIM_OC4Init       stm32f4xx_tim.o
    0x08003640   0x0000001a   Code   RO         1662    i.TIM_OC4PreloadConfig  stm32f4xx_tim.o
    0x0800365a   0x00000004   Code   RO         1682    i.TIM_SetCounter    stm32f4xx_tim.o
    0x0800365e   0x00000012   Code   RO         1683    i.TIM_SetIC1Prescaler  stm32f4xx_tim.o
    0x08003670   0x0000001a   Code   RO         1684    i.TIM_SetIC2Prescaler  stm32f4xx_tim.o
    0x0800368a   0x00000012   Code   RO         1685    i.TIM_SetIC3Prescaler  stm32f4xx_tim.o
    0x0800369c   0x0000001a   Code   RO         1686    i.TIM_SetIC4Prescaler  stm32f4xx_tim.o
    0x080036b6   0x00000002   PAD
    0x080036b8   0x00000084   Code   RO         1688    i.TIM_TimeBaseInit  stm32f4xx_tim.o
    0x0800373c   0x00000018   Code   RO         2230    i.USART_Cmd         stm32f4xx_usart.o
    0x08003754   0x00000088   Code   RO         2612    i.USART_Configuration  uart.o
    0x080037dc   0x0000001a   Code   RO         2233    i.USART_GetFlagStatus  stm32f4xx_usart.o
    0x080037f6   0x00000002   PAD
    0x080037f8   0x000000d4   Code   RO         2237    i.USART_Init        stm32f4xx_usart.o
    0x080038cc   0x0000000a   Code   RO         2244    i.USART_ReceiveData  stm32f4xx_usart.o
    0x080038d6   0x00000008   Code   RO         2247    i.USART_SendData    stm32f4xx_usart.o
    0x080038de   0x00000004   Code   RO          189    i.UsageFault_Handler  stm32f4xx_it.o
    0x080038e2   0x00000030   Code   RO         2886    i.__ARM_fpclassify  m_wm.l(fpclassify.o)
    0x08003912   0x00000006   PAD
    0x08003918   0x000000d0   Code   RO         3144    i.__hardfp_ldexp    m_wm.l(ldexp.o)
    0x080039e8   0x00000020   Code   RO         3207    i.__mathlib_dbl_overflow  m_wm.l(dunder.o)
    0x08003a08   0x00000020   Code   RO         3209    i.__mathlib_dbl_underflow  m_wm.l(dunder.o)
    0x08003a28   0x000000b8   Code   RO         2889    i.__mathlib_narrow  m_wm.l(narrow.o)
    0x08003ae0   0x00000014   Code   RO         3146    i.__support_ldexp   m_wm.l(ldexp.o)
    0x08003af4   0x0000000e   Code   RO         2757    i._is_digit         c_w.l(__printf_wp.o)
    0x08003b02   0x00000002   PAD
    0x08003b04   0x000001c4   Code   RO         2566    i.encoderInit       encoder.o
    0x08003cc8   0x0000003c   Code   RO         2567    i.encoderReset      encoder.o
    0x08003d04   0x00000010   Code   RO         2613    i.fgetc             uart.o
    0x08003d14   0x00000024   Code   RO         2614    i.fputc             uart.o
    0x08003d38   0x0000008c   Code   RO         3074    i.frexp             m_wm.l(frexp.o)
    0x08003dc4   0x00000074   Code   RO         2667    i.initButtonOnDiscoveryBoard  button.o
    0x08003e38   0x000000bc   Code   RO            5    i.main              main.o
    0x08003ef4   0x00000060   Code   RO         2699    i.motorDirConfig    motorcontrol.o
    0x08003f54   0x0000002c   Code   RO         2873    locale$$code        c_w.l(lc_numeric_c.o)
    0x08003f80   0x0000002c   Code   RO         3182    locale$$code        c_w.l(lc_ctype_c.o)
    0x08003fac   0x00000062   Code   RO         3066    x$fpl$d2f           fz_wm.l(d2f.o)
    0x0800400e   0x00000002   PAD
    0x08004010   0x00000010   Code   RO         3239    x$fpl$dcheck1       fz_wm.l(dcheck1.o)
    0x08004020   0x00000018   Code   RO         3132    x$fpl$dcmpinf       fz_wm.l(dcmpi.o)
    0x08004038   0x00000078   Code   RO         3068    x$fpl$deqf          fz_wm.l(deqf.o)
    0x080040b0   0x00000078   Code   RO         3134    x$fpl$dleqf         fz_wm.l(dleqf.o)
    0x08004128   0x00000154   Code   RO         3136    x$fpl$dmul          fz_wm.l(dmul.o)
    0x0800427c   0x0000009c   Code   RO         3138    x$fpl$dnaninf       fz_wm.l(dnaninf.o)
    0x08004318   0x0000000c   Code   RO         2797    x$fpl$dretinf       fz_wm.l(dretinf.o)
    0x08004324   0x0000006c   Code   RO         3070    x$fpl$drleqf        fz_wm.l(drleqf.o)
    0x08004390   0x00000056   Code   RO         2775    x$fpl$f2d           fz_wm.l(f2d.o)
    0x080043e6   0x0000008c   Code   RO         2799    x$fpl$fnaninf       fz_wm.l(fnaninf.o)
    0x08004472   0x0000000a   Code   RO         3140    x$fpl$fpinit        fz_wm.l(fpinit.o)
    0x0800447c   0x0000000a   Code   RO         3142    x$fpl$fretinf       fz_wm.l(fretinf.o)
    0x08004486   0x00000004   Code   RO         2777    x$fpl$printf1       fz_wm.l(printf1.o)
    0x0800448a   0x00000064   Code   RO         3263    x$fpl$retnan        fz_wm.l(retnan.o)
    0x080044ee   0x0000005c   Code   RO         3201    x$fpl$scalbn        fz_wm.l(scalbn.o)
    0x0800454a   0x00000004   Code   RO         2779    x$fpl$scanf1        fz_wm.l(scanf1.o)
    0x0800454e   0x00000008   Code   RO         2880    x$fpl$scanf2        fz_wm.l(scanf2.o)
    0x08004556   0x00000030   Code   RO         3265    x$fpl$trapveneer    fz_wm.l(trapv.o)
    0x08004586   0x00000000   Code   RO         2801    x$fpl$usenofp       fz_wm.l(usenofp.o)
    0x08004586   0x00000002   PAD
    0x08004588   0x00000094   Data   RO         2836    .constdata          c_w.l(bigflt0.o)
    0x0800461c   0x00000004   Data   RO         2897    .constdata          c_w.l(sys_io.o)
    0x08004620   0x00000004   Data   RO         2898    .constdata          c_w.l(sys_io.o)
    0x08004624   0x00000004   Data   RO         2899    .constdata          c_w.l(sys_io.o)
    0x08004628   0x00000020   Data   RO         3267    Region$$Table       anon$$obj.o
    0x08004648   0x00000008   Data   RO         2875    c$$dinf             fz_wm.l(fpconst.o)
    0x08004650   0x0000001c   Data   RO         2872    locale$$data        c_w.l(lc_numeric_c.o)
    0x0800466c   0x00000110   Data   RO         3181    locale$$data        c_w.l(lc_ctype_c.o)


    Execution Region RW_IRAM1 (Base: 0x20000000, Size: 0x00000828, Max: 0x00020000, ABSOLUTE)

    Base Addr    Size         Type   Attr      Idx    E Section Name        Object

    0x20000000   0x00000008   Data   RW            6    .data               main.o
    0x20000008   0x00000004   Data   RW          190    .data               stm32f4xx_it.o
    0x2000000c   0x00000014   Data   RW          277    .data               system_stm32f4xx.o
    0x20000020   0x00000010   Data   RW         1117    .data               stm32f4xx_rcc.o
    0x20000030   0x00000030   Data   RW         2570    .data               encoder.o
    0x20000060   0x00000008   Data   RW         2616    .data               uart.o
    0x20000068   0x00000014   Data   RW         2668    .data               button.o
    0x2000007c   0x00000010   Data   RW         2701    .data               motorcontrol.o
    0x2000008c   0x00000004   Data   RW         2794    .data               c_w.l(stdio_streams.o)
    0x20000090   0x00000004   Data   RW         2795    .data               c_w.l(stdio_streams.o)
    0x20000094   0x00000004   Data   RW         2796    .data               c_w.l(stdio_streams.o)
    0x20000098   0x00000010   Zero   RW         2615    .bss                uart.o
    0x200000a8   0x00000020   Zero   RW         2700    .bss                motorcontrol.o
    0x200000c8   0x00000054   Zero   RW         2791    .bss                c_w.l(stdio_streams.o)
    0x2000011c   0x00000054   Zero   RW         2792    .bss                c_w.l(stdio_streams.o)
    0x20000170   0x00000054   Zero   RW         2793    .bss                c_w.l(stdio_streams.o)
    0x200001c4   0x00000060   Zero   RW         2902    .bss                c_w.l(libspace.o)
    0x20000224   0x00000004   PAD
    0x20000228   0x00000200   Zero   RW          313    HEAP                startup_stm32f40xx.o
    0x20000428   0x00000400   Zero   RW          312    STACK               startup_stm32f40xx.o


==============================================================================

Image component sizes


      Code (inc. data)   RO Data    RW Data    ZI Data      Debug   Object Name

       116         16          0         20          0        937   button.o
       512         38          0         48          0       2311   encoder.o
       244         38          0          8          0     310875   main.o
       120         14          0          0          0     234076   misc.o
       664         82          0         16         32       2359   motorcontrol.o
        64         26        392          0       1536        916   startup_stm32f40xx.o
       184         16          0          0          0       2248   stm32f4xx_exti.o
       250          0          0          0          0       3785   stm32f4xx_gpio.o
       206         28          0          4          0       5283   stm32f4xx_it.o
       328         36          0         16          0       4859   stm32f4xx_rcc.o
        64          4          0          0          0        688   stm32f4xx_syscfg.o
      1310         56          0          0          0      16387   stm32f4xx_tim.o
       280          8          0          0          0       4056   stm32f4xx_usart.o
       340         32          0         20          0       1749   system_stm32f4xx.o
       216         24          0          8         16       2822   uart.o

    ----------------------------------------------------------------------
      4916        418        424        140       1584     593351   Object Totals
         0          0         32          0          0          0   (incl. Generated)
        18          0          0          0          0          0   (incl. Padding)

    ----------------------------------------------------------------------

      Code (inc. data)   RO Data    RW Data    ZI Data      Debug   Library Member Name

        32          6          0          0          0         84   __0scanf.o
         8          0          0          0          0         68   __main.o
       284          0          0          0          0        156   __printf_wp.o
         0          0          0          0          0          0   __rtentry.o
        12          0          0          0          0          0   __rtentry2.o
         6          0          0          0          0          0   __rtentry4.o
        52          8          0          0          0          0   __scatter.o
        26          0          0          0          0          0   __scatter_copy.o
        28          0          0          0          0          0   __scatter_zi.o
        28          0          0          0          0         68   _chval.o
        48          6          0          0          0         96   _printf_char_common.o
        36          4          0          0          0         80   _printf_char_file.o
         6          0          0          0          0          0   _printf_f.o
      1050          0          0          0          0        216   _printf_fp_dec.o
       128         16          0          0          0         84   _printf_fp_infnan.o
        78          0          0          0          0        108   _printf_pad.o
         0          0          0          0          0          0   _printf_percent.o
         4          0          0          0          0          0   _printf_percent_end.o
        22          0          0          0          0        100   _rserrno.o
       884          6          0          0          0        100   _scanf.o
        72          0          0          0          0         92   backspace.o
       220          4        148          0          0         96   bigflt0.o
      2074        132          0          0          0        940   btod.o
        10          0          0          0          0         68   defsig_exit.o
        50          0          0          0          0         88   defsig_general.o
        80         58          0          0          0         76   defsig_rtmem_inner.o
        14          0          0          0          0         80   defsig_rtmem_outer.o
        52         38          0          0          0         76   defsig_rtred_inner.o
        14          0          0          0          0         80   defsig_rtred_outer.o
        18          0          0          0          0         80   exit.o
        76          0          0          0          0         88   fclose.o
         8          0          0          0          0         68   ferror.o
       236          4          0          0          0        128   fopen.o
       248          6          0          0          0         84   fseek.o
        66          0          0          0          0         76   ftell.o
        94          0          0          0          0         80   h1_alloc.o
        52          0          0          0          0         68   h1_extend.o
        78          0          0          0          0         80   h1_free.o
        14          0          0          0          0         84   h1_init.o
         6          0          0          0          0        152   heapauxi.o
         4          0          0          0          0        136   hguard.o
         0          0          0          0          0          0   indicate_semi.o
       138          0          0          0          0        168   init_alloc.o
       312         46          0          0          0        112   initio.o
        18          0          0          0          0         76   isspace.o
        44         10        272          0          0         76   lc_ctype_c.o
        44         10         28          0          0         76   lc_numeric_c.o
         2          0          0          0          0          0   libinit.o
        46          0          0          0          0          0   libinit2.o
         2          0          0          0          0          0   libshutdown.o
         6          0          0          0          0          0   libshutdown2.o
         8          4          0          0         96         68   libspace.o
        38          0          0          0          0         68   llshl.o
       138          0          0          0          0         80   lludiv10.o
         0          0          0          0          0          0   maybetermalloc1.o
        24          4          0          0          0         84   noretval__2printf.o
        16          4          0          0          0         76   rt_ctype_table.o
         8          4          0          0          0         68   rt_errno_addr_intlibspace.o
         8          4          0          0          0         68   rt_heap_descriptor_intlibspace.o
         8          4          0          0          0         68   rt_locale_intlibspace.o
        78          0          0          0          0         80   rt_memclr_w.o
         2          0          0          0          0          0   rtexit.o
        10          0          0          0          0          0   rtexit2.o
        44          8          0          0          0         84   scanf_char.o
        24          8          0          0          0         68   scanf_char_file.o
      1188         12          0          0          0        148   scanf_fp.o
       792         14          0          0          0        100   scanf_hexfp.o
       308         16          0          0          0        100   scanf_infnan.o
        70          0          0          0          0         80   setvbuf.o
       240          6          0          0          0        156   stdio.o
         0          0          0         12        252          0   stdio_streams.o
       128          0          0          0          0         68   strcmpv7m.o
        62          0          0          0          0         76   strlen.o
        12          4          0          0          0         68   sys_exit.o
       102          0         12          0          0        240   sys_io.o
        74          0          0          0          0         80   sys_stackheap_outer.o
        14          0          0          0          0         76   sys_wrch.o
        72         12          0          0          0         68   ungetc.o
         2          0          0          0          0         68   use_no_semi.o
        98          4          0          0          0        140   d2f.o
        16          4          0          0          0        116   dcheck1.o
        24          0          0          0          0        116   dcmpi.o
       120          4          0          0          0        140   deqf.o
       120          4          0          0          0        140   dleqf.o
       340         12          0          0          0        152   dmul.o
       156          4          0          0          0        140   dnaninf.o
        12          0          0          0          0        116   dretinf.o
       108          0          0          0          0        128   drleqf.o
        86          4          0          0          0        132   f2d.o
       140          4          0          0          0        132   fnaninf.o
         0          0          8          0          0          0   fpconst.o
        10          0          0          0          0        116   fpinit.o
        10          0          0          0          0        116   fretinf.o
         4          0          0          0          0        116   printf1.o
       100          0          0          0          0        116   retnan.o
        92          0          0          0          0        116   scalbn.o
         4          0          0          0          0        116   scanf1.o
         8          0          0          0          0        132   scanf2.o
        48          0          0          0          0        116   trapv.o
         0          0          0          0          0          0   usenofp.o
        64         16          0          0          0        248   dunder.o
        48          0          0          0          0        124   fpclassify.o
       140         22          0          0          0        132   frexp.o
       228          8          0          0          0        308   ldexp.o
       184         18          0          0          0        152   narrow.o

    ----------------------------------------------------------------------
     12492        562        468         12        352       9888   Library Totals
        32          0          0          0          4          0   (incl. Padding)

    ----------------------------------------------------------------------

      Code (inc. data)   RO Data    RW Data    ZI Data      Debug   Library Name

     10300        458        460         12        348       6528   c_w.l
      1496         40          8          0          0       2396   fz_wm.l
       664         64          0          0          0        964   m_wm.l

    ----------------------------------------------------------------------
     12492        562        468         12        352       9888   Library Totals

    ----------------------------------------------------------------------

==============================================================================


      Code (inc. data)   RO Data    RW Data    ZI Data      Debug   

     17408        980        892        152       1936     590899   Grand Totals
     17408        980        892        152       1936     590899   ELF Image Totals
     17408        980        892        152          0          0   ROM Totals

==============================================================================

    Total RO  Size (Code + RO Data)                18300 (  17.87kB)
    Total RW  Size (RW Data + ZI Data)              2088 (   2.04kB)
    Total ROM Size (Code + RO Data + RW Data)      18452 (  18.02kB)

==============================================================================

