<html>
<body>
<pre>
<h1>µVision Build Log</h1>
<h2>Tool Versions:</h2>
IDE-Version: µVision V5.18.0.0
Copyright (C) 2016 ARM Ltd and ARM Germany GmbH. All rights reserved.
License Information: kh DKhanh, kd, LIC=WHYII-TMZS4-013P1-CJ63J-JBCKU-PXE43
 
Tool Versions:
Toolchain:       MDK-ARM Standard  Version: 5.18
Toolchain Path:  C:\Keil_v5\ARM\ARMCC\Bin
C Compiler:      Armcc.exe V5.06 update 1 (build 61)
Assembler:       Armasm.exe V5.06 update 1 (build 61)
Linker/Locator:  ArmLink.exe V5.06 update 1 (build 61)
Library Manager: ArmAr.exe V5.06 update 1 (build 61)
Hex Converter:   FromElf.exe V5.06 update 1 (build 61)
CPU DLL:         SARMCM3.DLL V5.18
Dialog DLL:      DCM.DLL V1.13.6.0
Target DLL:      STLink\ST-LINKIII-KEIL_SWO.dll V2.0.18.0
Dialog DLL:      TCM.DLL V1.14.8.0
 
<h2>Project:</h2>
E:\WorkSpace\Project\BallBot_V1\firmware\MDK-ARM\EXIT.uvprojx
Project File Date:  04/15/2016

<h2>Output:</h2>
*** Using Compiler 'V5.06 update 1 (build 61)', folder: 'C:\Keil_v5\ARM\ARMCC\Bin'
Build target 'BallBot'
compiling IMU.c...
..\Source\IMU.c(64): warning:  #167-D: argument of type "volatile int16_t *" is incompatible with parameter of type "int16_t *"
  		MPUgetAcceleration(accel_value);
..\Source\IMU.c(65): warning:  #167-D: argument of type "volatile int16_t *" is incompatible with parameter of type "int16_t *"
  		MPUgetRotation(gyro_value);
..\Source\IMU.c(94): warning:  #167-D: argument of type "volatile int16_t *" is incompatible with parameter of type "int16_t *"
  			MPUgetRotation(gyro_zero); 
..\Source\IMU.c(147): warning:  #1035-D: single-precision operand implicitly converted to double-precision
  	globalGyroAngle[AXIS_X] = (float)localGyroAngle[AXIS_X] + (float)globalThetaDot[AXIS_X]* 
AMPLE_TIME_IMU/1000.0 ; // unit: second;
..\Source\IMU.c(148): warning:  #1035-D: single-precision operand implicitly converted to double-precision
  	globalGyroAngle[AXIS_Y] = (float)localGyroAngle[AXIS_Y] + (float)globalThetaDot[AXIS_Y]* 
AMPLE_TIME_IMU/1000.0 ;
..\Source\IMU.c(149): warning:  #1035-D: single-precision operand implicitly converted to double-precision
  	globalGyroAngle[AXIS_Z] = (float)localGyroAngle[AXIS_Z] + (float)globalThetaDot[AXIS_Z]* 
AMPLE_TIME_IMU/1000.0 ;
..\Source\IMU.c(167): warning:  #1035-D: single-precision operand implicitly converted to double-precision
  	FilteredAngle[AXIS_X] = ALPHA*(float)globalGyroAngle[AXIS_X] + (1.0-ALPHA)*(float)globalTheta[AXIS_X];
..\Source\IMU.c(168): warning:  #1035-D: single-precision operand implicitly converted to double-precision
  	FilteredAngle[AXIS_Y] = ALPHA*(float)globalGyroAngle[AXIS_Y] + (1.0-ALPHA)*(float)globalTheta[AXIS_Y];
..\Source\IMU.c(169): warning:  #1035-D: single-precision operand implicitly converted to double-precision
  	FilteredAngle[AXIS_Z] = ALPHA*(float)globalGyroAngle[AXIS_Z] + (1.0-ALPHA)*(float)globalTheta[AXIS_Z];
..\Source\IMU.c: 9 warnings, 0 errors
linking...
Program Size: Code=12920 RO-data=576 RW-data=432 ZI-data=2176  
".\Project\BallBot.axf" - 0 Error(s), 9 Warning(s).

<h2>Collection of Component include folders:</h2>
  E:\WorkSpace\Project\BallBot_V1\firmware\MDK-ARM\RTE
  C:\Keil_v5\ARM\PACK\Keil\STM32F4xx_DFP\2.7.0\Drivers\CMSIS\Device\ST\STM32F4xx\Include

<h2>Collection of Component Files used:</h2>
Build Time Elapsed:  00:00:02
</pre>
</body>
</html>
