Component: ARM Compiler 5.06 update 1 (build 61) Tool: armlink [4d35a8]

==============================================================================

Section Cross References

    main.o(i.GPIOConfig) refers to stm32f4xx_rcc.o(i.RCC_AHB1PeriphClockCmd) for RCC_AHB1PeriphClockCmd
    main.o(i.GPIOConfig) refers to stm32f4xx_gpio.o(i.GPIO_Init) for GPIO_Init
    main.o(i.main) refers to system_stm32f4xx.o(i.SystemCoreClockUpdate) for SystemCoreClockUpdate
    main.o(i.main) refers to main.o(i.GPIOConfig) for GPIOConfig
    main.o(i.main) refers to button.o(i.initButtonOnDiscoveryBoard) for initButtonOnDiscoveryBoard
    main.o(i.main) refers to mpu6050_i2c.o(i.IIC_Init) for IIC_Init
    main.o(i.main) refers to mpu6050.o(i.MPU6050) for MPU6050
    main.o(i.main) refers to mpu6050.o(i.MPUinitialize) for MPUinitialize
    main.o(i.main) refers to imu.o(i.IMUGetValueGyroOffset) for IMUGetValueGyroOffset
    main.o(i.main) refers to motorcontrol.o(i.PWMConfig) for PWMConfig
    main.o(i.main) refers to motorcontrol.o(i.motorDirConfig) for motorDirConfig
    main.o(i.main) refers to tm_stm32f4_usart.o(i.TM_USART_Init) for TM_USART_Init
    main.o(i.main) refers to mpu6050.o(i.MPUtestConnection) for MPUtestConnection
    main.o(i.main) refers to stm32f4xx_gpio.o(i.GPIO_SetBits) for GPIO_SetBits
    main.o(i.main) refers to motorcontrol.o(i.PWMControl) for PWMControl
    main.o(i.main) refers to encoder.o(i.encoderInterrupt) for encoderInterrupt
    main.o(i.main) refers to tm_stm32f4_usart.o(i.TM_USART_Puts) for TM_USART_Puts
    main.o(i.main) refers to feedback.o(i.feedbackIMUProcess) for feedbackIMUProcess
    main.o(i.main) refers to imu.o(i.IMUGetAngle) for IMUGetAngle
    main.o(i.main) refers to f2d.o(x$fpl$f2d) for __aeabi_f2d
    main.o(i.main) refers to kalman.o(i.kalmanCalculate) for kalmanCalculate
    main.o(i.main) refers to dflt_clz.o(x$fpl$dflt) for __aeabi_i2d
    main.o(i.main) refers to imu.o(i.IMUFilter) for IMUFilter
    main.o(i.main) refers to system_stm32f4xx.o(.data) for SystemCoreClock
    main.o(i.main) refers to main.o(.data) for .data
    main.o(i.main) refers to imu.o(.bss) for globalGyroAngle
    main.o(i.main) refers to feedback.o(.bss) for globalTheta
    stm32f4xx_it.o(i.EXTI0_IRQHandler) refers to stm32f4xx_exti.o(i.EXTI_GetITStatus) for EXTI_GetITStatus
    stm32f4xx_it.o(i.EXTI0_IRQHandler) refers to stm32f4xx_gpio.o(i.GPIO_ReadInputDataBit) for GPIO_ReadInputDataBit
    stm32f4xx_it.o(i.EXTI0_IRQHandler) refers to stm32f4xx_gpio.o(i.GPIO_ToggleBits) for GPIO_ToggleBits
    stm32f4xx_it.o(i.EXTI0_IRQHandler) refers to stm32f4xx_exti.o(i.EXTI_ClearITPendingBit) for EXTI_ClearITPendingBit
    stm32f4xx_it.o(i.EXTI0_IRQHandler) refers to main.o(.data) for PWM_motorADutyCycle
    stm32f4xx_it.o(i.SysTick_Handler) refers to stm32f4xx_it.o(.data) for .data
    stm32f4xx_it.o(i.SysTick_Handler) refers to main.o(.data) for enableIMUInterrupt
    stm32f4xx_it.o(i.SysTick_Handler) refers to main.o(.data) for enablePIDInterrupt
    stm32f4xx_it.o(i.SysTick_Handler) refers to main.o(.data) for enableLargerPIDInterrupt
    stm32f4xx_it.o(i.SysTick_Handler) refers to main.o(.data) for enableLQGInterrupt
    stm32f4xx_it.o(i.TIM3_IRQHandler) refers to stm32f4xx_tim.o(i.TIM_GetITStatus) for TIM_GetITStatus
    stm32f4xx_it.o(i.TIM3_IRQHandler) refers to stm32f4xx_tim.o(i.TIM_ClearITPendingBit) for TIM_ClearITPendingBit
    stm32f4xx_it.o(i.TIM3_IRQHandler) refers to encoder.o(.data) for NumEncoder
    system_stm32f4xx.o(i.SystemCoreClockUpdate) refers to system_stm32f4xx.o(.data) for .data
    system_stm32f4xx.o(i.SystemInit) refers to system_stm32f4xx.o(i.SetSysClock) for SetSysClock
    startup_stm32f40xx.o(STACK) refers (Special) to heapauxi.o(.text) for __use_two_region_memory
    startup_stm32f40xx.o(HEAP) refers (Special) to heapauxi.o(.text) for __use_two_region_memory
    startup_stm32f40xx.o(RESET) refers (Special) to heapauxi.o(.text) for __use_two_region_memory
    startup_stm32f40xx.o(RESET) refers to startup_stm32f40xx.o(STACK) for __initial_sp
    startup_stm32f40xx.o(RESET) refers to startup_stm32f40xx.o(.text) for Reset_Handler
    startup_stm32f40xx.o(RESET) refers to stm32f4xx_it.o(i.NMI_Handler) for NMI_Handler
    startup_stm32f40xx.o(RESET) refers to stm32f4xx_it.o(i.HardFault_Handler) for HardFault_Handler
    startup_stm32f40xx.o(RESET) refers to stm32f4xx_it.o(i.MemManage_Handler) for MemManage_Handler
    startup_stm32f40xx.o(RESET) refers to stm32f4xx_it.o(i.BusFault_Handler) for BusFault_Handler
    startup_stm32f40xx.o(RESET) refers to stm32f4xx_it.o(i.UsageFault_Handler) for UsageFault_Handler
    startup_stm32f40xx.o(RESET) refers to stm32f4xx_it.o(i.SVC_Handler) for SVC_Handler
    startup_stm32f40xx.o(RESET) refers to stm32f4xx_it.o(i.DebugMon_Handler) for DebugMon_Handler
    startup_stm32f40xx.o(RESET) refers to stm32f4xx_it.o(i.PendSV_Handler) for PendSV_Handler
    startup_stm32f40xx.o(RESET) refers to stm32f4xx_it.o(i.SysTick_Handler) for SysTick_Handler
[...]
    i.I2C_AcknowledgeConfig                  0x08000554   Section        0  stm32f4xx_i2c.o(i.I2C_AcknowledgeConfig)
    i.I2C_CheckEvent                         0x08000568   Section        0  stm32f4xx_i2c.o(i.I2C_CheckEvent)
    i.I2C_Cmd                                0x08000580   Section        0  stm32f4xx_i2c.o(i.I2C_Cmd)
    i.I2C_GenerateSTART                      0x08000594   Section        0  stm32f4xx_i2c.o(i.I2C_GenerateSTART)
    i.I2C_GenerateSTOP                       0x080005a8   Section        0  stm32f4xx_i2c.o(i.I2C_GenerateSTOP)
    i.I2C_GetFlagStatus                      0x080005bc   Section        0  stm32f4xx_i2c.o(i.I2C_GetFlagStatus)
    i.I2C_Init                               0x080005e8   Section        0  stm32f4xx_i2c.o(i.I2C_Init)
    i.I2C_ReceiveData                        0x080006a0   Section        0  stm32f4xx_i2c.o(i.I2C_ReceiveData)
    i.I2C_Send7bitAddress                    0x080006a6   Section        0  stm32f4xx_i2c.o(i.I2C_Send7bitAddress)
    i.I2C_SendData                           0x080006b6   Section        0  stm32f4xx_i2c.o(i.I2C_SendData)
    i.I2C_readBits                           0x080006ba   Section        0  mpu6050_i2c.o(i.I2C_readBits)
    i.I2C_readByte                           0x080006e8   Section        0  mpu6050_i2c.o(i.I2C_readByte)
    i.I2C_readBytes                          0x08000728   Section        0  mpu6050_i2c.o(i.I2C_readBytes)
    i.I2C_read_ack                           0x08000780   Section        0  mpu6050_i2c.o(i.I2C_read_ack)
    i.I2C_read_nack                          0x080007a8   Section        0  mpu6050_i2c.o(i.I2C_read_nack)
    i.I2C_start                              0x080007d8   Section        0  mpu6050_i2c.o(i.I2C_start)
    i.I2C_stop                               0x08000844   Section        0  mpu6050_i2c.o(i.I2C_stop)
    i.I2C_write                              0x0800084c   Section        0  mpu6050_i2c.o(i.I2C_write)
    i.I2C_writeBit                           0x08000868   Section        0  mpu6050_i2c.o(i.I2C_writeBit)
    i.I2C_writeBits                          0x0800089a   Section        0  mpu6050_i2c.o(i.I2C_writeBits)
    i.I2C_writeByte                          0x080008dc   Section        0  mpu6050_i2c.o(i.I2C_writeByte)
    i.IIC_Init                               0x0800090c   Section        0  mpu6050_i2c.o(i.IIC_Init)
    i.IMUFilter                              0x0800099c   Section        0  imu.o(i.IMUFilter)
    i.IMUGetAngle                            0x08000ac0   Section        0  imu.o(i.IMUGetAngle)
    i.IMUGetValue                            0x08000bc0   Section        0  imu.o(i.IMUGetValue)
    i.IMUGetValueGyroOffset                  0x08000c68   Section        0  imu.o(i.IMUGetValueGyroOffset)
    i.IMUGetXAngle                           0x08000cc8   Section        0  imu.o(i.IMUGetXAngle)
    i.IMUGetYAngle                           0x08000d54   Section        0  imu.o(i.IMUGetYAngle)
    i.IMUGetZAngle                           0x08000de4   Section        0  imu.o(i.IMUGetZAngle)
    i.IMUGyroXRate                           0x08000e70   Section        0  imu.o(i.IMUGyroXRate)
    i.IMUGyroYRate                           0x08000ea4   Section        0  imu.o(i.IMUGyroYRate)
    i.IMUGyroZRate                           0x08000ed8   Section        0  imu.o(i.IMUGyroZRate)
    i.IMUacce2Theta                          0x08000f0c   Section        0  feedback.o(i.IMUacce2Theta)
    i.IMUgyro2ThetaDot                       0x08000f30   Section        0  feedback.o(i.IMUgyro2ThetaDot)
    i.MPU6050                                0x08000f54   Section        0  mpu6050.o(i.MPU6050)
    i.MPUgetAcceleration                     0x08000f60   Section        0  mpu6050.o(i.MPUgetAcceleration)
    i.MPUgetDeviceID                         0x08000f94   Section        0  mpu6050.o(i.MPUgetDeviceID)
    i.MPUgetRotation                         0x08000fb4   Section        0  mpu6050.o(i.MPUgetRotation)
    i.MPUinitialize                          0x08000fe8   Section        0  mpu6050.o(i.MPUinitialize)
    i.MPUsetClockSource                      0x08001008   Section        0  mpu6050.o(i.MPUsetClockSource)
    i.MPUsetFullScaleAccelRange              0x08001020   Section        0  mpu6050.o(i.MPUsetFullScaleAccelRange)
    i.MPUsetFullScaleGyroRange               0x08001038   Section        0  mpu6050.o(i.MPUsetFullScaleGyroRange)
    i.MPUsetSleepEnabled                     0x08001050   Section        0  mpu6050.o(i.MPUsetSleepEnabled)
    i.MPUtestConnection                      0x08001064   Section        0  mpu6050.o(i.MPUtestConnection)
    i.MemManage_Handler                      0x08001076   Section        0  stm32f4xx_it.o(i.MemManage_Handler)
    i.NMI_Handler                            0x08001078   Section        0  stm32f4xx_it.o(i.NMI_Handler)
    i.NVIC_Init                              0x0800107c   Section        0  misc.o(i.NVIC_Init)
    i.PWMConfig                              0x080010e0   Section        0  motorcontrol.o(i.PWMConfig)
    i.PWMControl                             0x0800126c   Section        0  motorcontrol.o(i.PWMControl)
    i.PendSV_Handler                         0x080012f4   Section        0  stm32f4xx_it.o(i.PendSV_Handler)
    i.RCC_AHB1PeriphClockCmd                 0x080012f8   Section        0  stm32f4xx_rcc.o(i.RCC_AHB1PeriphClockCmd)
    i.RCC_APB1PeriphClockCmd                 0x08001310   Section        0  stm32f4xx_rcc.o(i.RCC_APB1PeriphClockCmd)
    i.RCC_APB1PeriphResetCmd                 0x08001328   Section        0  stm32f4xx_rcc.o(i.RCC_APB1PeriphResetCmd)
    i.RCC_APB2PeriphClockCmd                 0x08001340   Section        0  stm32f4xx_rcc.o(i.RCC_APB2PeriphClockCmd)
    i.RCC_APB2PeriphResetCmd                 0x08001358   Section        0  stm32f4xx_rcc.o(i.RCC_APB2PeriphResetCmd)
    i.RCC_GetClocksFreq                      0x08001370   Section        0  stm32f4xx_rcc.o(i.RCC_GetClocksFreq)
    i.SVC_Handler                            0x08001400   Section        0  stm32f4xx_it.o(i.SVC_Handler)
    i.SYSCFG_EXTILineConfig                  0x08001404   Section        0  stm32f4xx_syscfg.o(i.SYSCFG_EXTILineConfig)
    i.SetSysClock                            0x08001434   Section        0  system_stm32f4xx.o(i.SetSysClock)
    SetSysClock                              0x08001435   Thumb Code   162  system_stm32f4xx.o(i.SetSysClock)
    i.SysTick_Handler                        0x080014e8   Section        0  stm32f4xx_it.o(i.SysTick_Handler)
    i.SystemCoreClockUpdate                  0x080015b8   Section        0  system_stm32f4xx.o(i.SystemCoreClockUpdate)
    i.SystemInit                             0x08001630   Section        0  system_stm32f4xx.o(i.SystemInit)
    i.TIM3_IRQHandler                        0x0800168c   Section        0  stm32f4xx_it.o(i.TIM3_IRQHandler)
    i.TIM_ARRPreloadConfig                   0x080016c4   Section        0  stm32f4xx_tim.o(i.TIM_ARRPreloadConfig)
    i.TIM_ClearITPendingBit                  0x080016d8   Section        0  stm32f4xx_tim.o(i.TIM_ClearITPendingBit)
    i.TIM_Cmd                                0x080016de   Section        0  stm32f4xx_tim.o(i.TIM_Cmd)
    i.TIM_GetCounter                         0x080016f2   Section        0  stm32f4xx_tim.o(i.TIM_GetCounter)
    i.TIM_GetITStatus                        0x080016f6   Section        0  stm32f4xx_tim.o(i.TIM_GetITStatus)
    i.TIM_OC2Init                            0x08001710   Section        0  stm32f4xx_tim.o(i.TIM_OC2Init)
    i.TIM_OC2PreloadConfig                   0x08001790   Section        0  stm32f4xx_tim.o(i.TIM_OC2PreloadConfig)
    i.TIM_OC3Init                            0x080017a4   Section        0  stm32f4xx_tim.o(i.TIM_OC3Init)
    i.TIM_OC3PreloadConfig                   0x08001820   Section        0  stm32f4xx_tim.o(i.TIM_OC3PreloadConfig)
    i.TIM_OC4Init                            0x0800182c   Section        0  stm32f4xx_tim.o(i.TIM_OC4Init)
    i.TIM_OC4PreloadConfig                   0x0800188c   Section        0  stm32f4xx_tim.o(i.TIM_OC4PreloadConfig)
    i.TIM_TimeBaseInit                       0x080018a0   Section        0  stm32f4xx_tim.o(i.TIM_TimeBaseInit)
    i.TM_GPIO_GetPortSource                  0x0800191c   Section        0  tm_stm32f4_gpio.o(i.TM_GPIO_GetPortSource)
    i.TM_GPIO_INT_EnableClock                0x0800192c   Section        0  tm_stm32f4_gpio.o(i.TM_GPIO_INT_EnableClock)
    i.TM_GPIO_INT_Init                       0x08001944   Section        0  tm_stm32f4_gpio.o(i.TM_GPIO_INT_Init)
    i.TM_GPIO_InitAlternate                  0x080019e4   Section        0  tm_stm32f4_gpio.o(i.TM_GPIO_InitAlternate)
    i.TM_UART4_InitPins                      0x08001a44   Section        0  tm_stm32f4_usart.o(i.TM_UART4_InitPins)
    i.TM_UART5_InitPins                      0x08001a8c   Section        0  tm_stm32f4_usart.o(i.TM_UART5_InitPins)
    i.TM_USART1_InitPins                     0x08001ad0   Section        0  tm_stm32f4_usart.o(i.TM_USART1_InitPins)
    i.TM_USART2_InitPins                     0x08001b18   Section        0  tm_stm32f4_usart.o(i.TM_USART2_InitPins)
    i.TM_USART3_InitPins                     0x08001b5c   Section        0  tm_stm32f4_usart.o(i.TM_USART3_InitPins)
    i.TM_USART6_InitPins                     0x08001bb8   Section        0  tm_stm32f4_usart.o(i.TM_USART6_InitPins)
    i.TM_USART_INT_GetSubPriority            0x08001c00   Section        0  tm_stm32f4_usart.o(i.TM_USART_INT_GetSubPriority)
    i.TM_USART_INT_GetUsart                  0x08001c58   Section        0  tm_stm32f4_usart.o(i.TM_USART_INT_GetUsart)
    i.TM_USART_INT_Init                      0x08001cc0   Section        0  tm_stm32f4_usart.o(i.TM_USART_INT_Init)
    TM_USART_INT_Init                        0x08001cc1   Thumb Code   306  tm_stm32f4_usart.o(i.TM_USART_INT_Init)
    i.TM_USART_INT_InsertToBuffer            0x08001e10   Section        0  tm_stm32f4_usart.o(i.TM_USART_INT_InsertToBuffer)
    i.TM_USART_Init                          0x08001e38   Section        0  tm_stm32f4_usart.o(i.TM_USART_Init)
    i.TM_USART_InitCustomPinsCallback        0x08001ef4   Section        0  tm_stm32f4_usart.o(i.TM_USART_InitCustomPinsCallback)
    i.TM_USART_Puts                          0x08001ef6   Section        0  tm_stm32f4_usart.o(i.TM_USART_Puts)
    i.UART4_IRQHandler                       0x08001f20   Section        0  tm_stm32f4_usart.o(i.UART4_IRQHandler)
    i.UART5_IRQHandler                       0x08001f40   Section        0  tm_stm32f4_usart.o(i.UART5_IRQHandler)
    i.USART1_IRQHandler                      0x08001f5c   Section        0  tm_stm32f4_usart.o(i.USART1_IRQHandler)
    i.USART2_IRQHandler                      0x08001f78   Section        0  tm_stm32f4_usart.o(i.USART2_IRQHandler)
    i.USART3_IRQHandler                      0x08001f98   Section        0  tm_stm32f4_usart.o(i.USART3_IRQHandler)
    i.USART6_IRQHandler                      0x08001fb8   Section        0  tm_stm32f4_usart.o(i.USART6_IRQHandler)
    i.USART_DeInit                           0x08001fd8   Section        0  stm32f4xx_usart.o(i.USART_DeInit)
    i.USART_Init                             0x08002084   Section        0  stm32f4xx_usart.o(i.USART_Init)
    i.UsageFault_Handler                     0x08002130   Section        0  stm32f4xx_it.o(i.UsageFault_Handler)
    i.__ARM_fpclassify                       0x08002132   Section        0  fpclassify.o(i.__ARM_fpclassify)
    i.__hardfp_atan                          0x08002168   Section        0  atan.o(i.__hardfp_atan)
    i.__hardfp_sqrt                          0x08002440   Section        0  sqrt.o(i.__hardfp_sqrt)
    i.__kernel_poly                          0x080024ba   Section        0  poly.o(i.__kernel_poly)
    i.__mathlib_dbl_infnan                   0x080025b2   Section        0  dunder.o(i.__mathlib_dbl_infnan)
    i.__mathlib_dbl_underflow                0x080025c8   Section        0  dunder.o(i.__mathlib_dbl_underflow)
    i.encoderInterrupt                       0x080025e8   Section        0  encoder.o(i.encoderInterrupt)
    i.fabs                                   0x08002624   Section        0  fabs.o(i.fabs)
    i.feedbackIMUProcess                     0x0800263c   Section        0  feedback.o(i.feedbackIMUProcess)
    i.initButtonOnDiscoveryBoard             0x08002650   Section        0  button.o(i.initButtonOnDiscoveryBoard)
    i.kalmanCalculate                        0x080026b4   Section        0  kalman.o(i.kalmanCalculate)
    i.main                                   0x08002770   Section        0  main.o(i.main)
    i.motorDirConfig                         0x0800287c   Section        0  motorcontrol.o(i.motorDirConfig)
    x$fpl$basic                              0x080028dc   Section       24  basic.o(x$fpl$basic)
    $v0                                      0x080028dc   Number         0  basic.o(x$fpl$basic)
    x$fpl$d2f                                0x080028f4   Section       98  d2f.o(x$fpl$d2f)
    $v0                                      0x080028f4   Number         0  d2f.o(x$fpl$d2f)
    x$fpl$dadd                               0x08002958   Section      336  daddsub_clz.o(x$fpl$dadd)
    $v0                                      0x08002958   Number         0  daddsub_clz.o(x$fpl$dadd)
    _dadd1                                   0x08002969   Thumb Code     0  daddsub_clz.o(x$fpl$dadd)
    x$fpl$ddiv                               0x08002aa8   Section      688  ddiv.o(x$fpl$ddiv)
    $v0                                      0x08002aa8   Number         0  ddiv.o(x$fpl$ddiv)
    ddiv_entry                               0x08002aaf   Thumb Code     0  ddiv.o(x$fpl$ddiv)
    x$fpl$dflt                               0x08002d58   Section       46  dflt_clz.o(x$fpl$dflt)
    $v0                                      0x08002d58   Number         0  dflt_clz.o(x$fpl$dflt)
    x$fpl$dmul                               0x08002d88   Section      340  dmul.o(x$fpl$dmul)
    $v0                                      0x08002d88   Number         0  dmul.o(x$fpl$dmul)
    x$fpl$dnaninf                            0x08002edc   Section      156  dnaninf.o(x$fpl$dnaninf)
    $v0                                      0x08002edc   Number         0  dnaninf.o(x$fpl$dnaninf)
    x$fpl$dretinf                            0x08002f78   Section       12  dretinf.o(x$fpl$dretinf)
    $v0                                      0x08002f78   Number         0  dretinf.o(x$fpl$dretinf)
    x$fpl$drsb                               0x08002f84   Section       22  daddsub_clz.o(x$fpl$drsb)
    $v0                                      0x08002f84   Number         0  daddsub_clz.o(x$fpl$drsb)
    x$fpl$dsqrt                              0x08002f9c   Section      408  dsqrt_umaal.o(x$fpl$dsqrt)
    $v0                                      0x08002f9c   Number         0  dsqrt_umaal.o(x$fpl$dsqrt)
    x$fpl$dsub                               0x08003134   Section      468  daddsub_clz.o(x$fpl$dsub)
    $v0                                      0x08003134   Number         0  daddsub_clz.o(x$fpl$dsub)
    _dsub1                                   0x08003145   Thumb Code     0  daddsub_clz.o(x$fpl$dsub)
    x$fpl$f2d                                0x08003308   Section       86  f2d.o(x$fpl$f2d)
    $v0                                      0x08003308   Number         0  f2d.o(x$fpl$f2d)
    x$fpl$fnaninf                            0x0800335e   Section      140  fnaninf.o(x$fpl$fnaninf)
    $v0                                      0x0800335e   Number         0  fnaninf.o(x$fpl$fnaninf)
    x$fpl$fpinit                             0x080033ea   Section       10  fpinit.o(x$fpl$fpinit)
    $v0                                      0x080033ea   Number         0  fpinit.o(x$fpl$fpinit)
    x$fpl$fretinf                            0x080033f4   Section       10  fretinf.o(x$fpl$fretinf)
    $v0                                      0x080033f4   Number         0  fretinf.o(x$fpl$fretinf)
    x$fpl$usenofp                            0x080033fe   Section        0  usenofp.o(x$fpl$usenofp)
    .constdata                               0x08003400   Section      152  atan.o(.constdata)
    atanhi                                   0x08003400   Data          32  atan.o(.constdata)
    atanlo                                   0x08003420   Data          32  atan.o(.constdata)
    aTodd                                    0x08003440   Data          40  atan.o(.constdata)
    aTeven                                   0x08003468   Data          48  atan.o(.constdata)
    .data                                    0x20000000   Section       16  main.o(.data)
    .data                                    0x20000010   Section        1  main.o(.data)
    .data                                    0x20000011   Section        1  main.o(.data)
    .data                                    0x20000012   Section        1  main.o(.data)
    .data                                    0x20000018   Section       40  stm32f4xx_it.o(.data)
    IMUTick                                  0x20000018   Data           8  stm32f4xx_it.o(.data)
    encoderTick                              0x20000020   Data           8  stm32f4xx_it.o(.data)
    PIDTick                                  0x20000028   Data           8  stm32f4xx_it.o(.data)
    largerPIDTick                            0x20000030   Data           8  stm32f4xx_it.o(.data)
    LQGTick                                  0x20000038   Data           8  stm32f4xx_it.o(.data)
    .data                                    0x20000040   Section       20  system_stm32f4xx.o(.data)
    .data                                    0x20000054   Section       16  stm32f4xx_rcc.o(.data)
    APBAHBPrescTable                         0x20000054   Data          16  stm32f4xx_rcc.o(.data)
    .data                                    0x20000064   Section       96  tm_stm32f4_usart.o(.data)
    .data                                    0x200000c4   Section       48  motorcontrol.o(.data)
    .data                                    0x200000f4   Section       20  button.o(.data)
    .data                                    0x20000108   Section      102  imu.o(.data)
    gyro_x                                   0x20000108   Data           4  imu.o(.data)
    gyro_y                                   0x2000010c   Data           4  imu.o(.data)
    gyro_z                                   0x20000110   Data           4  imu.o(.data)
    acc_x                                    0x20000114   Data           4  imu.o(.data)
    acc_y                                    0x20000118   Data           4  imu.o(.data)
    acc_z                                    0x2000011c   Data           4  imu.o(.data)
    gyro_x_tmp                               0x20000120   Data           4  imu.o(.data)
    gyro_y_tmp                               0x20000124   Data           4  imu.o(.data)
    gyro_z_tmp                               0x20000128   Data           4  imu.o(.data)
    acc_x_tmp                                0x2000012c   Data           4  imu.o(.data)
    acc_y_tmp                                0x20000130   Data           4  imu.o(.data)
    acc_z_tmp                                0x20000134   Data           4  imu.o(.data)
    gyro_x_zero                              0x20000138   Data           4  imu.o(.data)
    gyro_y_zero                              0x2000013c   Data           4  imu.o(.data)
    gyro_z_zero                              0x20000140   Data           4  imu.o(.data)
    gyro_x_rate                              0x20000144   Data           4  imu.o(.data)
    gyro_y_rate                              0x20000148   Data           4  imu.o(.data)
    gyro_z_rate                              0x2000014c   Data           4  imu.o(.data)
    acc_x_angle                              0x20000150   Data           4  imu.o(.data)
    acc_y_angle                              0x20000154   Data           4  imu.o(.data)
    acc_z_angle                              0x20000158   Data           4  imu.o(.data)
    .data                                    0x20000170   Section        8  encoder.o(.data)
    .data                                    0x20000178   Section        1  mpu6050.o(.data)
    .data                                    0x2000017c   Section       52  kalman.o(.data)
    .bss                                     0x200001b0   Section       22  tm_stm32f4_gpio.o(.bss)
    GPIO_UsedPins                            0x200001b0   Data          22  tm_stm32f4_gpio.o(.bss)
    .bss                                     0x200001c6   Section       32  tm_stm32f4_usart.o(.bss)
    .bss                                     0x200001e6   Section       32  tm_stm32f4_usart.o(.bss)
    .bss                                     0x20000206   Section       32  tm_stm32f4_usart.o(.bss)
    .bss                                     0x20000226   Section       32  tm_stm32f4_usart.o(.bss)
    .bss                                     0x20000246   Section       32  tm_stm32f4_usart.o(.bss)
    .bss                                     0x20000266   Section       32  tm_stm32f4_usart.o(.bss)
    .bss                                     0x20000288   Section       32  motorcontrol.o(.bss)
    .bss                                     0x200002a8   Section       36  imu.o(.bss)
    .bss                                     0x200002d0   Section       64  encoder.o(.bss)
    .bss                                     0x20000310   Section      160  feedback.o(.bss)
    .bss                                     0x200003b0   Section       30  mpu6050.o(.bss)
    MPUverifyBuffer                          0x200003b0   Data          16  mpu6050.o(.bss)
    .bss                                     0x200003d0   Section       96  libspace.o(.bss)
    HEAP                                     0x20000430   Section      512  startup_stm32f40xx.o(HEAP)
    Heap_Mem                                 0x20000430   Data         512  startup_stm32f40xx.o(HEAP)
    STACK                                    0x20000630   Section     1024  startup_stm32f40xx.o(STACK)
    Stack_Mem                                0x20000630   Data        1024  startup_stm32f40xx.o(STACK)
    __initial_sp                             0x20000a30   Data           0  startup_stm32f40xx.o(STACK)

    Global Symbols

    Symbol Name                              Value     Ov Type        Size  Object(Section)

    BuildAttributes$$THM_ISAv4$E$P$D$K$B$S$7EM$VFPi3$EXTD16$VFPS$VFMA$PE$A:L22UL41UL21$X:L11$S22US41US21$IEEE1$IW$USESV6$~STKCKD$USESV7$~SHL$OTIME$ROPI$IEEEX$EBA8$UX$STANDARDLIB$REQ8$PRES8$EABIv2 0x00000000   Number         0  anon$$obj.o ABSOLUTE
    __ARM_use_no_argv                        0x00000000   Number         0  main.o ABSOLUTE
    __ARM_exceptions_init                     - Undefined Weak Reference
    __alloca_initialize                       - Undefined Weak Reference
    __arm_preinit_                            - Undefined Weak Reference
    __cpp_initialize__aeabi_                  - Undefined Weak Reference
    __cxa_finalize                            - Undefined Weak Reference
    __rt_locale                               - Undefined Weak Reference
    __sigvec_lookup                           - Undefined Weak Reference
    _atexit_init                              - Undefined Weak Reference
    _call_atexit_fns                          - Undefined Weak Reference
    _clock_init                               - Undefined Weak Reference
    _fp_trap_init                             - Undefined Weak Reference
    _fp_trap_shutdown                         - Undefined Weak Reference
    _get_lc_collate                           - Undefined Weak Reference
    _get_lc_ctype                             - Undefined Weak Reference
    _get_lc_monetary                          - Undefined Weak Reference
    _get_lc_numeric                           - Undefined Weak Reference
    _get_lc_time                              - Undefined Weak Reference
    _getenv_init                              - Undefined Weak Reference
    _handle_redirection                       - Undefined Weak Reference
    _init_alloc                               - Undefined Weak Reference
    _init_user_alloc                          - Undefined Weak Reference
    _initio                                   - Undefined Weak Reference
    _rand_init                                - Undefined Weak Reference
    _signal_finish                            - Undefined Weak Reference
    _signal_init                              - Undefined Weak Reference
    _terminate_alloc                          - Undefined Weak Reference
    _terminate_user_alloc                     - Undefined Weak Reference
    _terminateio                              - Undefined Weak Reference
    __Vectors_Size                           0x00000188   Number         0  startup_stm32f40xx.o ABSOLUTE
    __Vectors                                0x08000000   Data           4  startup_stm32f40xx.o(RESET)
    __Vectors_End                            0x08000188   Data           0  startup_stm32f40xx.o(RESET)
    __main                                   0x08000189   Thumb Code     8  __main.o(!!!main)
    __scatterload                            0x08000191   Thumb Code     0  __scatter.o(!!!scatter)
    __scatterload_rt2                        0x08000191   Thumb Code    44  __scatter.o(!!!scatter)
    __scatterload_rt2_thumb_only             0x08000191   Thumb Code     0  __scatter.o(!!!scatter)
    __scatterload_null                       0x0800019f   Thumb Code     0  __scatter.o(!!!scatter)
    __decompress                             0x080001c5   Thumb Code    90  __dczerorl2.o(!!dczerorl2)
    __decompress1                            0x080001c5   Thumb Code     0  __dczerorl2.o(!!dczerorl2)
    __scatterload_zeroinit                   0x08000221   Thumb Code    28  __scatter_zi.o(!!handler_zi)
    __rt_lib_init                            0x0800023d   Thumb Code     0  libinit.o(.ARM.Collect$$libinit$$00000000)
    __rt_lib_init_fp_1                       0x0800023f   Thumb Code     0  libinit2.o(.ARM.Collect$$libinit$$00000001)
    __rt_lib_init_alloca_1                   0x08000243   Thumb Code     0  libinit2.o(.ARM.Collect$$libinit$$0000002E)
    __rt_lib_init_argv_1                     0x08000243   Thumb Code     0  libinit2.o(.ARM.Collect$$libinit$$0000002C)
    __rt_lib_init_atexit_1                   0x08000243   Thumb Code     0  libinit2.o(.ARM.Collect$$libinit$$0000001B)
    __rt_lib_init_clock_1                    0x08000243   Thumb Code     0  libinit2.o(.ARM.Collect$$libinit$$00000021)
    __rt_lib_init_cpp_1                      0x08000243   Thumb Code     0  libinit2.o(.ARM.Collect$$libinit$$00000032)
    __rt_lib_init_exceptions_1               0x08000243   Thumb Code     0  libinit2.o(.ARM.Collect$$libinit$$00000030)
    __rt_lib_init_fp_trap_1                  0x08000243   Thumb Code     0  libinit2.o(.ARM.Collect$$libinit$$0000001F)
    __rt_lib_init_getenv_1                   0x08000243   Thumb Code     0  libinit2.o(.ARM.Collect$$libinit$$00000023)
    __rt_lib_init_heap_1                     0x08000243   Thumb Code     0  libinit2.o(.ARM.Collect$$libinit$$0000000A)
    __rt_lib_init_lc_collate_1               0x08000243   Thumb Code     0  libinit2.o(.ARM.Collect$$libinit$$00000011)
    __rt_lib_init_lc_ctype_1                 0x08000243   Thumb Code     0  libinit2.o(.ARM.Collect$$libinit$$00000013)
    __rt_lib_init_lc_monetary_1              0x08000243   Thumb Code     0  libinit2.o(.ARM.Collect$$libinit$$00000015)
    __rt_lib_init_lc_numeric_1               0x08000243   Thumb Code     0  libinit2.o(.ARM.Collect$$libinit$$00000017)
    __rt_lib_init_lc_time_1                  0x08000243   Thumb Code     0  libinit2.o(.ARM.Collect$$libinit$$00000019)
    __rt_lib_init_preinit_1                  0x08000243   Thumb Code     0  libinit2.o(.ARM.Collect$$libinit$$00000004)
    __rt_lib_init_rand_1                     0x08000243   Thumb Code     0  libinit2.o(.ARM.Collect$$libinit$$0000000E)
    __rt_lib_init_return                     0x08000243   Thumb Code     0  libinit2.o(.ARM.Collect$$libinit$$00000033)
    __rt_lib_init_signal_1                   0x08000243   Thumb Code     0  libinit2.o(.ARM.Collect$$libinit$$0000001D)
    __rt_lib_init_stdio_1                    0x08000243   Thumb Code     0  libinit2.o(.ARM.Collect$$libinit$$00000025)
    __rt_lib_init_user_alloc_1               0x08000243   Thumb Code     0  libinit2.o(.ARM.Collect$$libinit$$0000000C)
    __rt_lib_shutdown                        0x08000245   Thumb Code     0  libshutdown.o(.ARM.Collect$$libshutdown$$00000000)
    __rt_lib_shutdown_cpp_1                  0x08000247   Thumb Code     0  libshutdown2.o(.ARM.Collect$$libshutdown$$00000002)
    __rt_lib_shutdown_fp_trap_1              0x08000247   Thumb Code     0  libshutdown2.o(.ARM.Collect$$libshutdown$$00000007)
    __rt_lib_shutdown_heap_1                 0x08000247   Thumb Code     0  libshutdown2.o(.ARM.Collect$$libshutdown$$0000000F)
    __rt_lib_shutdown_return                 0x08000247   Thumb Code     0  libshutdown2.o(.ARM.Collect$$libshutdown$$00000010)
    __rt_lib_shutdown_signal_1               0x08000247   Thumb Code     0  libshutdown2.o(.ARM.Collect$$libshutdown$$0000000A)
    __rt_lib_shutdown_stdio_1                0x08000247   Thumb Code     0  libshutdown2.o(.ARM.Collect$$libshutdown$$00000004)
    __rt_lib_shutdown_user_alloc_1           0x08000247   Thumb Code     0  libshutdown2.o(.ARM.Collect$$libshutdown$$0000000C)
    __rt_entry                               0x08000249   Thumb Code     0  __rtentry.o(.ARM.Collect$$rtentry$$00000000)
    __rt_entry_presh_1                       0x08000249   Thumb Code     0  __rtentry2.o(.ARM.Collect$$rtentry$$00000002)
    __rt_entry_sh                            0x08000249   Thumb Code     0  __rtentry4.o(.ARM.Collect$$rtentry$$00000004)
    __rt_entry_li                            0x0800024f   Thumb Code     0  __rtentry2.o(.ARM.Collect$$rtentry$$0000000A)
    __rt_entry_postsh_1                      0x0800024f   Thumb Code     0  __rtentry2.o(.ARM.Collect$$rtentry$$00000009)
    __rt_entry_main                          0x08000253   Thumb Code     0  __rtentry2.o(.ARM.Collect$$rtentry$$0000000D)
    __rt_entry_postli_1                      0x08000253   Thumb Code     0  __rtentry2.o(.ARM.Collect$$rtentry$$0000000C)
    __rt_exit                                0x0800025b   Thumb Code     0  rtexit.o(.ARM.Collect$$rtexit$$00000000)
    __rt_exit_ls                             0x0800025d   Thumb Code     0  rtexit2.o(.ARM.Collect$$rtexit$$00000003)
    __rt_exit_prels_1                        0x0800025d   Thumb Code     0  rtexit2.o(.ARM.Collect$$rtexit$$00000002)
    __rt_exit_exit                           0x08000261   Thumb Code     0  rtexit2.o(.ARM.Collect$$rtexit$$00000004)
    Reset_Handler                            0x08000269   Thumb Code     8  startup_stm32f40xx.o(.text)
    ADC_IRQHandler                           0x08000283   Thumb Code     0  startup_stm32f40xx.o(.text)
    CAN1_RX0_IRQHandler                      0x08000283   Thumb Code     0  startup_stm32f40xx.o(.text)
    CAN1_RX1_IRQHandler                      0x08000283   Thumb Code     0  startup_stm32f40xx.o(.text)
    CAN1_SCE_IRQHandler                      0x08000283   Thumb Code     0  startup_stm32f40xx.o(.text)
    CAN1_TX_IRQHandler                       0x08000283   Thumb Code     0  startup_stm32f40xx.o(.text)
    CAN2_RX0_IRQHandler                      0x08000283   Thumb Code     0  startup_stm32f40xx.o(.text)
    CAN2_RX1_IRQHandler                      0x08000283   Thumb Code     0  startup_stm32f40xx.o(.text)
    CAN2_SCE_IRQHandler                      0x08000283   Thumb Code     0  startup_stm32f40xx.o(.text)
    CAN2_TX_IRQHandler                       0x08000283   Thumb Code     0  startup_stm32f40xx.o(.text)
    CRYP_IRQHandler                          0x08000283   Thumb Code     0  startup_stm32f40xx.o(.text)
    DCMI_IRQHandler                          0x08000283   Thumb Code     0  startup_stm32f40xx.o(.text)
    DMA1_Stream0_IRQHandler                  0x08000283   Thumb Code     0  startup_stm32f40xx.o(.text)
    DMA1_Stream1_IRQHandler                  0x08000283   Thumb Code     0  startup_stm32f40xx.o(.text)
    DMA1_Stream2_IRQHandler                  0x08000283   Thumb Code     0  startup_stm32f40xx.o(.text)
    DMA1_Stream3_IRQHandler                  0x08000283   Thumb Code     0  startup_stm32f40xx.o(.text)
    DMA1_Stream4_IRQHandler                  0x08000283   Thumb Code     0  startup_stm32f40xx.o(.text)
    DMA1_Stream5_IRQHandler                  0x08000283   Thumb Code     0  startup_stm32f40xx.o(.text)
    DMA1_Stream6_IRQHandler                  0x08000283   Thumb Code     0  startup_stm32f40xx.o(.text)
    DMA1_Stream7_IRQHandler                  0x08000283   Thumb Code     0  startup_stm32f40xx.o(.text)
    DMA2_Stream0_IRQHandler                  0x08000283   Thumb Code     0  startup_stm32f40xx.o(.text)
    DMA2_Stream1_IRQHandler                  0x08000283   Thumb Code     0  startup_stm32f40xx.o(.text)
    DMA2_Stream2_IRQHandler                  0x08000283   Thumb Code     0  startup_stm32f40xx.o(.text)
    DMA2_Stream3_IRQHandler                  0x08000283   Thumb Code     0  startup_stm32f40xx.o(.text)
    DMA2_Stream4_IRQHandler                  0x08000283   Thumb Code     0  startup_stm32f40xx.o(.text)
    DMA2_Stream5_IRQHandler                  0x08000283   Thumb Code     0  startup_stm32f40xx.o(.text)
    DMA2_Stream6_IRQHandler                  0x08000283   Thumb Code     0  startup_stm32f40xx.o(.text)
    DMA2_Stream7_IRQHandler                  0x08000283   Thumb Code     0  startup_stm32f40xx.o(.text)
    ETH_IRQHandler                           0x08000283   Thumb Code     0  startup_stm32f40xx.o(.text)
    ETH_WKUP_IRQHandler                      0x08000283   Thumb Code     0  startup_stm32f40xx.o(.text)
    EXTI15_10_IRQHandler                     0x08000283   Thumb Code     0  startup_stm32f40xx.o(.text)
    EXTI1_IRQHandler                         0x08000283   Thumb Code     0  startup_stm32f40xx.o(.text)
    EXTI2_IRQHandler                         0x08000283   Thumb Code     0  startup_stm32f40xx.o(.text)
    EXTI3_IRQHandler                         0x08000283   Thumb Code     0  startup_stm32f40xx.o(.text)
    EXTI4_IRQHandler                         0x08000283   Thumb Code     0  startup_stm32f40xx.o(.text)
    FLASH_IRQHandler                         0x08000283   Thumb Code     0  startup_stm32f40xx.o(.text)
    FPU_IRQHandler                           0x08000283   Thumb Code     0  startup_stm32f40xx.o(.text)
    FSMC_IRQHandler                          0x08000283   Thumb Code     0  startup_stm32f40xx.o(.text)
    HASH_RNG_IRQHandler                      0x08000283   Thumb Code     0  startup_stm32f40xx.o(.text)
    I2C1_ER_IRQHandler                       0x08000283   Thumb Code     0  startup_stm32f40xx.o(.text)
    I2C1_EV_IRQHandler                       0x08000283   Thumb Code     0  startup_stm32f40xx.o(.text)
    I2C2_ER_IRQHandler                       0x08000283   Thumb Code     0  startup_stm32f40xx.o(.text)
    I2C2_EV_IRQHandler                       0x08000283   Thumb Code     0  startup_stm32f40xx.o(.text)
    I2C3_ER_IRQHandler                       0x08000283   Thumb Code     0  startup_stm32f40xx.o(.text)
    I2C3_EV_IRQHandler                       0x08000283   Thumb Code     0  startup_stm32f40xx.o(.text)
    OTG_FS_IRQHandler                        0x08000283   Thumb Code     0  startup_stm32f40xx.o(.text)
    OTG_FS_WKUP_IRQHandler                   0x08000283   Thumb Code     0  startup_stm32f40xx.o(.text)
    OTG_HS_EP1_IN_IRQHandler                 0x08000283   Thumb Code     0  startup_stm32f40xx.o(.text)
    OTG_HS_EP1_OUT_IRQHandler                0x08000283   Thumb Code     0  startup_stm32f40xx.o(.text)
    OTG_HS_IRQHandler                        0x08000283   Thumb Code     0  startup_stm32f40xx.o(.text)
    OTG_HS_WKUP_IRQHandler                   0x08000283   Thumb Code     0  startup_stm32f40xx.o(.text)
    PVD_IRQHandler                           0x08000283   Thumb Code     0  startup_stm32f40xx.o(.text)
    RCC_IRQHandler                           0x08000283   Thumb Code     0  startup_stm32f40xx.o(.text)
    RTC_Alarm_IRQHandler                     0x08000283   Thumb Code     0  startup_stm32f40xx.o(.text)
    RTC_WKUP_IRQHandler                      0x08000283   Thumb Code     0  startup_stm32f40xx.o(.text)
    SDIO_IRQHandler                          0x08000283   Thumb Code     0  startup_stm32f40xx.o(.text)
    SPI1_IRQHandler                          0x08000283   Thumb Code     0  startup_stm32f40xx.o(.text)
    SPI2_IRQHandler                          0x08000283   Thumb Code     0  startup_stm32f40xx.o(.text)
    SPI3_IRQHandler                          0x08000283   Thumb Code     0  startup_stm32f40xx.o(.text)
    TAMP_STAMP_IRQHandler                    0x08000283   Thumb Code     0  startup_stm32f40xx.o(.text)
    TIM1_BRK_TIM9_IRQHandler                 0x08000283   Thumb Code     0  startup_stm32f40xx.o(.text)
    TIM1_CC_IRQHandler                       0x08000283   Thumb Code     0  startup_stm32f40xx.o(.text)
    TIM1_TRG_COM_TIM11_IRQHandler            0x08000283   Thumb Code     0  startup_stm32f40xx.o(.text)
    TIM1_UP_TIM10_IRQHandler                 0x08000283   Thumb Code     0  startup_stm32f40xx.o(.text)
    TIM2_IRQHandler                          0x08000283   Thumb Code     0  startup_stm32f40xx.o(.text)
    TIM4_IRQHandler                          0x08000283   Thumb Code     0  startup_stm32f40xx.o(.text)
    TIM5_IRQHandler                          0x08000283   Thumb Code     0  startup_stm32f40xx.o(.text)
    TIM6_DAC_IRQHandler                      0x08000283   Thumb Code     0  startup_stm32f40xx.o(.text)
    TIM7_IRQHandler                          0x08000283   Thumb Code     0  startup_stm32f40xx.o(.text)
    TIM8_BRK_TIM12_IRQHandler                0x08000283   Thumb Code     0  startup_stm32f40xx.o(.text)
    TIM8_CC_IRQHandler                       0x08000283   Thumb Code     0  startup_stm32f40xx.o(.text)
    TIM8_TRG_COM_TIM14_IRQHandler            0x08000283   Thumb Code     0  startup_stm32f40xx.o(.text)
    TIM8_UP_TIM13_IRQHandler                 0x08000283   Thumb Code     0  startup_stm32f40xx.o(.text)
    WWDG_IRQHandler                          0x08000283   Thumb Code     0  startup_stm32f40xx.o(.text)
    __user_initial_stackheap                 0x08000285   Thumb Code     0  startup_stm32f40xx.o(.text)
    __use_two_region_memory                  0x080002a9   Thumb Code     2  heapauxi.o(.text)
    __rt_heap_escrow$2region                 0x080002ab   Thumb Code     2  heapauxi.o(.text)
    __rt_heap_expand$2region                 0x080002ad   Thumb Code     2  heapauxi.o(.text)
    __read_errno                             0x080002af   Thumb Code    10  _rserrno.o(.text)
    __set_errno                              0x080002b9   Thumb Code    12  _rserrno.o(.text)
    __aeabi_errno_addr                       0x080002c5   Thumb Code     8  rt_errno_addr_intlibspace.o(.text)
    __errno$intlibspace                      0x080002c5   Thumb Code     0  rt_errno_addr_intlibspace.o(.text)
    __rt_errno_addr$intlibspace              0x080002c5   Thumb Code     0  rt_errno_addr_intlibspace.o(.text)
    __user_libspace                          0x080002cd   Thumb Code     8  libspace.o(.text)
    __user_perproc_libspace                  0x080002cd   Thumb Code     0  libspace.o(.text)
    __user_perthread_libspace                0x080002cd   Thumb Code     0  libspace.o(.text)
    __user_setup_stackheap                   0x080002d5   Thumb Code    74  sys_stackheap_outer.o(.text)
    exit                                     0x0800031f   Thumb Code    18  exit.o(.text)
    _sys_exit                                0x08000331   Thumb Code     8  sys_exit.o(.text)
    __I$use$semihosting                      0x0800033d   Thumb Code     0  use_no_semi.o(.text)
    __use_no_semihosting_swi                 0x0800033d   Thumb Code     2  use_no_semi.o(.text)
    BusFault_Handler                         0x0800033f   Thumb Code     2  stm32f4xx_it.o(i.BusFault_Handler)
    __semihosting_library_function           0x0800033f   Thumb Code     0  indicate_semi.o(.text)
    DebugMon_Handler                         0x08000341   Thumb Code     2  stm32f4xx_it.o(i.DebugMon_Handler)
    EXTI0_IRQHandler                         0x08000345   Thumb Code    80  stm32f4xx_it.o(i.EXTI0_IRQHandler)
    EXTI9_5_IRQHandler                       0x080003a5   Thumb Code     2  stm32f4xx_it.o(i.EXTI9_5_IRQHandler)
    EXTI_ClearITPendingBit                   0x080003a9   Thumb Code     6  stm32f4xx_exti.o(i.EXTI_ClearITPendingBit)
    EXTI_GetITStatus                         0x080003b5   Thumb Code    16  stm32f4xx_exti.o(i.EXTI_GetITStatus)
    EXTI_Init                                0x080003c9   Thumb Code   108  stm32f4xx_exti.o(i.EXTI_Init)
    GPIOConfig                               0x08000439   Thumb Code    48  main.o(i.GPIOConfig)
    GPIO_Init                                0x0800046d   Thumb Code   162  stm32f4xx_gpio.o(i.GPIO_Init)
    GPIO_PinAFConfig                         0x0800050f   Thumb Code    32  stm32f4xx_gpio.o(i.GPIO_PinAFConfig)
    GPIO_ReadInputDataBit                    0x0800052f   Thumb Code    14  stm32f4xx_gpio.o(i.GPIO_ReadInputDataBit)
    GPIO_SetBits                             0x0800053d   Thumb Code     4  stm32f4xx_gpio.o(i.GPIO_SetBits)
    GPIO_ToggleBits                          0x08000541   Thumb Code     8  stm32f4xx_gpio.o(i.GPIO_ToggleBits)
    GPIO_WriteBit                            0x08000549   Thumb Code    10  stm32f4xx_gpio.o(i.GPIO_WriteBit)
    HardFault_Handler                        0x08000553   Thumb Code     2  stm32f4xx_it.o(i.HardFault_Handler)
    I2C_AcknowledgeConfig                    0x08000555   Thumb Code    20  stm32f4xx_i2c.o(i.I2C_AcknowledgeConfig)
    I2C_CheckEvent                           0x08000569   Thumb Code    24  stm32f4xx_i2c.o(i.I2C_CheckEvent)
    I2C_Cmd                                  0x08000581   Thumb Code    20  stm32f4xx_i2c.o(i.I2C_Cmd)
    I2C_GenerateSTART                        0x08000595   Thumb Code    20  stm32f4xx_i2c.o(i.I2C_GenerateSTART)
    I2C_GenerateSTOP                         0x080005a9   Thumb Code    20  stm32f4xx_i2c.o(i.I2C_GenerateSTOP)
    I2C_GetFlagStatus                        0x080005bd   Thumb Code    42  stm32f4xx_i2c.o(i.I2C_GetFlagStatus)
    I2C_Init                                 0x080005e9   Thumb Code   174  stm32f4xx_i2c.o(i.I2C_Init)
    I2C_ReceiveData                          0x080006a1   Thumb Code     6  stm32f4xx_i2c.o(i.I2C_ReceiveData)
    I2C_Send7bitAddress                      0x080006a7   Thumb Code    16  stm32f4xx_i2c.o(i.I2C_Send7bitAddress)
    I2C_SendData                             0x080006b7   Thumb Code     4  stm32f4xx_i2c.o(i.I2C_SendData)
    I2C_readBits                             0x080006bb   Thumb Code    44  mpu6050_i2c.o(i.I2C_readBits)
    I2C_readByte                             0x080006e9   Thumb Code    58  mpu6050_i2c.o(i.I2C_readByte)
    I2C_readBytes                            0x08000729   Thumb Code    82  mpu6050_i2c.o(i.I2C_readBytes)
    I2C_read_ack                             0x08000781   Thumb Code    34  mpu6050_i2c.o(i.I2C_read_ack)
    I2C_read_nack                            0x080007a9   Thumb Code    42  mpu6050_i2c.o(i.I2C_read_nack)
    I2C_start                                0x080007d9   Thumb Code   100  mpu6050_i2c.o(i.I2C_start)
    I2C_stop                                 0x08000845   Thumb Code     6  mpu6050_i2c.o(i.I2C_stop)
    I2C_write                                0x0800084d   Thumb Code    24  mpu6050_i2c.o(i.I2C_write)
    I2C_writeBit                             0x08000869   Thumb Code    50  mpu6050_i2c.o(i.I2C_writeBit)
    I2C_writeBits                            0x0800089b   Thumb Code    64  mpu6050_i2c.o(i.I2C_writeBits)
    I2C_writeByte                            0x080008dd   Thumb Code    44  mpu6050_i2c.o(i.I2C_writeByte)
    IIC_Init                                 0x0800090d   Thumb Code   132  mpu6050_i2c.o(i.IIC_Init)
    IMUFilter                                0x0800099d   Thumb Code   262  imu.o(i.IMUFilter)
    IMUGetAngle                              0x08000ac1   Thumb Code   236  imu.o(i.IMUGetAngle)
    IMUGetValue                              0x08000bc1   Thumb Code   164  imu.o(i.IMUGetValue)
    IMUGetValueGyroOffset                    0x08000c69   Thumb Code    90  imu.o(i.IMUGetValueGyroOffset)
    IMUGetXAngle                             0x08000cc9   Thumb Code   128  imu.o(i.IMUGetXAngle)
    IMUGetYAngle                             0x08000d55   Thumb Code   132  imu.o(i.IMUGetYAngle)
    IMUGetZAngle                             0x08000de5   Thumb Code   128  imu.o(i.IMUGetZAngle)
    IMUGyroXRate                             0x08000e71   Thumb Code    44  imu.o(i.IMUGyroXRate)
    IMUGyroYRate                             0x08000ea5   Thumb Code    44  imu.o(i.IMUGyroYRate)
    IMUGyroZRate                             0x08000ed9   Thumb Code    44  imu.o(i.IMUGyroZRate)
    IMUacce2Theta                            0x08000f0d   Thumb Code    30  feedback.o(i.IMUacce2Theta)
    IMUgyro2ThetaDot                         0x08000f31   Thumb Code    30  feedback.o(i.IMUgyro2ThetaDot)
    MPU6050                                  0x08000f55   Thumb Code     6  mpu6050.o(i.MPU6050)
    MPUgetAcceleration                       0x08000f61   Thumb Code    44  mpu6050.o(i.MPUgetAcceleration)
    MPUgetDeviceID                           0x08000f95   Thumb Code    24  mpu6050.o(i.MPUgetDeviceID)
    MPUgetRotation                           0x08000fb5   Thumb Code    44  mpu6050.o(i.MPUgetRotation)
    MPUinitialize                            0x08000fe9   Thumb Code    30  mpu6050.o(i.MPUinitialize)
    MPUsetClockSource                        0x08001009   Thumb Code    20  mpu6050.o(i.MPUsetClockSource)
    MPUsetFullScaleAccelRange                0x08001021   Thumb Code    20  mpu6050.o(i.MPUsetFullScaleAccelRange)
    MPUsetFullScaleGyroRange                 0x08001039   Thumb Code    20  mpu6050.o(i.MPUsetFullScaleGyroRange)
    MPUsetSleepEnabled                       0x08001051   Thumb Code    14  mpu6050.o(i.MPUsetSleepEnabled)
    MPUtestConnection                        0x08001065   Thumb Code    18  mpu6050.o(i.MPUtestConnection)
    MemManage_Handler                        0x08001077   Thumb Code     2  stm32f4xx_it.o(i.MemManage_Handler)
    NMI_Handler                              0x08001079   Thumb Code     2  stm32f4xx_it.o(i.NMI_Handler)
    NVIC_Init                                0x0800107d   Thumb Code    96  misc.o(i.NVIC_Init)
    PWMConfig                                0x080010e1   Thumb Code   364  motorcontrol.o(i.PWMConfig)
    PWMControl                               0x0800126d   Thumb Code   114  motorcontrol.o(i.PWMControl)
    PendSV_Handler                           0x080012f5   Thumb Code     2  stm32f4xx_it.o(i.PendSV_Handler)
    RCC_AHB1PeriphClockCmd                   0x080012f9   Thumb Code    18  stm32f4xx_rcc.o(i.RCC_AHB1PeriphClockCmd)
    RCC_APB1PeriphClockCmd                   0x08001311   Thumb Code    18  stm32f4xx_rcc.o(i.RCC_APB1PeriphClockCmd)
    RCC_APB1PeriphResetCmd                   0x08001329   Thumb Code    18  stm32f4xx_rcc.o(i.RCC_APB1PeriphResetCmd)
    RCC_APB2PeriphClockCmd                   0x08001341   Thumb Code    18  stm32f4xx_rcc.o(i.RCC_APB2PeriphClockCmd)
    RCC_APB2PeriphResetCmd                   0x08001359   Thumb Code    18  stm32f4xx_rcc.o(i.RCC_APB2PeriphResetCmd)
    RCC_GetClocksFreq                        0x08001371   Thumb Code   132  stm32f4xx_rcc.o(i.RCC_GetClocksFreq)
    SVC_Handler                              0x08001401   Thumb Code     2  stm32f4xx_it.o(i.SVC_Handler)
    SYSCFG_EXTILineConfig                    0x08001405   Thumb Code    42  stm32f4xx_syscfg.o(i.SYSCFG_EXTILineConfig)
    SysTick_Handler                          0x080014e9   Thumb Code   180  stm32f4xx_it.o(i.SysTick_Handler)
    SystemCoreClockUpdate                    0x080015b9   Thumb Code   106  system_stm32f4xx.o(i.SystemCoreClockUpdate)
    SystemInit                               0x08001631   Thumb Code    74  system_stm32f4xx.o(i.SystemInit)
    TIM3_IRQHandler                          0x0800168d   Thumb Code    46  stm32f4xx_it.o(i.TIM3_IRQHandler)
    TIM_ARRPreloadConfig                     0x080016c5   Thumb Code    20  stm32f4xx_tim.o(i.TIM_ARRPreloadConfig)
    TIM_ClearITPendingBit                    0x080016d9   Thumb Code     6  stm32f4xx_tim.o(i.TIM_ClearITPendingBit)
    TIM_Cmd                                  0x080016df   Thumb Code    20  stm32f4xx_tim.o(i.TIM_Cmd)
    TIM_GetCounter                           0x080016f3   Thumb Code     4  stm32f4xx_tim.o(i.TIM_GetCounter)
    TIM_GetITStatus                          0x080016f7   Thumb Code    24  stm32f4xx_tim.o(i.TIM_GetITStatus)
    TIM_OC2Init                              0x08001711   Thumb Code   120  stm32f4xx_tim.o(i.TIM_OC2Init)
    TIM_OC2PreloadConfig                     0x08001791   Thumb Code    20  stm32f4xx_tim.o(i.TIM_OC2PreloadConfig)
    TIM_OC3Init                              0x080017a5   Thumb Code   116  stm32f4xx_tim.o(i.TIM_OC3Init)
    TIM_OC3PreloadConfig                     0x08001821   Thumb Code    12  stm32f4xx_tim.o(i.TIM_OC3PreloadConfig)
    TIM_OC4Init                              0x0800182d   Thumb Code    88  stm32f4xx_tim.o(i.TIM_OC4Init)
    TIM_OC4PreloadConfig                     0x0800188d   Thumb Code    20  stm32f4xx_tim.o(i.TIM_OC4PreloadConfig)
    TIM_TimeBaseInit                         0x080018a1   Thumb Code    96  stm32f4xx_tim.o(i.TIM_TimeBaseInit)
    TM_GPIO_GetPortSource                    0x0800191d   Thumb Code    10  tm_stm32f4_gpio.o(i.TM_GPIO_GetPortSource)
    TM_GPIO_INT_EnableClock                  0x0800192d   Thumb Code    20  tm_stm32f4_gpio.o(i.TM_GPIO_INT_EnableClock)
    TM_GPIO_INT_Init                         0x08001945   Thumb Code   154  tm_stm32f4_gpio.o(i.TM_GPIO_INT_Init)
    TM_GPIO_InitAlternate                    0x080019e5   Thumb Code    96  tm_stm32f4_gpio.o(i.TM_GPIO_InitAlternate)
    TM_UART4_InitPins                        0x08001a45   Thumb Code    58  tm_stm32f4_usart.o(i.TM_UART4_InitPins)
    TM_UART5_InitPins                        0x08001a8d   Thumb Code    56  tm_stm32f4_usart.o(i.TM_UART5_InitPins)
    TM_USART1_InitPins                       0x08001ad1   Thumb Code    58  tm_stm32f4_usart.o(i.TM_USART1_InitPins)
    TM_USART2_InitPins                       0x08001b19   Thumb Code    56  tm_stm32f4_usart.o(i.TM_USART2_InitPins)
    TM_USART3_InitPins                       0x08001b5d   Thumb Code    76  tm_stm32f4_usart.o(i.TM_USART3_InitPins)
    TM_USART6_InitPins                       0x08001bb9   Thumb Code    58  tm_stm32f4_usart.o(i.TM_USART6_InitPins)
    TM_USART_INT_GetSubPriority              0x08001c01   Thumb Code    64  tm_stm32f4_usart.o(i.TM_USART_INT_GetSubPriority)
    TM_USART_INT_GetUsart                    0x08001c59   Thumb Code    74  tm_stm32f4_usart.o(i.TM_USART_INT_GetUsart)
    TM_USART_INT_InsertToBuffer              0x08001e11   Thumb Code    38  tm_stm32f4_usart.o(i.TM_USART_INT_InsertToBuffer)
    TM_USART_Init                            0x08001e39   Thumb Code   162  tm_stm32f4_usart.o(i.TM_USART_Init)
    TM_USART_InitCustomPinsCallback          0x08001ef5   Thumb Code     2  tm_stm32f4_usart.o(i.TM_USART_InitCustomPinsCallback)
    TM_USART_Puts                            0x08001ef7   Thumb Code    42  tm_stm32f4_usart.o(i.TM_USART_Puts)
    UART4_IRQHandler                         0x08001f21   Thumb Code    24  tm_stm32f4_usart.o(i.UART4_IRQHandler)
    UART5_IRQHandler                         0x08001f41   Thumb Code    20  tm_stm32f4_usart.o(i.UART5_IRQHandler)
    USART1_IRQHandler                        0x08001f5d   Thumb Code    20  tm_stm32f4_usart.o(i.USART1_IRQHandler)
    USART2_IRQHandler                        0x08001f79   Thumb Code    24  tm_stm32f4_usart.o(i.USART2_IRQHandler)
    USART3_IRQHandler                        0x08001f99   Thumb Code    24  tm_stm32f4_usart.o(i.USART3_IRQHandler)
    USART6_IRQHandler                        0x08001fb9   Thumb Code    24  tm_stm32f4_usart.o(i.USART6_IRQHandler)
    USART_DeInit                             0x08001fd9   Thumb Code   138  stm32f4xx_usart.o(i.USART_DeInit)
    USART_Init                               0x08002085   Thumb Code   164  stm32f4xx_usart.o(i.USART_Init)
    UsageFault_Handler                       0x08002131   Thumb Code     2  stm32f4xx_it.o(i.UsageFault_Handler)
    __ARM_fpclassify                         0x08002133   Thumb Code    48  fpclassify.o(i.__ARM_fpclassify)
    __hardfp_atan                            0x08002169   Thumb Code   622  atan.o(i.__hardfp_atan)
    __hardfp_sqrt                            0x08002441   Thumb Code   122  sqrt.o(i.__hardfp_sqrt)
    __kernel_poly                            0x080024bb   Thumb Code   248  poly.o(i.__kernel_poly)
    __mathlib_dbl_infnan                     0x080025b3   Thumb Code    20  dunder.o(i.__mathlib_dbl_infnan)
    __mathlib_dbl_underflow                  0x080025c9   Thumb Code    24  dunder.o(i.__mathlib_dbl_underflow)
    encoderInterrupt                         0x080025e9   Thumb Code    48  encoder.o(i.encoderInterrupt)
    fabs                                     0x08002625   Thumb Code    24  fabs.o(i.fabs)
    feedbackIMUProcess                       0x0800263d   Thumb Code    18  feedback.o(i.feedbackIMUProcess)
    initButtonOnDiscoveryBoard               0x08002651   Thumb Code    92  button.o(i.initButtonOnDiscoveryBoard)
    kalmanCalculate                          0x080026b5   Thumb Code   180  kalman.o(i.kalmanCalculate)
    main                                     0x08002771   Thumb Code   232  main.o(i.main)
    motorDirConfig                           0x0800287d   Thumb Code    78  motorcontrol.o(i.motorDirConfig)
    __aeabi_dneg                             0x080028dd   Thumb Code     0  basic.o(x$fpl$basic)
    _dneg                                    0x080028dd   Thumb Code     6  basic.o(x$fpl$basic)
    __aeabi_fneg                             0x080028e3   Thumb Code     0  basic.o(x$fpl$basic)
    _fneg                                    0x080028e3   Thumb Code     6  basic.o(x$fpl$basic)
    _dabs                                    0x080028e9   Thumb Code     6  basic.o(x$fpl$basic)
    _fabs                                    0x080028ef   Thumb Code     6  basic.o(x$fpl$basic)
    __aeabi_d2f                              0x080028f5   Thumb Code     0  d2f.o(x$fpl$d2f)
    _d2f                                     0x080028f5   Thumb Code    98  d2f.o(x$fpl$d2f)
    __aeabi_dadd                             0x08002959   Thumb Code     0  daddsub_clz.o(x$fpl$dadd)
    _dadd                                    0x08002959   Thumb Code   332  daddsub_clz.o(x$fpl$dadd)
    __aeabi_ddiv                             0x08002aa9   Thumb Code     0  ddiv.o(x$fpl$ddiv)
    _ddiv                                    0x08002aa9   Thumb Code   552  ddiv.o(x$fpl$ddiv)
    __aeabi_i2d                              0x08002d59   Thumb Code     0  dflt_clz.o(x$fpl$dflt)
    _dflt                                    0x08002d59   Thumb Code    46  dflt_clz.o(x$fpl$dflt)
    __aeabi_dmul                             0x08002d89   Thumb Code     0  dmul.o(x$fpl$dmul)
    _dmul                                    0x08002d89   Thumb Code   332  dmul.o(x$fpl$dmul)
    __fpl_dnaninf                            0x08002edd   Thumb Code   156  dnaninf.o(x$fpl$dnaninf)
    __fpl_dretinf                            0x08002f79   Thumb Code    12  dretinf.o(x$fpl$dretinf)
    __aeabi_drsub                            0x08002f85   Thumb Code     0  daddsub_clz.o(x$fpl$drsb)
    _drsb                                    0x08002f85   Thumb Code    22  daddsub_clz.o(x$fpl$drsb)
    _dsqrt                                   0x08002f9d   Thumb Code   404  dsqrt_umaal.o(x$fpl$dsqrt)
    __aeabi_dsub                             0x08003135   Thumb Code     0  daddsub_clz.o(x$fpl$dsub)
    _dsub                                    0x08003135   Thumb Code   464  daddsub_clz.o(x$fpl$dsub)
    __aeabi_f2d                              0x08003309   Thumb Code     0  f2d.o(x$fpl$f2d)
    _f2d                                     0x08003309   Thumb Code    86  f2d.o(x$fpl$f2d)
    __fpl_fnaninf                            0x0800335f   Thumb Code   140  fnaninf.o(x$fpl$fnaninf)
    _fp_init                                 0x080033eb   Thumb Code    10  fpinit.o(x$fpl$fpinit)
    __fplib_config_fpu_vfp                   0x080033f3   Thumb Code     0  fpinit.o(x$fpl$fpinit)
    __fplib_config_pureend_doubles           0x080033f3   Thumb Code     0  fpinit.o(x$fpl$fpinit)
    __fpl_fretinf                            0x080033f5   Thumb Code    10  fretinf.o(x$fpl$fretinf)
    __I$use$fp                               0x080033fe   Number         0  usenofp.o(x$fpl$usenofp)
    Region$$Table$$Base                      0x08003498   Number         0  anon$$obj.o(Region$$Table)
    Region$$Table$$Limit                     0x080034b8   Number         0  anon$$obj.o(Region$$Table)
    PWM_motorADutyCycle                      0x20000000   Data           1  main.o(.data)
    PWM_motorBDutyCycle                      0x20000001   Data           1  main.o(.data)
    enableIMUInterrupt                       0x20000002   Data           1  main.o(.data)
    enableEncoderInterrupt                   0x20000003   Data           1  main.o(.data)
    roll                                     0x20000008   Data           8  main.o(.data)
    enablePIDInterrupt                       0x20000010   Data           1  main.o(.data)
    enableLargerPIDInterrupt                 0x20000011   Data           1  main.o(.data)
    enableLQGInterrupt                       0x20000012   Data           1  main.o(.data)
    SystemCoreClock                          0x20000040   Data           4  system_stm32f4xx.o(.data)
    AHBPrescTable                            0x20000044   Data          16  system_stm32f4xx.o(.data)
    TM_USART1                                0x20000064   Data          16  tm_stm32f4_usart.o(.data)
    TM_USART2                                0x20000074   Data          16  tm_stm32f4_usart.o(.data)
    TM_USART3                                0x20000084   Data          16  tm_stm32f4_usart.o(.data)
    TM_UART4                                 0x20000094   Data          16  tm_stm32f4_usart.o(.data)
    TM_UART5                                 0x200000a4   Data          16  tm_stm32f4_usart.o(.data)
    TM_USART6                                0x200000b4   Data          16  tm_stm32f4_usart.o(.data)
    PWM_GPIOInitStructure                    0x200000c4   Data           8  motorcontrol.o(.data)
    GPIO_MotorDirInitStructure               0x200000cc   Data           8  motorcontrol.o(.data)
    MOTORA_Parameters                        0x200000d4   Data           8  motorcontrol.o(.data)
    MOTORB_Parameters                        0x200000dc   Data           8  motorcontrol.o(.data)
    MOTORC_Parameters                        0x200000e4   Data           8  motorcontrol.o(.data)
    MOTORD_Parameters                        0x200000ec   Data           8  motorcontrol.o(.data)
    NVIC_buttonInitStruct                    0x200000f4   Data           4  button.o(.data)
    IT_buttonInitStructure                   0x200000f8   Data           8  button.o(.data)
    GPIO_buttonInitStructure                 0x20000100   Data           8  button.o(.data)
    gyro_value                               0x2000015c   Data           6  imu.o(.data)
    accel_value                              0x20000162   Data           6  imu.o(.data)
    gyro_zero                                0x20000168   Data           6  imu.o(.data)
    NumEncoder                               0x20000170   Data           8  encoder.o(.data)
    MPUdevAddr                               0x20000178   Data           1  mpu6050.o(.data)
    Q_angle                                  0x2000017c   Data           4  kalman.o(.data)
    Q_gyro                                   0x20000180   Data           4  kalman.o(.data)
    R_angle                                  0x20000184   Data           4  kalman.o(.data)
    x_bias                                   0x20000188   Data           4  kalman.o(.data)
    P_00                                     0x2000018c   Data           4  kalman.o(.data)
    P_01                                     0x20000190   Data           4  kalman.o(.data)
    P_10                                     0x20000194   Data           4  kalman.o(.data)
    P_11                                     0x20000198   Data           4  kalman.o(.data)
    x_angle                                  0x2000019c   Data           4  kalman.o(.data)
    y                                        0x200001a0   Data           4  kalman.o(.data)
    S                                        0x200001a4   Data           4  kalman.o(.data)
    K_0                                      0x200001a8   Data           4  kalman.o(.data)
    K_1                                      0x200001ac   Data           4  kalman.o(.data)
    TM_USART1_Buffer                         0x200001c6   Data          32  tm_stm32f4_usart.o(.bss)
    TM_USART2_Buffer                         0x200001e6   Data          32  tm_stm32f4_usart.o(.bss)
    TM_USART3_Buffer                         0x20000206   Data          32  tm_stm32f4_usart.o(.bss)
    TM_UART4_Buffer                          0x20000226   Data          32  tm_stm32f4_usart.o(.bss)
    TM_UART5_Buffer                          0x20000246   Data          32  tm_stm32f4_usart.o(.bss)
    TM_USART6_Buffer                         0x20000266   Data          32  tm_stm32f4_usart.o(.bss)
    PWM_TimeBaseStructure                    0x20000288   Data          12  motorcontrol.o(.bss)
    PWM_OCInitStructure                      0x20000294   Data          20  motorcontrol.o(.bss)
    globalGyroAngle                          0x200002a8   Data          12  imu.o(.bss)
    localGyroAngle                           0x200002b4   Data          12  imu.o(.bss)
    FilteredAngle                            0x200002c0   Data          12  imu.o(.bss)
    counterEncoderPulse                      0x200002d0   Data          32  encoder.o(.bss)
    previousCounterEncoderPulse              0x200002f0   Data          32  encoder.o(.bss)
    varphi                                   0x20000310   Data          24  feedback.o(.bss)
    arc                                      0x20000328   Data          24  feedback.o(.bss)
    omega                                    0x20000340   Data          24  feedback.o(.bss)
    phi                                      0x20000358   Data          24  feedback.o(.bss)
    coordinate                               0x20000370   Data          12  feedback.o(.bss)
    globalTheta                              0x20000380   Data          24  feedback.o(.bss)
    globalThetaDot                           0x20000398   Data          24  feedback.o(.bss)
    MPUbuffer                                0x200003c0   Data          14  mpu6050.o(.bss)
    __libspace_start                         0x200003d0   Data          96  libspace.o(.bss)
    __temporary_stack_top$libspace           0x20000430   Data           0  libspace.o(.bss)



==============================================================================

Memory Map of the image

  Image Entry point : 0x08000189

  Load Region LR_IROM1 (Base: 0x08000000, Size: 0x00003668, Max: 0x00100000, ABSOLUTE, COMPRESSED[0x000034f8])

    Execution Region ER_IROM1 (Base: 0x08000000, Size: 0x000034b8, Max: 0x00100000, ABSOLUTE)

    Base Addr    Size         Type   Attr      Idx    E Section Name        Object

    0x08000000   0x00000188   Data   RO          379    RESET               startup_stm32f40xx.o
    0x08000188   0x00000008   Code   RO         6182  * !!!main             c_w.l(__main.o)
    0x08000190   0x00000034   Code   RO         6463    !!!scatter          c_w.l(__scatter.o)
    0x080001c4   0x0000005a   Code   RO         6461    !!dczerorl2         c_w.l(__dczerorl2.o)
    0x0800021e   0x00000002   PAD
    0x08000220   0x0000001c   Code   RO         6465    !!handler_zi        c_w.l(__scatter_zi.o)
    0x0800023c   0x00000002   Code   RO         6334    .ARM.Collect$$libinit$$00000000  c_w.l(libinit.o)
    0x0800023e   0x00000004   Code   RO         6337    .ARM.Collect$$libinit$$00000001  c_w.l(libinit2.o)
    0x08000242   0x00000000   Code   RO         6340    .ARM.Collect$$libinit$$00000004  c_w.l(libinit2.o)
    0x08000242   0x00000000   Code   RO         6343    .ARM.Collect$$libinit$$0000000A  c_w.l(libinit2.o)
    0x08000242   0x00000000   Code   RO         6345    .ARM.Collect$$libinit$$0000000C  c_w.l(libinit2.o)
    0x08000242   0x00000000   Code   RO         6347    .ARM.Collect$$libinit$$0000000E  c_w.l(libinit2.o)
    0x08000242   0x00000000   Code   RO         6350    .ARM.Collect$$libinit$$00000011  c_w.l(libinit2.o)
    0x08000242   0x00000000   Code   RO         6352    .ARM.Collect$$libinit$$00000013  c_w.l(libinit2.o)
    0x08000242   0x00000000   Code   RO         6354    .ARM.Collect$$libinit$$00000015  c_w.l(libinit2.o)
    0x08000242   0x00000000   Code   RO         6356    .ARM.Collect$$libinit$$00000017  c_w.l(libinit2.o)
    0x08000242   0x00000000   Code   RO         6358    .ARM.Collect$$libinit$$00000019  c_w.l(libinit2.o)
    0x08000242   0x00000000   Code   RO         6360    .ARM.Collect$$libinit$$0000001B  c_w.l(libinit2.o)
    0x08000242   0x00000000   Code   RO         6362    .ARM.Collect$$libinit$$0000001D  c_w.l(libinit2.o)
    0x08000242   0x00000000   Code   RO         6364    .ARM.Collect$$libinit$$0000001F  c_w.l(libinit2.o)
    0x08000242   0x00000000   Code   RO         6366    .ARM.Collect$$libinit$$00000021  c_w.l(libinit2.o)
    0x08000242   0x00000000   Code   RO         6368    .ARM.Collect$$libinit$$00000023  c_w.l(libinit2.o)
    0x08000242   0x00000000   Code   RO         6370    .ARM.Collect$$libinit$$00000025  c_w.l(libinit2.o)
    0x08000242   0x00000000   Code   RO         6374    .ARM.Collect$$libinit$$0000002C  c_w.l(libinit2.o)
    0x08000242   0x00000000   Code   RO         6376    .ARM.Collect$$libinit$$0000002E  c_w.l(libinit2.o)
    0x08000242   0x00000000   Code   RO         6378    .ARM.Collect$$libinit$$00000030  c_w.l(libinit2.o)
    0x08000242   0x00000000   Code   RO         6380    .ARM.Collect$$libinit$$00000032  c_w.l(libinit2.o)
    0x08000242   0x00000002   Code   RO         6381    .ARM.Collect$$libinit$$00000033  c_w.l(libinit2.o)
    0x08000244   0x00000002   Code   RO         6401    .ARM.Collect$$libshutdown$$00000000  c_w.l(libshutdown.o)
    0x08000246   0x00000000   Code   RO         6414    .ARM.Collect$$libshutdown$$00000002  c_w.l(libshutdown2.o)
    0x08000246   0x00000000   Code   RO         6416    .ARM.Collect$$libshutdown$$00000004  c_w.l(libshutdown2.o)
    0x08000246   0x00000000   Code   RO         6419    .ARM.Collect$$libshutdown$$00000007  c_w.l(libshutdown2.o)
    0x08000246   0x00000000   Code   RO         6422    .ARM.Collect$$libshutdown$$0000000A  c_w.l(libshutdown2.o)
    0x08000246   0x00000000   Code   RO         6424    .ARM.Collect$$libshutdown$$0000000C  c_w.l(libshutdown2.o)
    0x08000246   0x00000000   Code   RO         6427    .ARM.Collect$$libshutdown$$0000000F  c_w.l(libshutdown2.o)
    0x08000246   0x00000002   Code   RO         6428    .ARM.Collect$$libshutdown$$00000010  c_w.l(libshutdown2.o)
    0x08000248   0x00000000   Code   RO         6254    .ARM.Collect$$rtentry$$00000000  c_w.l(__rtentry.o)
    0x08000248   0x00000000   Code   RO         6303    .ARM.Collect$$rtentry$$00000002  c_w.l(__rtentry2.o)
    0x08000248   0x00000006   Code   RO         6315    .ARM.Collect$$rtentry$$00000004  c_w.l(__rtentry4.o)
    0x0800024e   0x00000000   Code   RO         6305    .ARM.Collect$$rtentry$$00000009  c_w.l(__rtentry2.o)
    0x0800024e   0x00000004   Code   RO         6306    .ARM.Collect$$rtentry$$0000000A  c_w.l(__rtentry2.o)
    0x08000252   0x00000000   Code   RO         6308    .ARM.Collect$$rtentry$$0000000C  c_w.l(__rtentry2.o)
    0x08000252   0x00000008   Code   RO         6309    .ARM.Collect$$rtentry$$0000000D  c_w.l(__rtentry2.o)
    0x0800025a   0x00000002   Code   RO         6335    .ARM.Collect$$rtexit$$00000000  c_w.l(rtexit.o)
    0x0800025c   0x00000000   Code   RO         6383    .ARM.Collect$$rtexit$$00000002  c_w.l(rtexit2.o)
    0x0800025c   0x00000004   Code   RO         6384    .ARM.Collect$$rtexit$$00000003  c_w.l(rtexit2.o)
    0x08000260   0x00000006   Code   RO         6385    .ARM.Collect$$rtexit$$00000004  c_w.l(rtexit2.o)
    0x08000266   0x00000002   PAD
    0x08000268   0x00000040   Code   RO          380    .text               startup_stm32f40xx.o
    0x080002a8   0x00000006   Code   RO         6180    .text               c_w.l(heapauxi.o)
    0x080002ae   0x00000016   Code   RO         6255    .text               c_w.l(_rserrno.o)
    0x080002c4   0x00000008   Code   RO         6320    .text               c_w.l(rt_errno_addr_intlibspace.o)
    0x080002cc   0x00000008   Code   RO         6322    .text               c_w.l(libspace.o)
    0x080002d4   0x0000004a   Code   RO         6325    .text               c_w.l(sys_stackheap_outer.o)
    0x0800031e   0x00000012   Code   RO         6327    .text               c_w.l(exit.o)
    0x08000330   0x0000000c   Code   RO         6393    .text               c_w.l(sys_exit.o)
    0x0800033c   0x00000002   Code   RO         6404    .text               c_w.l(use_no_semi.o)
    0x0800033e   0x00000000   Code   RO         6406    .text               c_w.l(indicate_semi.o)
    0x0800033e   0x00000002   Code   RO          231    i.BusFault_Handler  stm32f4xx_it.o
    0x08000340   0x00000002   Code   RO          232    i.DebugMon_Handler  stm32f4xx_it.o
    0x08000342   0x00000002   PAD
    0x08000344   0x00000060   Code   RO          233    i.EXTI0_IRQHandler  stm32f4xx_it.o
    0x080003a4   0x00000002   Code   RO          234    i.EXTI9_5_IRQHandler  stm32f4xx_it.o
    0x080003a6   0x00000002   PAD
    0x080003a8   0x0000000c   Code   RO         1800    i.EXTI_ClearITPendingBit  stm32f4xx_exti.o
    0x080003b4   0x00000014   Code   RO         1804    i.EXTI_GetITStatus  stm32f4xx_exti.o
    0x080003c8   0x00000070   Code   RO         1805    i.EXTI_Init         stm32f4xx_exti.o
    0x08000438   0x00000034   Code   RO            4    i.GPIOConfig        main.o
    0x0800046c   0x000000a2   Code   RO         2460    i.GPIO_Init         stm32f4xx_gpio.o
    0x0800050e   0x00000020   Code   RO         2461    i.GPIO_PinAFConfig  stm32f4xx_gpio.o
    0x0800052e   0x0000000e   Code   RO         2464    i.GPIO_ReadInputDataBit  stm32f4xx_gpio.o
    0x0800053c   0x00000004   Code   RO         2468    i.GPIO_SetBits      stm32f4xx_gpio.o
    0x08000540   0x00000008   Code   RO         2470    i.GPIO_ToggleBits   stm32f4xx_gpio.o
    0x08000548   0x0000000a   Code   RO         2472    i.GPIO_WriteBit     stm32f4xx_gpio.o
    0x08000552   0x00000002   Code   RO          235    i.HardFault_Handler  stm32f4xx_it.o
    0x08000554   0x00000014   Code   RO         1866    i.I2C_AcknowledgeConfig  stm32f4xx_i2c.o
    0x08000568   0x00000018   Code   RO         1869    i.I2C_CheckEvent    stm32f4xx_i2c.o
    0x08000580   0x00000014   Code   RO         1872    i.I2C_Cmd           stm32f4xx_i2c.o
    0x08000594   0x00000014   Code   RO         1880    i.I2C_GenerateSTART  stm32f4xx_i2c.o
    0x080005a8   0x00000014   Code   RO         1881    i.I2C_GenerateSTOP  stm32f4xx_i2c.o
    0x080005bc   0x0000002a   Code   RO         1882    i.I2C_GetFlagStatus  stm32f4xx_i2c.o
    0x080005e6   0x00000002   PAD
    0x080005e8   0x000000b8   Code   RO         1887    i.I2C_Init          stm32f4xx_i2c.o
    0x080006a0   0x00000006   Code   RO         1892    i.I2C_ReceiveData   stm32f4xx_i2c.o
    0x080006a6   0x00000010   Code   RO         1894    i.I2C_Send7bitAddress  stm32f4xx_i2c.o
    0x080006b6   0x00000004   Code   RO         1895    i.I2C_SendData      stm32f4xx_i2c.o
    0x080006ba   0x0000002c   Code   RO         6056    i.I2C_readBits      mpu6050_i2c.o
    0x080006e6   0x00000002   PAD
    0x080006e8   0x00000040   Code   RO         6057    i.I2C_readByte      mpu6050_i2c.o
    0x08000728   0x00000058   Code   RO         6058    i.I2C_readBytes     mpu6050_i2c.o
    0x08000780   0x00000028   Code   RO         6059    i.I2C_read_ack      mpu6050_i2c.o
    0x080007a8   0x00000030   Code   RO         6060    i.I2C_read_nack     mpu6050_i2c.o
    0x080007d8   0x0000006c   Code   RO         6061    i.I2C_start         mpu6050_i2c.o
    0x08000844   0x00000006   Code   RO         6062    i.I2C_stop          mpu6050_i2c.o
    0x0800084a   0x00000002   PAD
    0x0800084c   0x0000001c   Code   RO         6063    i.I2C_write         mpu6050_i2c.o
    0x08000868   0x00000032   Code   RO         6064    i.I2C_writeBit      mpu6050_i2c.o
    0x0800089a   0x00000040   Code   RO         6065    i.I2C_writeBits     mpu6050_i2c.o
    0x080008da   0x00000002   PAD
    0x080008dc   0x00000030   Code   RO         6066    i.I2C_writeByte     mpu6050_i2c.o
    0x0800090c   0x00000090   Code   RO         6069    i.IIC_Init          mpu6050_i2c.o
    0x0800099c   0x00000124   Code   RO         4124    i.IMUFilter         imu.o
    0x08000ac0   0x00000100   Code   RO         4125    i.IMUGetAngle       imu.o
    0x08000bc0   0x000000a8   Code   RO         4126    i.IMUGetValue       imu.o
    0x08000c68   0x00000060   Code   RO         4127    i.IMUGetValueGyroOffset  imu.o
    0x08000cc8   0x0000008c   Code   RO         4128    i.IMUGetXAngle      imu.o
    0x08000d54   0x00000090   Code   RO         4129    i.IMUGetYAngle      imu.o
    0x08000de4   0x0000008c   Code   RO         4130    i.IMUGetZAngle      imu.o
    0x08000e70   0x00000034   Code   RO         4131    i.IMUGyroXRate      imu.o
    0x08000ea4   0x00000034   Code   RO         4132    i.IMUGyroYRate      imu.o
    0x08000ed8   0x00000034   Code   RO         4133    i.IMUGyroZRate      imu.o
    0x08000f0c   0x00000024   Code   RO         4364    i.IMUacce2Theta     feedback.o
    0x08000f30   0x00000024   Code   RO         4365    i.IMUgyro2ThetaDot  feedback.o
    0x08000f54   0x0000000c   Code   RO         4486    i.MPU6050           mpu6050.o
    0x08000f60   0x00000034   Code   RO         4491    i.MPUgetAcceleration  mpu6050.o
    0x08000f94   0x00000020   Code   RO         4509    i.MPUgetDeviceID    mpu6050.o
    0x08000fb4   0x00000034   Code   RO         4561    i.MPUgetRotation    mpu6050.o
    0x08000fe8   0x0000001e   Code   RO         4628    i.MPUinitialize     mpu6050.o
    0x08001006   0x00000002   PAD
    0x08001008   0x00000018   Code   RO         4645    i.MPUsetClockSource  mpu6050.o
    0x08001020   0x00000018   Code   RO         4661    i.MPUsetFullScaleAccelRange  mpu6050.o
    0x08001038   0x00000018   Code   RO         4662    i.MPUsetFullScaleGyroRange  mpu6050.o
    0x08001050   0x00000014   Code   RO         4708    i.MPUsetSleepEnabled  mpu6050.o
    0x08001064   0x00000012   Code   RO         4738    i.MPUtestConnection  mpu6050.o
    0x08001076   0x00000002   Code   RO          236    i.MemManage_Handler  stm32f4xx_it.o
    0x08001078   0x00000002   Code   RO          237    i.NMI_Handler       stm32f4xx_it.o
    0x0800107a   0x00000002   PAD
    0x0800107c   0x00000064   Code   RO         2411    i.NVIC_Init         misc.o
    0x080010e0   0x0000018c   Code   RO         3999    i.PWMConfig         motorcontrol.o
    0x0800126c   0x00000088   Code   RO         4000    i.PWMControl        motorcontrol.o
    0x080012f4   0x00000002   Code   RO          238    i.PendSV_Handler    stm32f4xx_it.o
    0x080012f6   0x00000002   PAD
    0x080012f8   0x00000018   Code   RO         2561    i.RCC_AHB1PeriphClockCmd  stm32f4xx_rcc.o
    0x08001310   0x00000018   Code   RO         2570    i.RCC_APB1PeriphClockCmd  stm32f4xx_rcc.o
    0x08001328   0x00000018   Code   RO         2572    i.RCC_APB1PeriphResetCmd  stm32f4xx_rcc.o
    0x08001340   0x00000018   Code   RO         2573    i.RCC_APB2PeriphClockCmd  stm32f4xx_rcc.o
    0x08001358   0x00000018   Code   RO         2575    i.RCC_APB2PeriphResetCmd  stm32f4xx_rcc.o
    0x08001370   0x00000090   Code   RO         2582    i.RCC_GetClocksFreq  stm32f4xx_rcc.o
    0x08001400   0x00000002   Code   RO          239    i.SVC_Handler       stm32f4xx_it.o
    0x08001402   0x00000002   PAD
    0x08001404   0x00000030   Code   RO         2096    i.SYSCFG_EXTILineConfig  stm32f4xx_syscfg.o
    0x08001434   0x000000b4   Code   RO          339    i.SetSysClock       system_stm32f4xx.o
    0x080014e8   0x000000d0   Code   RO          240    i.SysTick_Handler   stm32f4xx_it.o
    0x080015b8   0x00000078   Code   RO          340    i.SystemCoreClockUpdate  system_stm32f4xx.o
    0x08001630   0x0000005c   Code   RO          341    i.SystemInit        system_stm32f4xx.o
    0x0800168c   0x00000038   Code   RO          241    i.TIM3_IRQHandler   stm32f4xx_it.o
    0x080016c4   0x00000014   Code   RO         2901    i.TIM_ARRPreloadConfig  stm32f4xx_tim.o
    0x080016d8   0x00000006   Code   RO         2908    i.TIM_ClearITPendingBit  stm32f4xx_tim.o
    0x080016de   0x00000014   Code   RO         2913    i.TIM_Cmd           stm32f4xx_tim.o
    0x080016f2   0x00000004   Code   RO         2932    i.TIM_GetCounter    stm32f4xx_tim.o
    0x080016f6   0x00000018   Code   RO         2934    i.TIM_GetITStatus   stm32f4xx_tim.o
    0x0800170e   0x00000002   PAD
    0x08001710   0x00000080   Code   RO         2947    i.TIM_OC2Init       stm32f4xx_tim.o
    0x08001790   0x00000014   Code   RO         2950    i.TIM_OC2PreloadConfig  stm32f4xx_tim.o
    0x080017a4   0x0000007c   Code   RO         2952    i.TIM_OC3Init       stm32f4xx_tim.o
    0x08001820   0x0000000c   Code   RO         2955    i.TIM_OC3PreloadConfig  stm32f4xx_tim.o
    0x0800182c   0x00000060   Code   RO         2957    i.TIM_OC4Init       stm32f4xx_tim.o
    0x0800188c   0x00000014   Code   RO         2959    i.TIM_OC4PreloadConfig  stm32f4xx_tim.o
    0x080018a0   0x0000007c   Code   RO         2985    i.TIM_TimeBaseInit  stm32f4xx_tim.o
    0x0800191c   0x00000010   Code   RO         3645    i.TM_GPIO_GetPortSource  tm_stm32f4_gpio.o
    0x0800192c   0x00000018   Code   RO         3648    i.TM_GPIO_INT_EnableClock  tm_stm32f4_gpio.o
    0x08001944   0x000000a0   Code   RO         3649    i.TM_GPIO_INT_Init  tm_stm32f4_gpio.o
    0x080019e4   0x00000060   Code   RO         3651    i.TM_GPIO_InitAlternate  tm_stm32f4_gpio.o
    0x08001a44   0x00000048   Code   RO         3757    i.TM_UART4_InitPins  tm_stm32f4_usart.o
    0x08001a8c   0x00000044   Code   RO         3758    i.TM_UART5_InitPins  tm_stm32f4_usart.o
    0x08001ad0   0x00000048   Code   RO         3759    i.TM_USART1_InitPins  tm_stm32f4_usart.o
    0x08001b18   0x00000044   Code   RO         3760    i.TM_USART2_InitPins  tm_stm32f4_usart.o
    0x08001b5c   0x0000005c   Code   RO         3761    i.TM_USART3_InitPins  tm_stm32f4_usart.o
    0x08001bb8   0x00000048   Code   RO         3762    i.TM_USART6_InitPins  tm_stm32f4_usart.o
    0x08001c00   0x00000058   Code   RO         3769    i.TM_USART_INT_GetSubPriority  tm_stm32f4_usart.o
    0x08001c58   0x00000068   Code   RO         3770    i.TM_USART_INT_GetUsart  tm_stm32f4_usart.o
    0x08001cc0   0x00000150   Code   RO         3771    i.TM_USART_INT_Init  tm_stm32f4_usart.o
    0x08001e10   0x00000026   Code   RO         3772    i.TM_USART_INT_InsertToBuffer  tm_stm32f4_usart.o
    0x08001e36   0x00000002   PAD
    0x08001e38   0x000000bc   Code   RO         3773    i.TM_USART_Init     tm_stm32f4_usart.o
    0x08001ef4   0x00000002   Code   RO         3774    i.TM_USART_InitCustomPinsCallback  tm_stm32f4_usart.o
    0x08001ef6   0x0000002a   Code   RO         3776    i.TM_USART_Puts     tm_stm32f4_usart.o
    0x08001f20   0x00000020   Code   RO         3779    i.UART4_IRQHandler  tm_stm32f4_usart.o
    0x08001f40   0x0000001c   Code   RO         3780    i.UART5_IRQHandler  tm_stm32f4_usart.o
    0x08001f5c   0x0000001c   Code   RO         3781    i.USART1_IRQHandler  tm_stm32f4_usart.o
    0x08001f78   0x00000020   Code   RO         3782    i.USART2_IRQHandler  tm_stm32f4_usart.o
    0x08001f98   0x00000020   Code   RO         3783    i.USART3_IRQHandler  tm_stm32f4_usart.o
    0x08001fb8   0x00000020   Code   RO         3784    i.USART6_IRQHandler  tm_stm32f4_usart.o
    0x08001fd8   0x000000ac   Code   RO         3456    i.USART_DeInit      stm32f4xx_usart.o
    0x08002084   0x000000ac   Code   RO         3461    i.USART_Init        stm32f4xx_usart.o
    0x08002130   0x00000002   Code   RO          242    i.UsageFault_Handler  stm32f4xx_it.o
    0x08002132   0x00000030   Code   RO         6298    i.__ARM_fpclassify  m_wm.l(fpclassify.o)
    0x08002162   0x00000006   PAD
    0x08002168   0x000002d8   Code   RO         6220    i.__hardfp_atan     m_wm.l(atan.o)
    0x08002440   0x0000007a   Code   RO         6234    i.__hardfp_sqrt     m_wm.l(sqrt.o)
    0x080024ba   0x000000f8   Code   RO         6300    i.__kernel_poly     m_wm.l(poly.o)
    0x080025b2   0x00000014   Code   RO         6279    i.__mathlib_dbl_infnan  m_wm.l(dunder.o)
    0x080025c6   0x00000002   PAD
    0x080025c8   0x00000020   Code   RO         6284    i.__mathlib_dbl_underflow  m_wm.l(dunder.o)
    0x080025e8   0x0000003c   Code   RO         4314    i.encoderInterrupt  encoder.o
    0x08002624   0x00000018   Code   RO         6294    i.fabs              m_wm.l(fabs.o)
    0x0800263c   0x00000012   Code   RO         4373    i.feedbackIMUProcess  feedback.o
    0x0800264e   0x00000002   PAD
    0x08002650   0x00000064   Code   RO         4090    i.initButtonOnDiscoveryBoard  button.o
    0x080026b4   0x000000bc   Code   RO         6162    i.kalmanCalculate   kalman.o
    0x08002770   0x0000010c   Code   RO            5    i.main              main.o
    0x0800287c   0x00000060   Code   RO         4002    i.motorDirConfig    motorcontrol.o
    0x080028dc   0x00000018   Code   RO         6257    x$fpl$basic         fz_wm.l(basic.o)
    0x080028f4   0x00000062   Code   RO         6184    x$fpl$d2f           fz_wm.l(d2f.o)
    0x08002956   0x00000002   PAD
    0x08002958   0x00000150   Code   RO         6186    x$fpl$dadd          fz_wm.l(daddsub_clz.o)
    0x08002aa8   0x000002b0   Code   RO         6193    x$fpl$ddiv          fz_wm.l(ddiv.o)
    0x08002d58   0x0000002e   Code   RO         6207    x$fpl$dflt          fz_wm.l(dflt_clz.o)
    0x08002d86   0x00000002   PAD
    0x08002d88   0x00000154   Code   RO         6214    x$fpl$dmul          fz_wm.l(dmul.o)
    0x08002edc   0x0000009c   Code   RO         6261    x$fpl$dnaninf       fz_wm.l(dnaninf.o)
    0x08002f78   0x0000000c   Code   RO         6263    x$fpl$dretinf       fz_wm.l(dretinf.o)
    0x08002f84   0x00000016   Code   RO         6187    x$fpl$drsb          fz_wm.l(daddsub_clz.o)
    0x08002f9a   0x00000002   PAD
    0x08002f9c   0x00000198   Code   RO         6265    x$fpl$dsqrt         fz_wm.l(dsqrt_umaal.o)
    0x08003134   0x000001d4   Code   RO         6188    x$fpl$dsub          fz_wm.l(daddsub_clz.o)
    0x08003308   0x00000056   Code   RO         6216    x$fpl$f2d           fz_wm.l(f2d.o)
    0x0800335e   0x0000008c   Code   RO         6271    x$fpl$fnaninf       fz_wm.l(fnaninf.o)
    0x080033ea   0x0000000a   Code   RO         6391    x$fpl$fpinit        fz_wm.l(fpinit.o)
    0x080033f4   0x0000000a   Code   RO         6273    x$fpl$fretinf       fz_wm.l(fretinf.o)
    0x080033fe   0x00000000   Code   RO         6277    x$fpl$usenofp       fz_wm.l(usenofp.o)
    0x080033fe   0x00000002   PAD
    0x08003400   0x00000098   Data   RO         6223    .constdata          m_wm.l(atan.o)
    0x08003498   0x00000020   Data   RO         6459    Region$$Table       anon$$obj.o


    Execution Region RW_IRAM1 (Base: 0x20000000, Size: 0x00000a30, Max: 0x00020000, ABSOLUTE, COMPRESSED[0x00000040])

    Base Addr    Size         Type   Attr      Idx    E Section Name        Object

    0x20000000   0x00000010   Data   RW            6    .data               main.o
    0x20000010   0x00000001   Data   RW            9    .data               main.o
    0x20000011   0x00000001   Data   RW           10    .data               main.o
    0x20000012   0x00000001   Data   RW           11    .data               main.o
    0x20000013   0x00000005   PAD
    0x20000018   0x00000028   Data   RW          243    .data               stm32f4xx_it.o
    0x20000040   0x00000014   Data   RW          342    .data               system_stm32f4xx.o
    0x20000054   0x00000010   Data   RW         2614    .data               stm32f4xx_rcc.o
    0x20000064   0x00000060   Data   RW         3791    .data               tm_stm32f4_usart.o
    0x200000c4   0x00000030   Data   RW         4005    .data               motorcontrol.o
    0x200000f4   0x00000014   Data   RW         4091    .data               button.o
    0x20000108   0x00000066   Data   RW         4139    .data               imu.o
    0x2000016e   0x00000002   PAD
    0x20000170   0x00000008   Data   RW         4319    .data               encoder.o
    0x20000178   0x00000001   Data   RW         4746    .data               mpu6050.o
    0x20000179   0x00000003   PAD
    0x2000017c   0x00000034   Data   RW         6163    .data               kalman.o
    0x200001b0   0x00000016   Zero   RW         3658    .bss                tm_stm32f4_gpio.o
    0x200001c6   0x00000020   Zero   RW         3785    .bss                tm_stm32f4_usart.o
    0x200001e6   0x00000020   Zero   RW         3786    .bss                tm_stm32f4_usart.o
    0x20000206   0x00000020   Zero   RW         3787    .bss                tm_stm32f4_usart.o
    0x20000226   0x00000020   Zero   RW         3788    .bss                tm_stm32f4_usart.o
    0x20000246   0x00000020   Zero   RW         3789    .bss                tm_stm32f4_usart.o
    0x20000266   0x00000020   Zero   RW         3790    .bss                tm_stm32f4_usart.o
    0x20000286   0x00000002   PAD
    0x20000288   0x00000020   Zero   RW         4004    .bss                motorcontrol.o
    0x200002a8   0x00000024   Zero   RW         4137    .bss                imu.o
    0x200002cc   0x00000004   PAD
    0x200002d0   0x00000040   Zero   RW         4318    .bss                encoder.o
    0x20000310   0x000000a0   Zero   RW         4374    .bss                feedback.o
    0x200003b0   0x0000001e   Zero   RW         4744    .bss                mpu6050.o
    0x200003ce   0x00000002   PAD
    0x200003d0   0x00000060   Zero   RW         6323    .bss                c_w.l(libspace.o)
    0x20000430   0x00000200   Zero   RW          378    HEAP                startup_stm32f40xx.o
    0x20000630   0x00000400   Zero   RW          377    STACK               startup_stm32f40xx.o


==============================================================================

Image component sizes


      Code (inc. data)   RO Data    RW Data    ZI Data      Debug   Object Name

       100          8          0         20          0        941   button.o
        60         12          0          8         64       1187   encoder.o
        90         12          0          0        160       2675   feedback.o
      1392        120          0        102         36       6775   imu.o
       188          8          0         52          0       1246   kalman.o
       320         40          0         19          0     320715   main.o
       100          4          0          0          0       1060   misc.o
       628         72          0         48         32     236527   motorcontrol.o
       288         48          0          1         30      16685   mpu6050.o
       732         52          0          0          0       8290   mpu6050_i2c.o
        64         26        392          0       1536        916   startup_stm32f40xx.o
         0          0          0          0          0     233000   stm32f4xx_crc.o
       144         14          0          0          0       2300   stm32f4xx_exti.o
       230          0          0          0          0       4404   stm32f4xx_gpio.o
       356         10          0          0          0       7148   stm32f4xx_i2c.o
       378         54          0         40          0       5940   stm32f4xx_it.o
       264         42          0         16          0       6253   stm32f4xx_rcc.o
        48          6          0          0          0        708   stm32f4xx_syscfg.o
       598         52          0          0          0       9601   stm32f4xx_tim.o
       344         42          0          0          0       2416   stm32f4xx_usart.o
       392         50          0         20          0       2501   system_stm32f4xx.o
       296         16          0          0         22       3291   tm_stm32f4_gpio.o
      1426        240          0         96        192      16392   tm_stm32f4_usart.o

    ----------------------------------------------------------------------
      8464        928        424        432       2080     890971   Object Totals
         0          0         32          0          0          0   (incl. Generated)
        26          0          0         10          8          0   (incl. Padding)

    ----------------------------------------------------------------------

      Code (inc. data)   RO Data    RW Data    ZI Data      Debug   Library Member Name

        90          0          0          0          0          0   __dczerorl2.o
         8          0          0          0          0         68   __main.o
         0          0          0          0          0          0   __rtentry.o
        12          0          0          0          0          0   __rtentry2.o
         6          0          0          0          0          0   __rtentry4.o
        52          8          0          0          0          0   __scatter.o
        28          0          0          0          0          0   __scatter_zi.o
        22          0          0          0          0        100   _rserrno.o
        18          0          0          0          0         80   exit.o
         6          0          0          0          0        152   heapauxi.o
         0          0          0          0          0          0   indicate_semi.o
         2          0          0          0          0          0   libinit.o
         6          0          0          0          0          0   libinit2.o
         2          0          0          0          0          0   libshutdown.o
         2          0          0          0          0          0   libshutdown2.o
         8          4          0          0         96         68   libspace.o
         8          4          0          0          0         68   rt_errno_addr_intlibspace.o
         2          0          0          0          0          0   rtexit.o
        10          0          0          0          0          0   rtexit2.o
        12          4          0          0          0         68   sys_exit.o
        74          0          0          0          0         80   sys_stackheap_outer.o
         2          0          0          0          0         68   use_no_semi.o
        24          0          0          0          0        164   basic.o
        98          4          0          0          0        140   d2f.o
       826         16          0          0          0        492   daddsub_clz.o
       688        140          0          0          0        256   ddiv.o
        46          0          0          0          0        116   dflt_clz.o
       340         12          0          0          0        152   dmul.o
       156          4          0          0          0        140   dnaninf.o
        12          0          0          0          0        116   dretinf.o
       408         56          0          0          0        168   dsqrt_umaal.o
        86          4          0          0          0        132   f2d.o
       140          4          0          0          0        132   fnaninf.o
        10          0          0          0          0        116   fpinit.o
        10          0          0          0          0        116   fretinf.o
         0          0          0          0          0          0   usenofp.o
       728        106        152          0          0        228   atan.o
        52          8          0          0          0        248   dunder.o
        24          0          0          0          0        124   fabs.o
        48          0          0          0          0        124   fpclassify.o
       248          0          0          0          0        152   poly.o
       122          0          0          0          0        148   sqrt.o

    ----------------------------------------------------------------------
      4456        374        152          0         96       4016   Library Totals
        20          0          0          0          0          0   (incl. Padding)

    ----------------------------------------------------------------------

      Code (inc. data)   RO Data    RW Data    ZI Data      Debug   Library Name

       370         20          0          0         96        752   c_w.l
      2844        240          0          0          0       2240   fz_wm.l
      1222        114        152          0          0       1024   m_wm.l

    ----------------------------------------------------------------------
      4456        374        152          0         96       4016   Library Totals

    ----------------------------------------------------------------------

==============================================================================


      Code (inc. data)   RO Data    RW Data    ZI Data      Debug   

     12920       1302        576        432       2176     881327   Grand Totals
     12920       1302        576         64       2176     881327   ELF Image Totals (compressed)
     12920       1302        576         64          0          0   ROM Totals

==============================================================================

    Total RO  Size (Code + RO Data)                13496 (  13.18kB)
    Total RW  Size (RW Data + ZI Data)              2608 (   2.55kB)
    Total ROM Size (Code + RO Data + RW Data)      13560 (  13.24kB)

==============================================================================

